I0517 09:24:24.283143  4286 processor.cc:820] Processor: start processing batch 43562c6f-c561-4e10-a354-3e20fdd18ca4 into model nwt
I0517 09:24:24.311133  4287 processor.cc:925] Processor: complete processing batch b3a4759d-d6bb-466b-a12b-285df63fbaf1 into model nwt
I0517 09:24:24.312075  4287 cuckoo_watch.h:45] 40ms in ProcessBatch(batches/aaaaaf.batch) [including 3ms in LoadMessage; 2ms in InitializeSparseNdw; 0ms in FindReuseThetaCacheEntry; 0ms in InitializeTheta; 0ms in CreateRegularizerAgents; 20ms in InferThetaAndUpdateNwtSparse; 0ms in UpdateCacheEntry; 12ms in CalculateScore(^^^ItemsProcessedScore^^^); ]
I0517 09:24:24.315640  4287 processor.cc:820] Processor: start processing batch 8a140e65-d5b5-45fb-b9d7-f6a88db2b1f3 into model nwt
I0517 09:24:24.320070  4286 processor.cc:925] Processor: complete processing batch 43562c6f-c561-4e10-a354-3e20fdd18ca4 into model nwt
I0517 09:24:24.321074  4286 cuckoo_watch.h:45] 41ms in ProcessBatch(batches/aaaaac.batch) [including 3ms in LoadMessage; 2ms in InitializeSparseNdw; 0ms in FindReuseThetaCacheEntry; 0ms in InitializeTheta; 0ms in CreateRegularizerAgents; 20ms in InferThetaAndUpdateNwtSparse; 0ms in UpdateCacheEntry; 13ms in CalculateScore(^^^ItemsProcessedScore^^^); ]
I0517 09:24:24.324384  4286 processor.cc:820] Processor: start processing batch e35668b5-fa9f-46a8-9037-13ab25a04b64 into model nwt
I0517 09:24:24.353716  4287 processor.cc:925] Processor: complete processing batch 8a140e65-d5b5-45fb-b9d7-f6a88db2b1f3 into model nwt
I0517 09:24:24.354759  4287 cuckoo_watch.h:45] 42ms in ProcessBatch(batches/aaaaai.batch) [including 3ms in LoadMessage; 2ms in InitializeSparseNdw; 0ms in FindReuseThetaCacheEntry; 0ms in InitializeTheta; 0ms in CreateRegularizerAgents; 21ms in InferThetaAndUpdateNwtSparse; 0ms in UpdateCacheEntry; 13ms in CalculateScore(^^^ItemsProcessedScore^^^); ]
I0517 09:24:24.357362  4286 processor.cc:925] Processor: complete processing batch e35668b5-fa9f-46a8-9037-13ab25a04b64 into model nwt
I0517 09:24:24.358597  4286 cuckoo_watch.h:45] 37ms in ProcessBatch(batches/aaaaab.batch) [including 3ms in LoadMessage; 2ms in InitializeSparseNdw; 0ms in FindReuseThetaCacheEntry; 0ms in InitializeTheta; 0ms in CreateRegularizerAgents; 17ms in InferThetaAndUpdateNwtSparse; 0ms in UpdateCacheEntry; 12ms in CalculateScore(^^^ItemsProcessedScore^^^); ]
I0517 09:24:24.359648  4287 processor.cc:820] Processor: start processing batch 6f91bfc0-7782-4d94-900f-12683c63a947 into model nwt
I0517 09:24:24.362951  4286 processor.cc:820] Processor: start processing batch aca6bcc0-c665-4396-ada4-291825dcc108 into model nwt
I0517 09:24:24.413849  4286 processor.cc:925] Processor: complete processing batch aca6bcc0-c665-4396-ada4-291825dcc108 into model nwt
I0517 09:24:24.415139  4286 cuckoo_watch.h:45] 56ms in ProcessBatch(batches/aaaaag.batch) [including 4ms in LoadMessage; 4ms in InitializeSparseNdw; 0ms in FindReuseThetaCacheEntry; 0ms in InitializeTheta; 0ms in CreateRegularizerAgents; 27ms in InferThetaAndUpdateNwtSparse; 0ms in UpdateCacheEntry; 19ms in CalculateScore(^^^ItemsProcessedScore^^^); ]
I0517 09:24:24.423534  4286 processor.cc:820] Processor: start processing batch 887becb6-40ba-4f5d-bd95-f9a1a7c2e333 into model nwt
I0517 09:24:24.433701  4287 processor.cc:925] Processor: complete processing batch 6f91bfc0-7782-4d94-900f-12683c63a947 into model nwt
I0517 09:24:24.435421  4287 cuckoo_watch.h:45] 80ms in ProcessBatch(batches/aaaaaj.batch) [including 4ms in LoadMessage; 6ms in InitializeSparseNdw; 0ms in FindReuseThetaCacheEntry; 0ms in InitializeTheta; 0ms in CreateRegularizerAgents; 38ms in InferThetaAndUpdateNwtSparse; 0ms in UpdateCacheEntry; 28ms in CalculateScore(^^^ItemsProcessedScore^^^); ]
I0517 09:24:24.441952  4287 processor.cc:820] Processor: start processing batch eed1ab66-3d18-4c8f-80ca-06d78577e1b5 into model nwt
I0517 09:24:24.539800  4287 processor.cc:925] Processor: complete processing batch eed1ab66-3d18-4c8f-80ca-06d78577e1b5 into model nwt
I0517 09:24:24.542227  4287 cuckoo_watch.h:45] 106ms in ProcessBatch(batches/aaaaao.batch) [including 6ms in LoadMessage; 8ms in InitializeSparseNdw; 0ms in FindReuseThetaCacheEntry; 0ms in InitializeTheta; 0ms in CreateRegularizerAgents; 51ms in InferThetaAndUpdateNwtSparse; 0ms in UpdateCacheEntry; 37ms in CalculateScore(^^^ItemsProcessedScore^^^); ]
I0517 09:24:24.550973  4287 processor.cc:820] Processor: start processing batch 869c0ce4-6534-42c7-a71d-04a21ed703c9 into model nwt
I0517 09:24:24.560271  4286 processor.cc:925] Processor: complete processing batch 887becb6-40ba-4f5d-bd95-f9a1a7c2e333 into model nwt
I0517 09:24:24.563293  4286 cuckoo_watch.h:45] 148ms in ProcessBatch(batches/aaaaak.batch) [including 8ms in LoadMessage; 13ms in InitializeSparseNdw; 0ms in FindReuseThetaCacheEntry; 0ms in InitializeTheta; 0ms in CreateRegularizerAgents; 69ms in InferThetaAndUpdateNwtSparse; 0ms in UpdateCacheEntry; 53ms in CalculateScore(^^^ItemsProcessedScore^^^); ]
I0517 09:24:24.568776  4286 processor.cc:820] Processor: start processing batch eb16843a-7fac-4a5b-bf92-eb701b64bc2b into model nwt
I0517 09:24:24.666782  4286 processor.cc:925] Processor: complete processing batch eb16843a-7fac-4a5b-bf92-eb701b64bc2b into model nwt
I0517 09:24:24.669008  4286 cuckoo_watch.h:45] 105ms in ProcessBatch(batches/aaaaap.batch) [including 5ms in LoadMessage; 10ms in InitializeSparseNdw; 0ms in FindReuseThetaCacheEntry; 0ms in InitializeTheta; 0ms in CreateRegularizerAgents; 49ms in InferThetaAndUpdateNwtSparse; 0ms in UpdateCacheEntry; 38ms in CalculateScore(^^^ItemsProcessedScore^^^); ]
I0517 09:24:24.677114  4286 processor.cc:820] Processor: start processing batch 24818a70-5de4-4685-9db1-a57472a2f33d into model nwt
I0517 09:24:24.686594  4287 processor.cc:925] Processor: complete processing batch 869c0ce4-6534-42c7-a71d-04a21ed703c9 into model nwt
I0517 09:24:24.689040  4287 cuckoo_watch.h:45] 146ms in ProcessBatch(batches/aaaaal.batch) [including 8ms in LoadMessage; 14ms in InitializeSparseNdw; 0ms in FindReuseThetaCacheEntry; 0ms in InitializeTheta; 0ms in CreateRegularizerAgents; 68ms in InferThetaAndUpdateNwtSparse; 0ms in UpdateCacheEntry; 52ms in CalculateScore(^^^ItemsProcessedScore^^^); ]
I0517 09:24:24.696841  4287 processor.cc:820] Processor: start processing batch 48093719-1230-4be5-9080-959a67aea843 into model nwt
I0517 09:24:24.808025  4286 processor.cc:925] Processor: complete processing batch 24818a70-5de4-4685-9db1-a57472a2f33d into model nwt
I0517 09:24:24.810791  4286 cuckoo_watch.h:45] 141ms in ProcessBatch(batches/aaaaan.batch) [including 8ms in LoadMessage; 11ms in InitializeSparseNdw; 0ms in FindReuseThetaCacheEntry; 0ms in InitializeTheta; 0ms in CreateRegularizerAgents; 62ms in InferThetaAndUpdateNwtSparse; 0ms in UpdateCacheEntry; 57ms in CalculateScore(^^^ItemsProcessedScore^^^); ]
I0517 09:24:24.813410  4286 processor.cc:820] Processor: start processing batch bc8611cc-4bfe-4c0b-94cb-a7f98937890f into model nwt
I0517 09:24:24.837200  4286 processor.cc:925] Processor: complete processing batch bc8611cc-4bfe-4c0b-94cb-a7f98937890f into model nwt
I0517 09:24:24.837996  4286 cuckoo_watch.h:45] 27ms in ProcessBatch(batches/aaaaaq.batch) [including 2ms in LoadMessage; 1ms in InitializeSparseNdw; 0ms in FindReuseThetaCacheEntry; 0ms in InitializeTheta; 0ms in CreateRegularizerAgents; 14ms in InferThetaAndUpdateNwtSparse; 0ms in UpdateCacheEntry; 7ms in CalculateScore(^^^ItemsProcessedScore^^^); ]
I0517 09:24:24.839309  4286 processor.cc:820] Processor: start processing batch 297ddfff-83cb-461d-96d0-7f32e3bd63c5 into model nwt
I0517 09:24:24.843871  4286 processor.cc:925] Processor: complete processing batch 297ddfff-83cb-461d-96d0-7f32e3bd63c5 into model nwt
I0517 09:24:24.844028  4286 cuckoo_watch.h:45] 6ms in ProcessBatch(batches/aaaaar.batch) [including 1ms in LoadMessage; 0ms in InitializeSparseNdw; 0ms in FindReuseThetaCacheEntry; 0ms in InitializeTheta; 0ms in CreateRegularizerAgents; 2ms in InferThetaAndUpdateNwtSparse; 0ms in UpdateCacheEntry; 1ms in CalculateScore(^^^ItemsProcessedScore^^^); ]
I0517 09:24:24.847393  4287 processor.cc:925] Processor: complete processing batch 48093719-1230-4be5-9080-959a67aea843 into model nwt
I0517 09:24:24.849452  4287 cuckoo_watch.h:45] 160ms in ProcessBatch(batches/aaaaam.batch) [including 7ms in LoadMessage; 12ms in InitializeSparseNdw; 0ms in FindReuseThetaCacheEntry; 0ms in InitializeTheta; 0ms in CreateRegularizerAgents; 82ms in InferThetaAndUpdateNwtSparse; 0ms in UpdateCacheEntry; 55ms in CalculateScore(^^^ItemsProcessedScore^^^); ]
I0517 09:24:24.850255  4233 master_component.cc:1436] RegularizeModelArgs: rwt_target_name=rwt, pwt_source_name=pwt, nwt_source_name=nwt
I0517 09:24:24.850265  4233 master_component.cc:976] MasterComponent: start regularizing model pwt
I0517 09:24:24.866894  4286 processor.cc:740] No data in processing queue, waiting...
I0517 09:24:24.870204  4287 processor.cc:740] No data in processing queue, waiting...
I0517 09:24:24.975397  4233 master_component.cc:1002] MasterComponent: complete regularizing model pwt
I0517 09:24:24.975430  4233 master_component.cc:1449] NormalizeModelArgs: pwt_target_name=pwt, nwt_source_name=nwt, rwt_source_name=rwt
I0517 09:24:24.975432  4233 master_component.cc:1006] MasterComponent: start normalizing model nwt
I0517 09:24:25.081400  4233 master_component.cc:1034] MasterComponent: complete normalizing model nwt
I0517 09:24:25.194511  4233 master_component.cc:1473] DisposeModel rwt
I0517 09:24:25.204277  4233 master_component.cc:1059] FitOffline: ItemsProcessed, num_items=1728, num_batches=18, token_weight=808522, token_weight_in_effect=808522
I0517 09:24:25.204550  4233 c_interface.cc:389] Pass FitOfflineMasterModelArgs, batch_filename_size=18, batch_weight_size=18, num_collection_passes=1, reset_nwt=yes to MN4artm4core15MasterComponentEFvRKNS_25FitOfflineMasterModelArgsEE
I0517 09:24:25.204582  4233 master_component.cc:1398] ProcessBatchesArgs: nwt_target_name=nwt, batch_filename_size=18, batch_size=0, batch_weight_size=18, pwt_source_name=pwt, num_document_passes=1, regularizer=(name:1:urn:uuid:9df7968e-b6f1-11eb-93fc-0242ac1c0002, tau:100000), class=(text:1), class=(author:1), reuse_theta=yes, opt_for_avx=yes, predict_class_id=, reset_nwt=yes
I0517 09:24:25.224709  4287 processor.cc:747] Processing queue has data, processing started
I0517 09:24:25.224963  4286 processor.cc:747] Processing queue has data, processing started
I0517 09:24:25.236382  4287 processor.cc:820] Processor: start processing batch 2b83388f-249f-4ed1-b192-0219bc423703 into model nwt
I0517 09:24:25.240207  4286 processor.cc:820] Processor: start processing batch 38a57d2c-0361-456d-bd11-caf5267d02bb into model nwt
I0517 09:24:25.253528  4287 processor.cc:925] Processor: complete processing batch 2b83388f-249f-4ed1-b192-0219bc423703 into model nwt
I0517 09:24:25.253984  4287 cuckoo_watch.h:45] 29ms in ProcessBatch(batches/aaaaaa.batch) [including 11ms in LoadMessage; 1ms in InitializeSparseNdw; 0ms in FindReuseThetaCacheEntry; 0ms in InitializeTheta; 0ms in CreateRegularizerAgents; 10ms in InferThetaAndUpdateNwtSparse; 0ms in UpdateCacheEntry; 5ms in CalculateScore(^^^ItemsProcessedScore^^^); ]
I0517 09:24:25.257871  4287 processor.cc:820] Processor: start processing batch a7515b57-904e-45bd-87be-6b0c7390f055 into model nwt
I0517 09:24:25.272716  4286 processor.cc:925] Processor: complete processing batch 38a57d2c-0361-456d-bd11-caf5267d02bb into model nwt
I0517 09:24:25.273839  4286 cuckoo_watch.h:45] 48ms in ProcessBatch(batches/aaaaae.batch) [including 15ms in LoadMessage; 2ms in InitializeSparseNdw; 0ms in FindReuseThetaCacheEntry; 0ms in InitializeTheta; 0ms in CreateRegularizerAgents; 18ms in InferThetaAndUpdateNwtSparse; 0ms in UpdateCacheEntry; 11ms in CalculateScore(^^^ItemsProcessedScore^^^); ]
I0517 09:24:25.276845  4286 processor.cc:820] Processor: start processing batch e8d7a0bc-ceb5-4186-922e-ba0b54ee7545 into model nwt
I0517 09:24:25.302150  4287 processor.cc:925] Processor: complete processing batch a7515b57-904e-45bd-87be-6b0c7390f055 into model nwt
I0517 09:24:25.303277  4287 cuckoo_watch.h:45] 49ms in ProcessBatch(batches/aaaaah.batch) [including 3ms in LoadMessage; 3ms in InitializeSparseNdw; 0ms in FindReuseThetaCacheEntry; 0ms in InitializeTheta; 0ms in CreateRegularizerAgents; 25ms in InferThetaAndUpdateNwtSparse; 0ms in UpdateCacheEntry; 15ms in CalculateScore(^^^ItemsProcessedScore^^^); ]
I0517 09:24:25.307206  4287 processor.cc:820] Processor: start processing batch b3a4759d-d6bb-466b-a12b-285df63fbaf1 into model nwt
I0517 09:24:25.312922  4286 processor.cc:925] Processor: complete processing batch e8d7a0bc-ceb5-4186-922e-ba0b54ee7545 into model nwt
I0517 09:24:25.314072  4286 cuckoo_watch.h:45] 40ms in ProcessBatch(batches/aaaaad.batch) [including 2ms in LoadMessage; 2ms in InitializeSparseNdw; 0ms in FindReuseThetaCacheEntry; 0ms in InitializeTheta; 0ms in CreateRegularizerAgents; 19ms in InferThetaAndUpdateNwtSparse; 0ms in UpdateCacheEntry; 13ms in CalculateScore(^^^ItemsProcessedScore^^^); ]
I0517 09:24:25.317308  4286 processor.cc:820] Processor: start processing batch 43562c6f-c561-4e10-a354-3e20fdd18ca4 into model nwt
I0517 09:24:25.345199  4287 processor.cc:925] Processor: complete processing batch b3a4759d-d6bb-466b-a12b-285df63fbaf1 into model nwt
I0517 09:24:25.346206  4287 cuckoo_watch.h:45] 42ms in ProcessBatch(batches/aaaaaf.batch) [including 3ms in LoadMessage; 2ms in InitializeSparseNdw; 0ms in FindReuseThetaCacheEntry; 0ms in InitializeTheta; 0ms in CreateRegularizerAgents; 21ms in InferThetaAndUpdateNwtSparse; 0ms in UpdateCacheEntry; 13ms in CalculateScore(^^^ItemsProcessedScore^^^); ]
I0517 09:24:25.349301  4287 processor.cc:820] Processor: start processing batch 8a140e65-d5b5-45fb-b9d7-f6a88db2b1f3 into model nwt
I0517 09:24:25.354476  4286 processor.cc:925] Processor: complete processing batch 43562c6f-c561-4e10-a354-3e20fdd18ca4 into model nwt
I0517 09:24:25.355449  4286 cuckoo_watch.h:45] 41ms in ProcessBatch(batches/aaaaac.batch) [including 3ms in LoadMessage; 2ms in InitializeSparseNdw; 0ms in FindReuseThetaCacheEntry; 0ms in InitializeTheta; 0ms in CreateRegularizerAgents; 20ms in InferThetaAndUpdateNwtSparse; 0ms in UpdateCacheEntry; 14ms in CalculateScore(^^^ItemsProcessedScore^^^); ]
I0517 09:24:25.358723  4286 processor.cc:820] Processor: start processing batch e35668b5-fa9f-46a8-9037-13ab25a04b64 into model nwt
I0517 09:24:25.387603  4287 processor.cc:925] Processor: complete processing batch 8a140e65-d5b5-45fb-b9d7-f6a88db2b1f3 into model nwt
I0517 09:24:25.388752  4287 cuckoo_watch.h:45] 42ms in ProcessBatch(batches/aaaaai.batch) [including 3ms in LoadMessage; 2ms in InitializeSparseNdw; 0ms in FindReuseThetaCacheEntry; 0ms in InitializeTheta; 0ms in CreateRegularizerAgents; 21ms in InferThetaAndUpdateNwtSparse; 0ms in UpdateCacheEntry; 14ms in CalculateScore(^^^ItemsProcessedScore^^^); ]
I0517 09:24:25.392110  4286 processor.cc:925] Processor: complete processing batch e35668b5-fa9f-46a8-9037-13ab25a04b64 into model nwt
I0517 09:24:25.393246  4286 cuckoo_watch.h:45] 37ms in ProcessBatch(batches/aaaaab.batch) [including 3ms in LoadMessage; 2ms in InitializeSparseNdw; 0ms in FindReuseThetaCacheEntry; 0ms in InitializeTheta; 0ms in CreateRegularizerAgents; 17ms in InferThetaAndUpdateNwtSparse; 0ms in UpdateCacheEntry; 13ms in CalculateScore(^^^ItemsProcessedScore^^^); ]
I0517 09:24:25.394906  4287 processor.cc:820] Processor: start processing batch 6f91bfc0-7782-4d94-900f-12683c63a947 into model nwt
I0517 09:24:25.397192  4286 processor.cc:820] Processor: start processing batch aca6bcc0-c665-4396-ada4-291825dcc108 into model nwt
I0517 09:24:25.449700  4286 processor.cc:925] Processor: complete processing batch aca6bcc0-c665-4396-ada4-291825dcc108 into model nwt
I0517 09:24:25.451179  4286 cuckoo_watch.h:45] 57ms in ProcessBatch(batches/aaaaag.batch) [including 3ms in LoadMessage; 4ms in InitializeSparseNdw; 0ms in FindReuseThetaCacheEntry; 0ms in InitializeTheta; 0ms in CreateRegularizerAgents; 28ms in InferThetaAndUpdateNwtSparse; 0ms in UpdateCacheEntry; 19ms in CalculateScore(^^^ItemsProcessedScore^^^); ]
I0517 09:24:25.461284  4286 processor.cc:820] Processor: start processing batch 887becb6-40ba-4f5d-bd95-f9a1a7c2e333 into model nwt
I0517 09:24:25.468226  4287 processor.cc:925] Processor: complete processing batch 6f91bfc0-7782-4d94-900f-12683c63a947 into model nwt
I0517 09:24:25.469946  4287 cuckoo_watch.h:45] 81ms in ProcessBatch(batches/aaaaaj.batch) [including 6ms in LoadMessage; 6ms in InitializeSparseNdw; 0ms in FindReuseThetaCacheEntry; 0ms in InitializeTheta; 0ms in CreateRegularizerAgents; 37ms in InferThetaAndUpdateNwtSparse; 0ms in UpdateCacheEntry; 28ms in CalculateScore(^^^ItemsProcessedScore^^^); ]
I0517 09:24:25.476629  4287 processor.cc:820] Processor: start processing batch eed1ab66-3d18-4c8f-80ca-06d78577e1b5 into model nwt
I0517 09:24:25.577728  4287 processor.cc:925] Processor: complete processing batch eed1ab66-3d18-4c8f-80ca-06d78577e1b5 into model nwt
I0517 09:24:25.580358  4287 cuckoo_watch.h:45] 110ms in ProcessBatch(batches/aaaaao.batch) [including 6ms in LoadMessage; 8ms in InitializeSparseNdw; 0ms in FindReuseThetaCacheEntry; 0ms in InitializeTheta; 0ms in CreateRegularizerAgents; 51ms in InferThetaAndUpdateNwtSparse; 0ms in UpdateCacheEntry; 40ms in CalculateScore(^^^ItemsProcessedScore^^^); ]
I0517 09:24:25.588913  4287 processor.cc:820] Processor: start processing batch 869c0ce4-6534-42c7-a71d-04a21ed703c9 into model nwt
I0517 09:24:25.602165  4286 processor.cc:925] Processor: complete processing batch 887becb6-40ba-4f5d-bd95-f9a1a7c2e333 into model nwt
I0517 09:24:25.605177  4286 cuckoo_watch.h:45] 153ms in ProcessBatch(batches/aaaaak.batch) [including 10ms in LoadMessage; 14ms in InitializeSparseNdw; 0ms in FindReuseThetaCacheEntry; 0ms in InitializeTheta; 0ms in CreateRegularizerAgents; 70ms in InferThetaAndUpdateNwtSparse; 0ms in UpdateCacheEntry; 56ms in CalculateScore(^^^ItemsProcessedScore^^^); ]
I0517 09:24:25.611603  4286 processor.cc:820] Processor: start processing batch eb16843a-7fac-4a5b-bf92-eb701b64bc2b into model nwt
I0517 09:24:25.705598  4286 processor.cc:925] Processor: complete processing batch eb16843a-7fac-4a5b-bf92-eb701b64bc2b into model nwt
I0517 09:24:25.707716  4286 cuckoo_watch.h:45] 102ms in ProcessBatch(batches/aaaaap.batch) [including 6ms in LoadMessage; 8ms in InitializeSparseNdw; 0ms in FindReuseThetaCacheEntry; 0ms in InitializeTheta; 0ms in CreateRegularizerAgents; 50ms in InferThetaAndUpdateNwtSparse; 0ms in UpdateCacheEntry; 35ms in CalculateScore(^^^ItemsProcessedScore^^^); ]
I0517 09:24:25.715914  4286 processor.cc:820] Processor: start processing batch 24818a70-5de4-4685-9db1-a57472a2f33d into model nwt
I0517 09:24:25.720321  4287 processor.cc:925] Processor: complete processing batch 869c0ce4-6534-42c7-a71d-04a21ed703c9 into model nwt
I0517 09:24:25.723073  4287 cuckoo_watch.h:45] 142ms in ProcessBatch(batches/aaaaal.batch) [including 8ms in LoadMessage; 13ms in InitializeSparseNdw; 0ms in FindReuseThetaCacheEntry; 0ms in InitializeTheta; 0ms in CreateRegularizerAgents; 67ms in InferThetaAndUpdateNwtSparse; 0ms in UpdateCacheEntry; 50ms in CalculateScore(^^^ItemsProcessedScore^^^); ]
I0517 09:24:25.731191  4287 processor.cc:820] Processor: start processing batch 48093719-1230-4be5-9080-959a67aea843 into model nwt
I0517 09:24:25.837762  4286 processor.cc:925] Processor: complete processing batch 24818a70-5de4-4685-9db1-a57472a2f33d into model nwt
I0517 09:24:25.840204  4286 cuckoo_watch.h:45] 132ms in ProcessBatch(batches/aaaaan.batch) [including 8ms in LoadMessage; 12ms in InitializeSparseNdw; 0ms in FindReuseThetaCacheEntry; 0ms in InitializeTheta; 0ms in CreateRegularizerAgents; 63ms in InferThetaAndUpdateNwtSparse; 0ms in UpdateCacheEntry; 45ms in CalculateScore(^^^ItemsProcessedScore^^^); ]
I0517 09:24:25.843207  4286 processor.cc:820] Processor: start processing batch bc8611cc-4bfe-4c0b-94cb-a7f98937890f into model nwt
I0517 09:24:25.868676  4286 processor.cc:925] Processor: complete processing batch bc8611cc-4bfe-4c0b-94cb-a7f98937890f into model nwt
I0517 09:24:25.869644  4286 cuckoo_watch.h:45] 29ms in ProcessBatch(batches/aaaaaq.batch) [including 2ms in LoadMessage; 1ms in InitializeSparseNdw; 0ms in FindReuseThetaCacheEntry; 0ms in InitializeTheta; 0ms in CreateRegularizerAgents; 15ms in InferThetaAndUpdateNwtSparse; 0ms in UpdateCacheEntry; 7ms in CalculateScore(^^^ItemsProcessedScore^^^); ]
I0517 09:24:25.870326  4287 processor.cc:925] Processor: complete processing batch 48093719-1230-4be5-9080-959a67aea843 into model nwt
I0517 09:24:25.871201  4286 processor.cc:820] Processor: start processing batch 297ddfff-83cb-461d-96d0-7f32e3bd63c5 into model nwt
I0517 09:24:25.873164  4287 cuckoo_watch.h:45] 150ms in ProcessBatch(batches/aaaaam.batch) [including 8ms in LoadMessage; 12ms in InitializeSparseNdw; 0ms in FindReuseThetaCacheEntry; 0ms in InitializeTheta; 0ms in CreateRegularizerAgents; 70ms in InferThetaAndUpdateNwtSparse; 0ms in UpdateCacheEntry; 55ms in CalculateScore(^^^ItemsProcessedScore^^^); ]
I0517 09:24:25.875149  4286 processor.cc:925] Processor: complete processing batch 297ddfff-83cb-461d-96d0-7f32e3bd63c5 into model nwt
I0517 09:24:25.875242  4286 cuckoo_watch.h:45] 5ms in ProcessBatch(batches/aaaaar.batch) [including 1ms in LoadMessage; 0ms in InitializeSparseNdw; 0ms in FindReuseThetaCacheEntry; 0ms in InitializeTheta; 0ms in CreateRegularizerAgents; 2ms in InferThetaAndUpdateNwtSparse; 0ms in UpdateCacheEntry; 0ms in CalculateScore(^^^ItemsProcessedScore^^^); ]
I0517 09:24:25.875432  4233 master_component.cc:1436] RegularizeModelArgs: rwt_target_name=rwt, pwt_source_name=pwt, nwt_source_name=nwt
I0517 09:24:25.875437  4233 master_component.cc:976] MasterComponent: start regularizing model pwt
I0517 09:24:25.895658  4286 processor.cc:740] No data in processing queue, waiting...
I0517 09:24:25.897866  4287 processor.cc:740] No data in processing queue, waiting...
I0517 09:24:26.001737  4233 master_component.cc:1002] MasterComponent: complete regularizing model pwt
I0517 09:24:26.001772  4233 master_component.cc:1449] NormalizeModelArgs: pwt_target_name=pwt, nwt_source_name=nwt, rwt_source_name=rwt
I0517 09:24:26.001775  4233 master_component.cc:1006] MasterComponent: start normalizing model nwt
I0517 09:24:26.112118  4233 master_component.cc:1034] MasterComponent: complete normalizing model nwt
I0517 09:24:26.224037  4233 master_component.cc:1473] DisposeModel rwt
I0517 09:24:26.234158  4233 master_component.cc:1059] FitOffline: ItemsProcessed, num_items=1728, num_batches=18, token_weight=808522, token_weight_in_effect=808522
I0517 09:24:26.234436  4233 c_interface.cc:389] Pass FitOfflineMasterModelArgs, batch_filename_size=18, batch_weight_size=18, num_collection_passes=1, reset_nwt=yes to MN4artm4core15MasterComponentEFvRKNS_25FitOfflineMasterModelArgsEE
I0517 09:24:26.234459  4233 master_component.cc:1398] ProcessBatchesArgs: nwt_target_name=nwt, batch_filename_size=18, batch_size=0, batch_weight_size=18, pwt_source_name=pwt, num_document_passes=1, regularizer=(name:1:urn:uuid:9df7968e-b6f1-11eb-93fc-0242ac1c0002, tau:100000), class=(text:1), class=(author:1), reuse_theta=yes, opt_for_avx=yes, predict_class_id=, reset_nwt=yes
I0517 09:24:26.260071  4286 processor.cc:747] Processing queue has data, processing started
I0517 09:24:26.260325  4287 processor.cc:747] Processing queue has data, processing started
I0517 09:24:26.265066  4286 processor.cc:820] Processor: start processing batch 2b83388f-249f-4ed1-b192-0219bc423703 into model nwt
I0517 09:24:26.267385  4287 processor.cc:820] Processor: start processing batch 38a57d2c-0361-456d-bd11-caf5267d02bb into model nwt
I0517 09:24:26.281316  4286 processor.cc:925] Processor: complete processing batch 2b83388f-249f-4ed1-b192-0219bc423703 into model nwt
I0517 09:24:26.281798  4286 cuckoo_watch.h:45] 21ms in ProcessBatch(batches/aaaaaa.batch) [including 4ms in LoadMessage; 0ms in InitializeSparseNdw; 0ms in FindReuseThetaCacheEntry; 0ms in InitializeTheta; 0ms in CreateRegularizerAgents; 9ms in InferThetaAndUpdateNwtSparse; 0ms in UpdateCacheEntry; 5ms in CalculateScore(^^^ItemsProcessedScore^^^); ]
I0517 09:24:26.285764  4286 processor.cc:820] Processor: start processing batch a7515b57-904e-45bd-87be-6b0c7390f055 into model nwt
I0517 09:24:26.299250  4287 processor.cc:925] Processor: complete processing batch 38a57d2c-0361-456d-bd11-caf5267d02bb into model nwt
I0517 09:24:26.300177  4287 cuckoo_watch.h:45] 39ms in ProcessBatch(batches/aaaaae.batch) [including 7ms in LoadMessage; 2ms in InitializeSparseNdw; 0ms in FindReuseThetaCacheEntry; 0ms in InitializeTheta; 0ms in CreateRegularizerAgents; 18ms in InferThetaAndUpdateNwtSparse; 0ms in UpdateCacheEntry; 11ms in CalculateScore(^^^ItemsProcessedScore^^^); ]
I0517 09:24:26.303035  4287 processor.cc:820] Processor: start processing batch e8d7a0bc-ceb5-4186-922e-ba0b54ee7545 into model nwt
I0517 09:24:26.330423  4286 processor.cc:925] Processor: complete processing batch a7515b57-904e-45bd-87be-6b0c7390f055 into model nwt
I0517 09:24:26.331540  4286 cuckoo_watch.h:45] 49ms in ProcessBatch(batches/aaaaah.batch) [including 3ms in LoadMessage; 3ms in InitializeSparseNdw; 0ms in FindReuseThetaCacheEntry; 0ms in InitializeTheta; 0ms in CreateRegularizerAgents; 25ms in InferThetaAndUpdateNwtSparse; 0ms in UpdateCacheEntry; 15ms in CalculateScore(^^^ItemsProcessedScore^^^); ]
I0517 09:24:26.335273  4286 processor.cc:820] Processor: start processing batch b3a4759d-d6bb-466b-a12b-285df63fbaf1 into model nwt
I0517 09:24:26.338439  4287 processor.cc:925] Processor: complete processing batch e8d7a0bc-ceb5-4186-922e-ba0b54ee7545 into model nwt
I0517 09:24:26.339359  4287 cuckoo_watch.h:45] 39ms in ProcessBatch(batches/aaaaad.batch) [including 2ms in LoadMessage; 2ms in InitializeSparseNdw; 0ms in FindReuseThetaCacheEntry; 0ms in InitializeTheta; 0ms in CreateRegularizerAgents; 20ms in InferThetaAndUpdateNwtSparse; 0ms in UpdateCacheEntry; 12ms in CalculateScore(^^^ItemsProcessedScore^^^); ]
I0517 09:24:26.342507  4287 processor.cc:820] Processor: start processing batch 43562c6f-c561-4e10-a354-3e20fdd18ca4 into model nwt
I0517 09:24:26.374723  4286 processor.cc:925] Processor: complete processing batch b3a4759d-d6bb-466b-a12b-285df63fbaf1 into model nwt
I0517 09:24:26.375854  4286 cuckoo_watch.h:45] 44ms in ProcessBatch(batches/aaaaaf.batch) [including 3ms in LoadMessage; 2ms in InitializeSparseNdw; 0ms in FindReuseThetaCacheEntry; 0ms in InitializeTheta; 0ms in CreateRegularizerAgents; 21ms in InferThetaAndUpdateNwtSparse; 0ms in UpdateCacheEntry; 15ms in CalculateScore(^^^ItemsProcessedScore^^^); ]
I0517 09:24:26.379154  4286 processor.cc:820] Processor: start processing batch 8a140e65-d5b5-45fb-b9d7-f6a88db2b1f3 into model nwt
I0517 09:24:26.379595  4287 processor.cc:925] Processor: complete processing batch 43562c6f-c561-4e10-a354-3e20fdd18ca4 into model nwt
I0517 09:24:26.380592  4287 cuckoo_watch.h:45] 41ms in ProcessBatch(batches/aaaaac.batch) [including 3ms in LoadMessage; 2ms in InitializeSparseNdw; 0ms in FindReuseThetaCacheEntry; 0ms in InitializeTheta; 0ms in CreateRegularizerAgents; 20ms in InferThetaAndUpdateNwtSparse; 0ms in UpdateCacheEntry; 14ms in CalculateScore(^^^ItemsProcessedScore^^^); ]
I0517 09:24:26.383594  4287 processor.cc:820] Processor: start processing batch e35668b5-fa9f-46a8-9037-13ab25a04b64 into model nwt
I0517 09:24:26.416190  4287 processor.cc:925] Processor: complete processing batch e35668b5-fa9f-46a8-9037-13ab25a04b64 into model nwt
I0517 09:24:26.418185  4287 cuckoo_watch.h:45] 37ms in ProcessBatch(batches/aaaaab.batch) [including 2ms in LoadMessage; 2ms in InitializeSparseNdw; 0ms in FindReuseThetaCacheEntry; 0ms in InitializeTheta; 0ms in CreateRegularizerAgents; 17ms in InferThetaAndUpdateNwtSparse; 0ms in UpdateCacheEntry; 12ms in CalculateScore(^^^ItemsProcessedScore^^^); ]
I0517 09:24:26.419626  4286 processor.cc:925] Processor: complete processing batch 8a140e65-d5b5-45fb-b9d7-f6a88db2b1f3 into model nwt
I0517 09:24:26.421021  4286 cuckoo_watch.h:45] 45ms in ProcessBatch(batches/aaaaai.batch) [including 3ms in LoadMessage; 3ms in InitializeSparseNdw; 0ms in FindReuseThetaCacheEntry; 0ms in InitializeTheta; 0ms in CreateRegularizerAgents; 21ms in InferThetaAndUpdateNwtSparse; 0ms in UpdateCacheEntry; 15ms in CalculateScore(^^^ItemsProcessedScore^^^); ]
I0517 09:24:26.425071  4286 processor.cc:820] Processor: start processing batch aca6bcc0-c665-4396-ada4-291825dcc108 into model nwt
I0517 09:24:26.425087  4287 processor.cc:820] Processor: start processing batch 6f91bfc0-7782-4d94-900f-12683c63a947 into model nwt
I0517 09:24:26.479660  4286 processor.cc:925] Processor: complete processing batch aca6bcc0-c665-4396-ada4-291825dcc108 into model nwt
I0517 09:24:26.481127  4286 cuckoo_watch.h:45] 60ms in ProcessBatch(batches/aaaaag.batch) [including 4ms in LoadMessage; 4ms in InitializeSparseNdw; 0ms in FindReuseThetaCacheEntry; 0ms in InitializeTheta; 0ms in CreateRegularizerAgents; 29ms in InferThetaAndUpdateNwtSparse; 0ms in UpdateCacheEntry; 20ms in CalculateScore(^^^ItemsProcessedScore^^^); ]
I0517 09:24:26.491156  4286 processor.cc:820] Processor: start processing batch 887becb6-40ba-4f5d-bd95-f9a1a7c2e333 into model nwt
I0517 09:24:26.501509  4287 processor.cc:925] Processor: complete processing batch 6f91bfc0-7782-4d94-900f-12683c63a947 into model nwt
I0517 09:24:26.503558  4287 cuckoo_watch.h:45] 85ms in ProcessBatch(batches/aaaaaj.batch) [including 6ms in LoadMessage; 6ms in InitializeSparseNdw; 0ms in FindReuseThetaCacheEntry; 0ms in InitializeTheta; 0ms in CreateRegularizerAgents; 39ms in InferThetaAndUpdateNwtSparse; 0ms in UpdateCacheEntry; 29ms in CalculateScore(^^^ItemsProcessedScore^^^); ]
I0517 09:24:26.509443  4287 processor.cc:820] Processor: start processing batch eed1ab66-3d18-4c8f-80ca-06d78577e1b5 into model nwt
I0517 09:24:26.608635  4287 processor.cc:925] Processor: complete processing batch eed1ab66-3d18-4c8f-80ca-06d78577e1b5 into model nwt
I0517 09:24:26.610998  4287 cuckoo_watch.h:45] 107ms in ProcessBatch(batches/aaaaao.batch) [including 5ms in LoadMessage; 8ms in InitializeSparseNdw; 0ms in FindReuseThetaCacheEntry; 0ms in InitializeTheta; 0ms in CreateRegularizerAgents; 51ms in InferThetaAndUpdateNwtSparse; 0ms in UpdateCacheEntry; 39ms in CalculateScore(^^^ItemsProcessedScore^^^); ]
I0517 09:24:26.618335  4287 processor.cc:820] Processor: start processing batch 869c0ce4-6534-42c7-a71d-04a21ed703c9 into model nwt
I0517 09:24:26.636020  4286 processor.cc:925] Processor: complete processing batch 887becb6-40ba-4f5d-bd95-f9a1a7c2e333 into model nwt
I0517 09:24:26.638916  4286 cuckoo_watch.h:45] 157ms in ProcessBatch(batches/aaaaak.batch) [including 9ms in LoadMessage; 15ms in InitializeSparseNdw; 0ms in FindReuseThetaCacheEntry; 0ms in InitializeTheta; 0ms in CreateRegularizerAgents; 73ms in InferThetaAndUpdateNwtSparse; 0ms in UpdateCacheEntry; 56ms in CalculateScore(^^^ItemsProcessedScore^^^); ]
I0517 09:24:26.645166  4286 processor.cc:820] Processor: start processing batch eb16843a-7fac-4a5b-bf92-eb701b64bc2b into model nwt
I0517 09:24:26.739362  4286 processor.cc:925] Processor: complete processing batch eb16843a-7fac-4a5b-bf92-eb701b64bc2b into model nwt
I0517 09:24:26.741454  4286 cuckoo_watch.h:45] 102ms in ProcessBatch(batches/aaaaap.batch) [including 6ms in LoadMessage; 8ms in InitializeSparseNdw; 0ms in FindReuseThetaCacheEntry; 0ms in InitializeTheta; 0ms in CreateRegularizerAgents; 51ms in InferThetaAndUpdateNwtSparse; 0ms in UpdateCacheEntry; 34ms in CalculateScore(^^^ItemsProcessedScore^^^); ]
I0517 09:24:26.749143  4286 processor.cc:820] Processor: start processing batch 24818a70-5de4-4685-9db1-a57472a2f33d into model nwt
I0517 09:24:26.755365  4287 processor.cc:925] Processor: complete processing batch 869c0ce4-6534-42c7-a71d-04a21ed703c9 into model nwt
I0517 09:24:26.758265  4287 cuckoo_watch.h:45] 147ms in ProcessBatch(batches/aaaaal.batch) [including 7ms in LoadMessage; 13ms in InitializeSparseNdw; 0ms in FindReuseThetaCacheEntry; 0ms in InitializeTheta; 0ms in CreateRegularizerAgents; 70ms in InferThetaAndUpdateNwtSparse; 0ms in UpdateCacheEntry; 53ms in CalculateScore(^^^ItemsProcessedScore^^^); ]
I0517 09:24:26.765594  4287 processor.cc:820] Processor: start processing batch 48093719-1230-4be5-9080-959a67aea843 into model nwt
I0517 09:24:26.878499  4286 processor.cc:925] Processor: complete processing batch 24818a70-5de4-4685-9db1-a57472a2f33d into model nwt
I0517 09:24:26.881243  4286 cuckoo_watch.h:45] 139ms in ProcessBatch(batches/aaaaan.batch) [including 7ms in LoadMessage; 12ms in InitializeSparseNdw; 0ms in FindReuseThetaCacheEntry; 0ms in InitializeTheta; 0ms in CreateRegularizerAgents; 68ms in InferThetaAndUpdateNwtSparse; 0ms in UpdateCacheEntry; 47ms in CalculateScore(^^^ItemsProcessedScore^^^); ]
I0517 09:24:26.884754  4286 processor.cc:820] Processor: start processing batch bc8611cc-4bfe-4c0b-94cb-a7f98937890f into model nwt
I0517 09:24:26.906795  4287 processor.cc:925] Processor: complete processing batch 48093719-1230-4be5-9080-959a67aea843 into model nwt
I0517 09:24:26.908669  4286 processor.cc:925] Processor: complete processing batch bc8611cc-4bfe-4c0b-94cb-a7f98937890f into model nwt
I0517 09:24:26.909466  4286 cuckoo_watch.h:45] 28ms in ProcessBatch(batches/aaaaaq.batch) [including 3ms in LoadMessage; 1ms in InitializeSparseNdw; 0ms in FindReuseThetaCacheEntry; 0ms in InitializeTheta; 0ms in CreateRegularizerAgents; 13ms in InferThetaAndUpdateNwtSparse; 0ms in UpdateCacheEntry; 8ms in CalculateScore(^^^ItemsProcessedScore^^^); ]
I0517 09:24:26.910373  4287 cuckoo_watch.h:45] 152ms in ProcessBatch(batches/aaaaam.batch) [including 7ms in LoadMessage; 12ms in InitializeSparseNdw; 0ms in FindReuseThetaCacheEntry; 0ms in InitializeTheta; 0ms in CreateRegularizerAgents; 73ms in InferThetaAndUpdateNwtSparse; 0ms in UpdateCacheEntry; 54ms in CalculateScore(^^^ItemsProcessedScore^^^); ]
I0517 09:24:26.911222  4286 processor.cc:820] Processor: start processing batch 297ddfff-83cb-461d-96d0-7f32e3bd63c5 into model nwt
I0517 09:24:26.915478  4286 processor.cc:925] Processor: complete processing batch 297ddfff-83cb-461d-96d0-7f32e3bd63c5 into model nwt
I0517 09:24:26.915570  4286 cuckoo_watch.h:45] 6ms in ProcessBatch(batches/aaaaar.batch) [including 1ms in LoadMessage; 0ms in InitializeSparseNdw; 0ms in FindReuseThetaCacheEntry; 0ms in InitializeTheta; 0ms in CreateRegularizerAgents; 2ms in InferThetaAndUpdateNwtSparse; 0ms in UpdateCacheEntry; 1ms in CalculateScore(^^^ItemsProcessedScore^^^); ]
I0517 09:24:26.916549  4233 master_component.cc:1436] RegularizeModelArgs: rwt_target_name=rwt, pwt_source_name=pwt, nwt_source_name=nwt
I0517 09:24:26.916561  4233 master_component.cc:976] MasterComponent: start regularizing model pwt
I0517 09:24:26.931044  4287 processor.cc:740] No data in processing queue, waiting...
I0517 09:24:26.936475  4286 processor.cc:740] No data in processing queue, waiting...
I0517 09:24:27.044368  4233 master_component.cc:1002] MasterComponent: complete regularizing model pwt
I0517 09:24:27.044404  4233 master_component.cc:1449] NormalizeModelArgs: pwt_target_name=pwt, nwt_source_name=nwt, rwt_source_name=rwt
I0517 09:24:27.044405  4233 master_component.cc:1006] MasterComponent: start normalizing model nwt
I0517 09:24:27.158344  4233 master_component.cc:1034] MasterComponent: complete normalizing model nwt
I0517 09:24:27.282222  4233 master_component.cc:1473] DisposeModel rwt
I0517 09:24:27.292707  4233 master_component.cc:1059] FitOffline: ItemsProcessed, num_items=1728, num_batches=18, token_weight=808522, token_weight_in_effect=808522
I0517 09:24:27.293022  4233 c_interface.cc:389] Pass FitOfflineMasterModelArgs, batch_filename_size=18, batch_weight_size=18, num_collection_passes=1, reset_nwt=yes to MN4artm4core15MasterComponentEFvRKNS_25FitOfflineMasterModelArgsEE
I0517 09:24:27.293053  4233 master_component.cc:1398] ProcessBatchesArgs: nwt_target_name=nwt, batch_filename_size=18, batch_size=0, batch_weight_size=18, pwt_source_name=pwt, num_document_passes=1, regularizer=(name:1:urn:uuid:9df7968e-b6f1-11eb-93fc-0242ac1c0002, tau:100000), class=(text:1), class=(author:1), reuse_theta=yes, opt_for_avx=yes, predict_class_id=, reset_nwt=yes
I0517 09:24:27.313258  4286 processor.cc:747] Processing queue has data, processing started
I0517 09:24:27.313536  4287 processor.cc:747] Processing queue has data, processing started
I0517 09:24:27.318327  4286 processor.cc:820] Processor: start processing batch 2b83388f-249f-4ed1-b192-0219bc423703 into model nwt
I0517 09:24:27.320111  4287 processor.cc:820] Processor: start processing batch 38a57d2c-0361-456d-bd11-caf5267d02bb into model nwt
I0517 09:24:27.336630  4286 processor.cc:925] Processor: complete processing batch 2b83388f-249f-4ed1-b192-0219bc423703 into model nwt
I0517 09:24:27.337146  4286 cuckoo_watch.h:45] 23ms in ProcessBatch(batches/aaaaaa.batch) [including 5ms in LoadMessage; 1ms in InitializeSparseNdw; 0ms in FindReuseThetaCacheEntry; 0ms in InitializeTheta; 0ms in CreateRegularizerAgents; 10ms in InferThetaAndUpdateNwtSparse; 0ms in UpdateCacheEntry; 5ms in CalculateScore(^^^ItemsProcessedScore^^^); ]
I0517 09:24:27.340734  4286 processor.cc:820] Processor: start processing batch a7515b57-904e-45bd-87be-6b0c7390f055 into model nwt
I0517 09:24:27.353194  4287 processor.cc:925] Processor: complete processing batch 38a57d2c-0361-456d-bd11-caf5267d02bb into model nwt
I0517 09:24:27.354090  4287 cuckoo_watch.h:45] 40ms in ProcessBatch(batches/aaaaae.batch) [including 6ms in LoadMessage; 2ms in InitializeSparseNdw; 0ms in FindReuseThetaCacheEntry; 0ms in InitializeTheta; 0ms in CreateRegularizerAgents; 19ms in InferThetaAndUpdateNwtSparse; 0ms in UpdateCacheEntry; 11ms in CalculateScore(^^^ItemsProcessedScore^^^); ]
I0517 09:24:27.357412  4287 processor.cc:820] Processor: start processing batch e8d7a0bc-ceb5-4186-922e-ba0b54ee7545 into model nwt
I0517 09:24:27.386788  4286 processor.cc:925] Processor: complete processing batch a7515b57-904e-45bd-87be-6b0c7390f055 into model nwt
I0517 09:24:27.388070  4286 cuckoo_watch.h:45] 50ms in ProcessBatch(batches/aaaaah.batch) [including 3ms in LoadMessage; 3ms in InitializeSparseNdw; 0ms in FindReuseThetaCacheEntry; 0ms in InitializeTheta; 0ms in CreateRegularizerAgents; 25ms in InferThetaAndUpdateNwtSparse; 0ms in UpdateCacheEntry; 16ms in CalculateScore(^^^ItemsProcessedScore^^^); ]
I0517 09:24:27.391788  4286 processor.cc:820] Processor: start processing batch b3a4759d-d6bb-466b-a12b-285df63fbaf1 into model nwt
I0517 09:24:27.394502  4287 processor.cc:925] Processor: complete processing batch e8d7a0bc-ceb5-4186-922e-ba0b54ee7545 into model nwt
I0517 09:24:27.395529  4287 cuckoo_watch.h:45] 41ms in ProcessBatch(batches/aaaaad.batch) [including 3ms in LoadMessage; 2ms in InitializeSparseNdw; 0ms in FindReuseThetaCacheEntry; 0ms in InitializeTheta; 0ms in CreateRegularizerAgents; 19ms in InferThetaAndUpdateNwtSparse; 0ms in UpdateCacheEntry; 14ms in CalculateScore(^^^ItemsProcessedScore^^^); ]
I0517 09:24:27.398870  4287 processor.cc:820] Processor: start processing batch 43562c6f-c561-4e10-a354-3e20fdd18ca4 into model nwt
I0517 09:24:27.431172  4286 processor.cc:925] Processor: complete processing batch b3a4759d-d6bb-466b-a12b-285df63fbaf1 into model nwt
I0517 09:24:27.432273  4286 cuckoo_watch.h:45] 44ms in ProcessBatch(batches/aaaaaf.batch) [including 3ms in LoadMessage; 2ms in InitializeSparseNdw; 0ms in FindReuseThetaCacheEntry; 0ms in InitializeTheta; 0ms in CreateRegularizerAgents; 21ms in InferThetaAndUpdateNwtSparse; 0ms in UpdateCacheEntry; 14ms in CalculateScore(^^^ItemsProcessedScore^^^); ]
I0517 09:24:27.435132  4287 processor.cc:925] Processor: complete processing batch 43562c6f-c561-4e10-a354-3e20fdd18ca4 into model nwt
I0517 09:24:27.435453  4286 processor.cc:820] Processor: start processing batch 8a140e65-d5b5-45fb-b9d7-f6a88db2b1f3 into model nwt
I0517 09:24:27.436324  4287 cuckoo_watch.h:45] 40ms in ProcessBatch(batches/aaaaac.batch) [including 3ms in LoadMessage; 2ms in InitializeSparseNdw; 0ms in FindReuseThetaCacheEntry; 0ms in InitializeTheta; 0ms in CreateRegularizerAgents; 19ms in InferThetaAndUpdateNwtSparse; 0ms in UpdateCacheEntry; 13ms in CalculateScore(^^^ItemsProcessedScore^^^); ]
I0517 09:24:27.439265  4287 processor.cc:820] Processor: start processing batch e35668b5-fa9f-46a8-9037-13ab25a04b64 into model nwt
I0517 09:24:27.470624  4287 processor.cc:925] Processor: complete processing batch e35668b5-fa9f-46a8-9037-13ab25a04b64 into model nwt
I0517 09:24:27.471560  4287 cuckoo_watch.h:45] 35ms in ProcessBatch(batches/aaaaab.batch) [including 2ms in LoadMessage; 2ms in InitializeSparseNdw; 0ms in FindReuseThetaCacheEntry; 0ms in InitializeTheta; 0ms in CreateRegularizerAgents; 17ms in InferThetaAndUpdateNwtSparse; 0ms in UpdateCacheEntry; 11ms in CalculateScore(^^^ItemsProcessedScore^^^); ]
I0517 09:24:27.474506  4286 processor.cc:925] Processor: complete processing batch 8a140e65-d5b5-45fb-b9d7-f6a88db2b1f3 into model nwt
I0517 09:24:27.475725  4286 cuckoo_watch.h:45] 43ms in ProcessBatch(batches/aaaaai.batch) [including 3ms in LoadMessage; 3ms in InitializeSparseNdw; 0ms in FindReuseThetaCacheEntry; 0ms in InitializeTheta; 0ms in CreateRegularizerAgents; 21ms in InferThetaAndUpdateNwtSparse; 0ms in UpdateCacheEntry; 14ms in CalculateScore(^^^ItemsProcessedScore^^^); ]
I0517 09:24:27.478140  4287 processor.cc:820] Processor: start processing batch 6f91bfc0-7782-4d94-900f-12683c63a947 into model nwt
I0517 09:24:27.479775  4286 processor.cc:820] Processor: start processing batch aca6bcc0-c665-4396-ada4-291825dcc108 into model nwt
I0517 09:24:27.533869  4286 processor.cc:925] Processor: complete processing batch aca6bcc0-c665-4396-ada4-291825dcc108 into model nwt
I0517 09:24:27.535475  4286 cuckoo_watch.h:45] 59ms in ProcessBatch(batches/aaaaag.batch) [including 4ms in LoadMessage; 4ms in InitializeSparseNdw; 0ms in FindReuseThetaCacheEntry; 0ms in InitializeTheta; 0ms in CreateRegularizerAgents; 30ms in InferThetaAndUpdateNwtSparse; 0ms in UpdateCacheEntry; 19ms in CalculateScore(^^^ItemsProcessedScore^^^); ]
I0517 09:24:27.544629  4286 processor.cc:820] Processor: start processing batch 887becb6-40ba-4f5d-bd95-f9a1a7c2e333 into model nwt
I0517 09:24:27.551795  4287 processor.cc:925] Processor: complete processing batch 6f91bfc0-7782-4d94-900f-12683c63a947 into model nwt
I0517 09:24:27.553681  4287 cuckoo_watch.h:45] 82ms in ProcessBatch(batches/aaaaaj.batch) [including 6ms in LoadMessage; 6ms in InitializeSparseNdw; 0ms in FindReuseThetaCacheEntry; 0ms in InitializeTheta; 0ms in CreateRegularizerAgents; 38ms in InferThetaAndUpdateNwtSparse; 0ms in UpdateCacheEntry; 28ms in CalculateScore(^^^ItemsProcessedScore^^^); ]
I0517 09:24:27.559798  4287 processor.cc:820] Processor: start processing batch eed1ab66-3d18-4c8f-80ca-06d78577e1b5 into model nwt
I0517 09:24:27.662175  4287 processor.cc:925] Processor: complete processing batch eed1ab66-3d18-4c8f-80ca-06d78577e1b5 into model nwt
I0517 09:24:27.665282  4287 cuckoo_watch.h:45] 111ms in ProcessBatch(batches/aaaaao.batch) [including 6ms in LoadMessage; 8ms in InitializeSparseNdw; 0ms in FindReuseThetaCacheEntry; 0ms in InitializeTheta; 0ms in CreateRegularizerAgents; 52ms in InferThetaAndUpdateNwtSparse; 0ms in UpdateCacheEntry; 41ms in CalculateScore(^^^ItemsProcessedScore^^^); ]
I0517 09:24:27.673013  4287 processor.cc:820] Processor: start processing batch 869c0ce4-6534-42c7-a71d-04a21ed703c9 into model nwt
I0517 09:24:27.690902  4286 processor.cc:925] Processor: complete processing batch 887becb6-40ba-4f5d-bd95-f9a1a7c2e333 into model nwt
I0517 09:24:27.693769  4286 cuckoo_watch.h:45] 158ms in ProcessBatch(batches/aaaaak.batch) [including 9ms in LoadMessage; 15ms in InitializeSparseNdw; 0ms in FindReuseThetaCacheEntry; 0ms in InitializeTheta; 0ms in CreateRegularizerAgents; 73ms in InferThetaAndUpdateNwtSparse; 0ms in UpdateCacheEntry; 57ms in CalculateScore(^^^ItemsProcessedScore^^^); ]
I0517 09:24:27.700395  4286 processor.cc:820] Processor: start processing batch eb16843a-7fac-4a5b-bf92-eb701b64bc2b into model nwt
I0517 09:24:27.795897  4286 processor.cc:925] Processor: complete processing batch eb16843a-7fac-4a5b-bf92-eb701b64bc2b into model nwt
I0517 09:24:27.798272  4286 cuckoo_watch.h:45] 104ms in ProcessBatch(batches/aaaaap.batch) [including 6ms in LoadMessage; 8ms in InitializeSparseNdw; 0ms in FindReuseThetaCacheEntry; 0ms in InitializeTheta; 0ms in CreateRegularizerAgents; 51ms in InferThetaAndUpdateNwtSparse; 0ms in UpdateCacheEntry; 34ms in CalculateScore(^^^ItemsProcessedScore^^^); ]
I0517 09:24:27.806102  4286 processor.cc:820] Processor: start processing batch 24818a70-5de4-4685-9db1-a57472a2f33d into model nwt
I0517 09:24:27.814055  4287 processor.cc:925] Processor: complete processing batch 869c0ce4-6534-42c7-a71d-04a21ed703c9 into model nwt
I0517 09:24:27.817401  4287 cuckoo_watch.h:45] 152ms in ProcessBatch(batches/aaaaal.batch) [including 7ms in LoadMessage; 13ms in InitializeSparseNdw; 0ms in FindReuseThetaCacheEntry; 0ms in InitializeTheta; 0ms in CreateRegularizerAgents; 71ms in InferThetaAndUpdateNwtSparse; 0ms in UpdateCacheEntry; 55ms in CalculateScore(^^^ItemsProcessedScore^^^); ]
I0517 09:24:27.825985  4287 processor.cc:820] Processor: start processing batch 48093719-1230-4be5-9080-959a67aea843 into model nwt
I0517 09:24:27.926769  4286 processor.cc:925] Processor: complete processing batch 24818a70-5de4-4685-9db1-a57472a2f33d into model nwt
I0517 09:24:27.929700  4286 cuckoo_watch.h:45] 131ms in ProcessBatch(batches/aaaaan.batch) [including 7ms in LoadMessage; 12ms in InitializeSparseNdw; 0ms in FindReuseThetaCacheEntry; 0ms in InitializeTheta; 0ms in CreateRegularizerAgents; 61ms in InferThetaAndUpdateNwtSparse; 0ms in UpdateCacheEntry; 47ms in CalculateScore(^^^ItemsProcessedScore^^^); ]
I0517 09:24:27.932754  4286 processor.cc:820] Processor: start processing batch bc8611cc-4bfe-4c0b-94cb-a7f98937890f into model nwt
I0517 09:24:27.956188  4286 processor.cc:925] Processor: complete processing batch bc8611cc-4bfe-4c0b-94cb-a7f98937890f into model nwt
I0517 09:24:27.956926  4286 cuckoo_watch.h:45] 27ms in ProcessBatch(batches/aaaaaq.batch) [including 3ms in LoadMessage; 1ms in InitializeSparseNdw; 0ms in FindReuseThetaCacheEntry; 0ms in InitializeTheta; 0ms in CreateRegularizerAgents; 13ms in InferThetaAndUpdateNwtSparse; 0ms in UpdateCacheEntry; 8ms in CalculateScore(^^^ItemsProcessedScore^^^); ]
I0517 09:24:27.958472  4286 processor.cc:820] Processor: start processing batch 297ddfff-83cb-461d-96d0-7f32e3bd63c5 into model nwt
I0517 09:24:27.962782  4286 processor.cc:925] Processor: complete processing batch 297ddfff-83cb-461d-96d0-7f32e3bd63c5 into model nwt
I0517 09:24:27.962911  4286 cuckoo_watch.h:45] 5ms in ProcessBatch(batches/aaaaar.batch) [including 1ms in LoadMessage; 0ms in InitializeSparseNdw; 0ms in FindReuseThetaCacheEntry; 0ms in InitializeTheta; 0ms in CreateRegularizerAgents; 2ms in InferThetaAndUpdateNwtSparse; 0ms in UpdateCacheEntry; 1ms in CalculateScore(^^^ItemsProcessedScore^^^); ]
I0517 09:24:27.967537  4287 processor.cc:925] Processor: complete processing batch 48093719-1230-4be5-9080-959a67aea843 into model nwt
I0517 09:24:27.969920  4287 cuckoo_watch.h:45] 152ms in ProcessBatch(batches/aaaaam.batch) [including 8ms in LoadMessage; 12ms in InitializeSparseNdw; 0ms in FindReuseThetaCacheEntry; 0ms in InitializeTheta; 0ms in CreateRegularizerAgents; 74ms in InferThetaAndUpdateNwtSparse; 0ms in UpdateCacheEntry; 54ms in CalculateScore(^^^ItemsProcessedScore^^^); ]
I0517 09:24:27.970556  4233 master_component.cc:1436] RegularizeModelArgs: rwt_target_name=rwt, pwt_source_name=pwt, nwt_source_name=nwt
I0517 09:24:27.970566  4233 master_component.cc:976] MasterComponent: start regularizing model pwt
I0517 09:24:27.988435  4286 processor.cc:740] No data in processing queue, waiting...
I0517 09:24:27.990597  4287 processor.cc:740] No data in processing queue, waiting...
I0517 09:24:28.099853  4233 master_component.cc:1002] MasterComponent: complete regularizing model pwt
I0517 09:24:28.099906  4233 master_component.cc:1449] NormalizeModelArgs: pwt_target_name=pwt, nwt_source_name=nwt, rwt_source_name=rwt
I0517 09:24:28.099911  4233 master_component.cc:1006] MasterComponent: start normalizing model nwt
I0517 09:24:28.206271  4233 master_component.cc:1034] MasterComponent: complete normalizing model nwt
I0517 09:24:28.316905  4233 master_component.cc:1473] DisposeModel rwt
I0517 09:24:28.326503  4233 master_component.cc:1059] FitOffline: ItemsProcessed, num_items=1728, num_batches=18, token_weight=808522, token_weight_in_effect=808522
I0517 09:24:28.326757  4233 c_interface.cc:389] Pass FitOfflineMasterModelArgs, batch_filename_size=18, batch_weight_size=18, num_collection_passes=1, reset_nwt=yes to MN4artm4core15MasterComponentEFvRKNS_25FitOfflineMasterModelArgsEE
I0517 09:24:28.326781  4233 master_component.cc:1398] ProcessBatchesArgs: nwt_target_name=nwt, batch_filename_size=18, batch_size=0, batch_weight_size=18, pwt_source_name=pwt, num_document_passes=1, regularizer=(name:1:urn:uuid:9df7968e-b6f1-11eb-93fc-0242ac1c0002, tau:100000), class=(text:1), class=(author:1), reuse_theta=yes, opt_for_avx=yes, predict_class_id=, reset_nwt=yes
I0517 09:24:28.345775  4286 processor.cc:747] Processing queue has data, processing started
I0517 09:24:28.346050  4287 processor.cc:747] Processing queue has data, processing started
I0517 09:24:28.350960  4286 processor.cc:820] Processor: start processing batch 2b83388f-249f-4ed1-b192-0219bc423703 into model nwt
I0517 09:24:28.353202  4287 processor.cc:820] Processor: start processing batch 38a57d2c-0361-456d-bd11-caf5267d02bb into model nwt
