I0517 09:24:08.852270  4233 c_interface.cc:389] Pass FitOfflineMasterModelArgs, batch_filename_size=18, batch_weight_size=18, num_collection_passes=1, reset_nwt=yes to MN4artm4core15MasterComponentEFvRKNS_25FitOfflineMasterModelArgsEE
I0517 09:24:08.852293  4233 master_component.cc:1398] ProcessBatchesArgs: nwt_target_name=nwt, batch_filename_size=18, batch_size=0, batch_weight_size=18, pwt_source_name=pwt, num_document_passes=1, regularizer=(name:1:urn:uuid:9df7968e-b6f1-11eb-93fc-0242ac1c0002, tau:100000), class=(text:1), class=(author:1), reuse_theta=yes, opt_for_avx=yes, predict_class_id=, reset_nwt=yes
I0517 09:24:08.870788  4286 processor.cc:747] Processing queue has data, processing started
I0517 09:24:08.871054  4287 processor.cc:747] Processing queue has data, processing started
I0517 09:24:08.874022  4286 processor.cc:820] Processor: start processing batch 2b83388f-249f-4ed1-b192-0219bc423703 into model nwt
I0517 09:24:08.879596  4287 processor.cc:820] Processor: start processing batch 38a57d2c-0361-456d-bd11-caf5267d02bb into model nwt
I0517 09:24:08.890568  4286 processor.cc:925] Processor: complete processing batch 2b83388f-249f-4ed1-b192-0219bc423703 into model nwt
I0517 09:24:08.891022  4286 cuckoo_watch.h:45] 20ms in ProcessBatch(batches/aaaaaa.batch) [including 3ms in LoadMessage; 0ms in InitializeSparseNdw; 0ms in FindReuseThetaCacheEntry; 0ms in InitializeTheta; 0ms in CreateRegularizerAgents; 10ms in InferThetaAndUpdateNwtSparse; 0ms in UpdateCacheEntry; 5ms in CalculateScore(^^^ItemsProcessedScore^^^); ]
I0517 09:24:08.894898  4286 processor.cc:820] Processor: start processing batch a7515b57-904e-45bd-87be-6b0c7390f055 into model nwt
I0517 09:24:08.909834  4287 processor.cc:925] Processor: complete processing batch 38a57d2c-0361-456d-bd11-caf5267d02bb into model nwt
I0517 09:24:08.911240  4287 cuckoo_watch.h:45] 40ms in ProcessBatch(batches/aaaaae.batch) [including 8ms in LoadMessage; 2ms in InitializeSparseNdw; 0ms in FindReuseThetaCacheEntry; 0ms in InitializeTheta; 0ms in CreateRegularizerAgents; 16ms in InferThetaAndUpdateNwtSparse; 0ms in UpdateCacheEntry; 11ms in CalculateScore(^^^ItemsProcessedScore^^^); ]
I0517 09:24:08.914410  4287 processor.cc:820] Processor: start processing batch e8d7a0bc-ceb5-4186-922e-ba0b54ee7545 into model nwt
I0517 09:24:08.946046  4286 processor.cc:925] Processor: complete processing batch a7515b57-904e-45bd-87be-6b0c7390f055 into model nwt
I0517 09:24:08.947338  4286 cuckoo_watch.h:45] 56ms in ProcessBatch(batches/aaaaah.batch) [including 3ms in LoadMessage; 2ms in InitializeSparseNdw; 0ms in FindReuseThetaCacheEntry; 0ms in InitializeTheta; 0ms in CreateRegularizerAgents; 24ms in InferThetaAndUpdateNwtSparse; 0ms in UpdateCacheEntry; 23ms in CalculateScore(^^^ItemsProcessedScore^^^); ]
I0517 09:24:08.950584  4286 processor.cc:820] Processor: start processing batch b3a4759d-d6bb-466b-a12b-285df63fbaf1 into model nwt
I0517 09:24:08.958869  4287 processor.cc:925] Processor: complete processing batch e8d7a0bc-ceb5-4186-922e-ba0b54ee7545 into model nwt
I0517 09:24:08.959756  4287 cuckoo_watch.h:45] 48ms in ProcessBatch(batches/aaaaad.batch) [including 3ms in LoadMessage; 2ms in InitializeSparseNdw; 0ms in FindReuseThetaCacheEntry; 0ms in InitializeTheta; 0ms in CreateRegularizerAgents; 27ms in InferThetaAndUpdateNwtSparse; 0ms in UpdateCacheEntry; 14ms in CalculateScore(^^^ItemsProcessedScore^^^); ]
I0517 09:24:08.962961  4287 processor.cc:820] Processor: start processing batch 43562c6f-c561-4e10-a354-3e20fdd18ca4 into model nwt
I0517 09:24:08.986965  4286 processor.cc:925] Processor: complete processing batch b3a4759d-d6bb-466b-a12b-285df63fbaf1 into model nwt
I0517 09:24:08.988250  4286 cuckoo_watch.h:45] 40ms in ProcessBatch(batches/aaaaaf.batch) [including 3ms in LoadMessage; 2ms in InitializeSparseNdw; 0ms in FindReuseThetaCacheEntry; 0ms in InitializeTheta; 0ms in CreateRegularizerAgents; 19ms in InferThetaAndUpdateNwtSparse; 0ms in UpdateCacheEntry; 13ms in CalculateScore(^^^ItemsProcessedScore^^^); ]
I0517 09:24:08.991375  4286 processor.cc:820] Processor: start processing batch 8a140e65-d5b5-45fb-b9d7-f6a88db2b1f3 into model nwt
I0517 09:24:08.998945  4287 processor.cc:925] Processor: complete processing batch 43562c6f-c561-4e10-a354-3e20fdd18ca4 into model nwt
I0517 09:24:08.999913  4287 cuckoo_watch.h:45] 40ms in ProcessBatch(batches/aaaaac.batch) [including 3ms in LoadMessage; 2ms in InitializeSparseNdw; 0ms in FindReuseThetaCacheEntry; 0ms in InitializeTheta; 0ms in CreateRegularizerAgents; 18ms in InferThetaAndUpdateNwtSparse; 0ms in UpdateCacheEntry; 14ms in CalculateScore(^^^ItemsProcessedScore^^^); ]
I0517 09:24:09.003238  4287 processor.cc:820] Processor: start processing batch e35668b5-fa9f-46a8-9037-13ab25a04b64 into model nwt
I0517 09:24:09.027702  4286 processor.cc:925] Processor: complete processing batch 8a140e65-d5b5-45fb-b9d7-f6a88db2b1f3 into model nwt
I0517 09:24:09.028672  4286 cuckoo_watch.h:45] 40ms in ProcessBatch(batches/aaaaai.batch) [including 3ms in LoadMessage; 2ms in InitializeSparseNdw; 0ms in FindReuseThetaCacheEntry; 0ms in InitializeTheta; 0ms in CreateRegularizerAgents; 20ms in InferThetaAndUpdateNwtSparse; 0ms in UpdateCacheEntry; 13ms in CalculateScore(^^^ItemsProcessedScore^^^); ]
I0517 09:24:09.034080  4286 processor.cc:820] Processor: start processing batch 6f91bfc0-7782-4d94-900f-12683c63a947 into model nwt
I0517 09:24:09.035276  4287 processor.cc:925] Processor: complete processing batch e35668b5-fa9f-46a8-9037-13ab25a04b64 into model nwt
I0517 09:24:09.036278  4287 cuckoo_watch.h:45] 36ms in ProcessBatch(batches/aaaaab.batch) [including 3ms in LoadMessage; 2ms in InitializeSparseNdw; 0ms in FindReuseThetaCacheEntry; 0ms in InitializeTheta; 0ms in CreateRegularizerAgents; 17ms in InferThetaAndUpdateNwtSparse; 0ms in UpdateCacheEntry; 12ms in CalculateScore(^^^ItemsProcessedScore^^^); ]
I0517 09:24:09.039880  4287 processor.cc:820] Processor: start processing batch aca6bcc0-c665-4396-ada4-291825dcc108 into model nwt
I0517 09:24:09.091167  4287 processor.cc:925] Processor: complete processing batch aca6bcc0-c665-4396-ada4-291825dcc108 into model nwt
I0517 09:24:09.092499  4287 cuckoo_watch.h:45] 56ms in ProcessBatch(batches/aaaaag.batch) [including 3ms in LoadMessage; 4ms in InitializeSparseNdw; 0ms in FindReuseThetaCacheEntry; 0ms in InitializeTheta; 0ms in CreateRegularizerAgents; 26ms in InferThetaAndUpdateNwtSparse; 0ms in UpdateCacheEntry; 20ms in CalculateScore(^^^ItemsProcessedScore^^^); ]
I0517 09:24:09.100028  4287 processor.cc:820] Processor: start processing batch 887becb6-40ba-4f5d-bd95-f9a1a7c2e333 into model nwt
I0517 09:24:09.111395  4286 processor.cc:925] Processor: complete processing batch 6f91bfc0-7782-4d94-900f-12683c63a947 into model nwt
I0517 09:24:09.112934  4286 cuckoo_watch.h:45] 84ms in ProcessBatch(batches/aaaaaj.batch) [including 5ms in LoadMessage; 7ms in InitializeSparseNdw; 0ms in FindReuseThetaCacheEntry; 0ms in InitializeTheta; 0ms in CreateRegularizerAgents; 36ms in InferThetaAndUpdateNwtSparse; 0ms in UpdateCacheEntry; 32ms in CalculateScore(^^^ItemsProcessedScore^^^); ]
I0517 09:24:09.119585  4286 processor.cc:820] Processor: start processing batch eed1ab66-3d18-4c8f-80ca-06d78577e1b5 into model nwt
I0517 09:24:09.212941  4286 processor.cc:925] Processor: complete processing batch eed1ab66-3d18-4c8f-80ca-06d78577e1b5 into model nwt
I0517 09:24:09.215131  4286 cuckoo_watch.h:45] 102ms in ProcessBatch(batches/aaaaao.batch) [including 6ms in LoadMessage; 8ms in InitializeSparseNdw; 0ms in FindReuseThetaCacheEntry; 0ms in InitializeTheta; 0ms in CreateRegularizerAgents; 48ms in InferThetaAndUpdateNwtSparse; 0ms in UpdateCacheEntry; 36ms in CalculateScore(^^^ItemsProcessedScore^^^); ]
I0517 09:24:09.223340  4286 processor.cc:820] Processor: start processing batch 869c0ce4-6534-42c7-a71d-04a21ed703c9 into model nwt
I0517 09:24:09.236384  4287 processor.cc:925] Processor: complete processing batch 887becb6-40ba-4f5d-bd95-f9a1a7c2e333 into model nwt
I0517 09:24:09.239929  4287 cuckoo_watch.h:45] 147ms in ProcessBatch(batches/aaaaak.batch) [including 7ms in LoadMessage; 13ms in InitializeSparseNdw; 0ms in FindReuseThetaCacheEntry; 0ms in InitializeTheta; 0ms in CreateRegularizerAgents; 68ms in InferThetaAndUpdateNwtSparse; 0ms in UpdateCacheEntry; 54ms in CalculateScore(^^^ItemsProcessedScore^^^); ]
I0517 09:24:09.245543  4287 processor.cc:820] Processor: start processing batch eb16843a-7fac-4a5b-bf92-eb701b64bc2b into model nwt
I0517 09:24:09.336983  4287 processor.cc:925] Processor: complete processing batch eb16843a-7fac-4a5b-bf92-eb701b64bc2b into model nwt
I0517 09:24:09.339171  4287 cuckoo_watch.h:45] 99ms in ProcessBatch(batches/aaaaap.batch) [including 5ms in LoadMessage; 8ms in InitializeSparseNdw; 0ms in FindReuseThetaCacheEntry; 0ms in InitializeTheta; 0ms in CreateRegularizerAgents; 48ms in InferThetaAndUpdateNwtSparse; 0ms in UpdateCacheEntry; 34ms in CalculateScore(^^^ItemsProcessedScore^^^); ]
I0517 09:24:09.346021  4287 processor.cc:820] Processor: start processing batch 24818a70-5de4-4685-9db1-a57472a2f33d into model nwt
I0517 09:24:09.356493  4286 processor.cc:925] Processor: complete processing batch 869c0ce4-6534-42c7-a71d-04a21ed703c9 into model nwt
I0517 09:24:09.359285  4286 cuckoo_watch.h:45] 144ms in ProcessBatch(batches/aaaaal.batch) [including 8ms in LoadMessage; 12ms in InitializeSparseNdw; 0ms in FindReuseThetaCacheEntry; 0ms in InitializeTheta; 0ms in CreateRegularizerAgents; 66ms in InferThetaAndUpdateNwtSparse; 0ms in UpdateCacheEntry; 53ms in CalculateScore(^^^ItemsProcessedScore^^^); ]
I0517 09:24:09.367404  4286 processor.cc:820] Processor: start processing batch 48093719-1230-4be5-9080-959a67aea843 into model nwt
I0517 09:24:09.469377  4287 processor.cc:925] Processor: complete processing batch 24818a70-5de4-4685-9db1-a57472a2f33d into model nwt
I0517 09:24:09.472353  4287 cuckoo_watch.h:45] 133ms in ProcessBatch(batches/aaaaan.batch) [including 6ms in LoadMessage; 11ms in InitializeSparseNdw; 0ms in FindReuseThetaCacheEntry; 0ms in InitializeTheta; 0ms in CreateRegularizerAgents; 61ms in InferThetaAndUpdateNwtSparse; 0ms in UpdateCacheEntry; 49ms in CalculateScore(^^^ItemsProcessedScore^^^); ]
I0517 09:24:09.475091  4287 processor.cc:820] Processor: start processing batch bc8611cc-4bfe-4c0b-94cb-a7f98937890f into model nwt
I0517 09:24:09.498989  4287 processor.cc:925] Processor: complete processing batch bc8611cc-4bfe-4c0b-94cb-a7f98937890f into model nwt
I0517 09:24:09.499847  4287 cuckoo_watch.h:45] 27ms in ProcessBatch(batches/aaaaaq.batch) [including 2ms in LoadMessage; 1ms in InitializeSparseNdw; 0ms in FindReuseThetaCacheEntry; 0ms in InitializeTheta; 0ms in CreateRegularizerAgents; 13ms in InferThetaAndUpdateNwtSparse; 0ms in UpdateCacheEntry; 8ms in CalculateScore(^^^ItemsProcessedScore^^^); ]
I0517 09:24:09.501220  4287 processor.cc:820] Processor: start processing batch 297ddfff-83cb-461d-96d0-7f32e3bd63c5 into model nwt
I0517 09:24:09.505906  4286 processor.cc:925] Processor: complete processing batch 48093719-1230-4be5-9080-959a67aea843 into model nwt
I0517 09:24:09.506289  4287 processor.cc:925] Processor: complete processing batch 297ddfff-83cb-461d-96d0-7f32e3bd63c5 into model nwt
I0517 09:24:09.506474  4287 cuckoo_watch.h:45] 6ms in ProcessBatch(batches/aaaaar.batch) [including 1ms in LoadMessage; 0ms in InitializeSparseNdw; 0ms in FindReuseThetaCacheEntry; 0ms in InitializeTheta; 0ms in CreateRegularizerAgents; 3ms in InferThetaAndUpdateNwtSparse; 0ms in UpdateCacheEntry; 1ms in CalculateScore(^^^ItemsProcessedScore^^^); ]
I0517 09:24:09.508222  4286 cuckoo_watch.h:45] 148ms in ProcessBatch(batches/aaaaam.batch) [including 8ms in LoadMessage; 12ms in InitializeSparseNdw; 0ms in FindReuseThetaCacheEntry; 0ms in InitializeTheta; 0ms in CreateRegularizerAgents; 68ms in InferThetaAndUpdateNwtSparse; 0ms in UpdateCacheEntry; 57ms in CalculateScore(^^^ItemsProcessedScore^^^); ]
I0517 09:24:09.508411  4233 master_component.cc:1436] RegularizeModelArgs: rwt_target_name=rwt, pwt_source_name=pwt, nwt_source_name=nwt
I0517 09:24:09.508417  4233 master_component.cc:976] MasterComponent: start regularizing model pwt
I0517 09:24:09.527865  4287 processor.cc:740] No data in processing queue, waiting...
I0517 09:24:09.528995  4286 processor.cc:740] No data in processing queue, waiting...
I0517 09:24:09.648077  4233 master_component.cc:1002] MasterComponent: complete regularizing model pwt
I0517 09:24:09.648113  4233 master_component.cc:1449] NormalizeModelArgs: pwt_target_name=pwt, nwt_source_name=nwt, rwt_source_name=rwt
I0517 09:24:09.648115  4233 master_component.cc:1006] MasterComponent: start normalizing model nwt
I0517 09:24:09.731209  4233 master_component.cc:1034] MasterComponent: complete normalizing model nwt
I0517 09:24:09.850927  4233 master_component.cc:1473] DisposeModel rwt
I0517 09:24:09.860919  4233 master_component.cc:1059] FitOffline: ItemsProcessed, num_items=1728, num_batches=18, token_weight=808522, token_weight_in_effect=808522
I0517 09:24:09.861279  4233 c_interface.cc:389] Pass FitOfflineMasterModelArgs, batch_filename_size=18, batch_weight_size=18, num_collection_passes=1, reset_nwt=yes to MN4artm4core15MasterComponentEFvRKNS_25FitOfflineMasterModelArgsEE
I0517 09:24:09.861306  4233 master_component.cc:1398] ProcessBatchesArgs: nwt_target_name=nwt, batch_filename_size=18, batch_size=0, batch_weight_size=18, pwt_source_name=pwt, num_document_passes=1, regularizer=(name:1:urn:uuid:9df7968e-b6f1-11eb-93fc-0242ac1c0002, tau:100000), class=(text:1), class=(author:1), reuse_theta=yes, opt_for_avx=yes, predict_class_id=, reset_nwt=yes
I0517 09:24:09.879900  4286 processor.cc:747] Processing queue has data, processing started
I0517 09:24:09.879952  4287 processor.cc:747] Processing queue has data, processing started
I0517 09:24:09.884965  4286 processor.cc:820] Processor: start processing batch 2b83388f-249f-4ed1-b192-0219bc423703 into model nwt
I0517 09:24:09.887697  4287 processor.cc:820] Processor: start processing batch 38a57d2c-0361-456d-bd11-caf5267d02bb into model nwt
I0517 09:24:09.900610  4286 processor.cc:925] Processor: complete processing batch 2b83388f-249f-4ed1-b192-0219bc423703 into model nwt
I0517 09:24:09.901094  4286 cuckoo_watch.h:45] 21ms in ProcessBatch(batches/aaaaaa.batch) [including 5ms in LoadMessage; 0ms in InitializeSparseNdw; 0ms in FindReuseThetaCacheEntry; 0ms in InitializeTheta; 0ms in CreateRegularizerAgents; 9ms in InferThetaAndUpdateNwtSparse; 0ms in UpdateCacheEntry; 5ms in CalculateScore(^^^ItemsProcessedScore^^^); ]
I0517 09:24:09.904834  4286 processor.cc:820] Processor: start processing batch a7515b57-904e-45bd-87be-6b0c7390f055 into model nwt
I0517 09:24:09.919863  4287 processor.cc:925] Processor: complete processing batch 38a57d2c-0361-456d-bd11-caf5267d02bb into model nwt
I0517 09:24:09.921519  4287 cuckoo_watch.h:45] 41ms in ProcessBatch(batches/aaaaae.batch) [including 7ms in LoadMessage; 2ms in InitializeSparseNdw; 0ms in FindReuseThetaCacheEntry; 0ms in InitializeTheta; 0ms in CreateRegularizerAgents; 17ms in InferThetaAndUpdateNwtSparse; 0ms in UpdateCacheEntry; 11ms in CalculateScore(^^^ItemsProcessedScore^^^); ]
I0517 09:24:09.924857  4287 processor.cc:820] Processor: start processing batch e8d7a0bc-ceb5-4186-922e-ba0b54ee7545 into model nwt
I0517 09:24:09.956017  4286 processor.cc:925] Processor: complete processing batch a7515b57-904e-45bd-87be-6b0c7390f055 into model nwt
I0517 09:24:09.957334  4286 cuckoo_watch.h:45] 56ms in ProcessBatch(batches/aaaaah.batch) [including 3ms in LoadMessage; 3ms in InitializeSparseNdw; 0ms in FindReuseThetaCacheEntry; 0ms in InitializeTheta; 0ms in CreateRegularizerAgents; 24ms in InferThetaAndUpdateNwtSparse; 0ms in UpdateCacheEntry; 23ms in CalculateScore(^^^ItemsProcessedScore^^^); ]
I0517 09:24:09.961637  4286 processor.cc:820] Processor: start processing batch b3a4759d-d6bb-466b-a12b-285df63fbaf1 into model nwt
I0517 09:24:09.966893  4287 processor.cc:925] Processor: complete processing batch e8d7a0bc-ceb5-4186-922e-ba0b54ee7545 into model nwt
I0517 09:24:09.967854  4287 cuckoo_watch.h:45] 46ms in ProcessBatch(batches/aaaaad.batch) [including 3ms in LoadMessage; 2ms in InitializeSparseNdw; 0ms in FindReuseThetaCacheEntry; 0ms in InitializeTheta; 0ms in CreateRegularizerAgents; 20ms in InferThetaAndUpdateNwtSparse; 0ms in UpdateCacheEntry; 19ms in CalculateScore(^^^ItemsProcessedScore^^^); ]
I0517 09:24:09.970700  4287 processor.cc:820] Processor: start processing batch 43562c6f-c561-4e10-a354-3e20fdd18ca4 into model nwt
I0517 09:24:10.001207  4286 processor.cc:925] Processor: complete processing batch b3a4759d-d6bb-466b-a12b-285df63fbaf1 into model nwt
I0517 09:24:10.003204  4286 cuckoo_watch.h:45] 45ms in ProcessBatch(batches/aaaaaf.batch) [including 4ms in LoadMessage; 3ms in InitializeSparseNdw; 0ms in FindReuseThetaCacheEntry; 0ms in InitializeTheta; 0ms in CreateRegularizerAgents; 20ms in InferThetaAndUpdateNwtSparse; 0ms in UpdateCacheEntry; 14ms in CalculateScore(^^^ItemsProcessedScore^^^); ]
I0517 09:24:10.007230  4286 processor.cc:820] Processor: start processing batch 8a140e65-d5b5-45fb-b9d7-f6a88db2b1f3 into model nwt
I0517 09:24:10.009685  4287 processor.cc:925] Processor: complete processing batch 43562c6f-c561-4e10-a354-3e20fdd18ca4 into model nwt
I0517 09:24:10.010746  4287 cuckoo_watch.h:45] 42ms in ProcessBatch(batches/aaaaac.batch) [including 2ms in LoadMessage; 2ms in InitializeSparseNdw; 0ms in FindReuseThetaCacheEntry; 0ms in InitializeTheta; 0ms in CreateRegularizerAgents; 20ms in InferThetaAndUpdateNwtSparse; 0ms in UpdateCacheEntry; 15ms in CalculateScore(^^^ItemsProcessedScore^^^); ]
I0517 09:24:10.013957  4287 processor.cc:820] Processor: start processing batch e35668b5-fa9f-46a8-9037-13ab25a04b64 into model nwt
I0517 09:24:10.046567  4286 processor.cc:925] Processor: complete processing batch 8a140e65-d5b5-45fb-b9d7-f6a88db2b1f3 into model nwt
I0517 09:24:10.046717  4287 processor.cc:925] Processor: complete processing batch e35668b5-fa9f-46a8-9037-13ab25a04b64 into model nwt
I0517 09:24:10.047706  4286 cuckoo_watch.h:45] 44ms in ProcessBatch(batches/aaaaai.batch) [including 3ms in LoadMessage; 2ms in InitializeSparseNdw; 0ms in FindReuseThetaCacheEntry; 0ms in InitializeTheta; 0ms in CreateRegularizerAgents; 22ms in InferThetaAndUpdateNwtSparse; 0ms in UpdateCacheEntry; 13ms in CalculateScore(^^^ItemsProcessedScore^^^); ]
I0517 09:24:10.047767  4287 cuckoo_watch.h:45] 36ms in ProcessBatch(batches/aaaaab.batch) [including 3ms in LoadMessage; 2ms in InitializeSparseNdw; 0ms in FindReuseThetaCacheEntry; 0ms in InitializeTheta; 0ms in CreateRegularizerAgents; 17ms in InferThetaAndUpdateNwtSparse; 0ms in UpdateCacheEntry; 12ms in CalculateScore(^^^ItemsProcessedScore^^^); ]
I0517 09:24:10.053519  4287 processor.cc:820] Processor: start processing batch aca6bcc0-c665-4396-ada4-291825dcc108 into model nwt
I0517 09:24:10.053977  4286 processor.cc:820] Processor: start processing batch 6f91bfc0-7782-4d94-900f-12683c63a947 into model nwt
I0517 09:24:10.110134  4287 processor.cc:925] Processor: complete processing batch aca6bcc0-c665-4396-ada4-291825dcc108 into model nwt
I0517 09:24:10.111451  4287 cuckoo_watch.h:45] 63ms in ProcessBatch(batches/aaaaag.batch) [including 5ms in LoadMessage; 4ms in InitializeSparseNdw; 0ms in FindReuseThetaCacheEntry; 0ms in InitializeTheta; 0ms in CreateRegularizerAgents; 31ms in InferThetaAndUpdateNwtSparse; 0ms in UpdateCacheEntry; 19ms in CalculateScore(^^^ItemsProcessedScore^^^); ]
I0517 09:24:10.119954  4287 processor.cc:820] Processor: start processing batch 887becb6-40ba-4f5d-bd95-f9a1a7c2e333 into model nwt
I0517 09:24:10.131254  4286 processor.cc:925] Processor: complete processing batch 6f91bfc0-7782-4d94-900f-12683c63a947 into model nwt
I0517 09:24:10.132869  4286 cuckoo_watch.h:45] 85ms in ProcessBatch(batches/aaaaaj.batch) [including 6ms in LoadMessage; 6ms in InitializeSparseNdw; 0ms in FindReuseThetaCacheEntry; 0ms in InitializeTheta; 0ms in CreateRegularizerAgents; 40ms in InferThetaAndUpdateNwtSparse; 0ms in UpdateCacheEntry; 29ms in CalculateScore(^^^ItemsProcessedScore^^^); ]
I0517 09:24:10.139626  4286 processor.cc:820] Processor: start processing batch eed1ab66-3d18-4c8f-80ca-06d78577e1b5 into model nwt
I0517 09:24:10.236037  4286 processor.cc:925] Processor: complete processing batch eed1ab66-3d18-4c8f-80ca-06d78577e1b5 into model nwt
I0517 09:24:10.238245  4286 cuckoo_watch.h:45] 105ms in ProcessBatch(batches/aaaaao.batch) [including 6ms in LoadMessage; 8ms in InitializeSparseNdw; 0ms in FindReuseThetaCacheEntry; 0ms in InitializeTheta; 0ms in CreateRegularizerAgents; 50ms in InferThetaAndUpdateNwtSparse; 0ms in UpdateCacheEntry; 37ms in CalculateScore(^^^ItemsProcessedScore^^^); ]
I0517 09:24:10.247020  4286 processor.cc:820] Processor: start processing batch 869c0ce4-6534-42c7-a71d-04a21ed703c9 into model nwt
I0517 09:24:10.251890  4287 processor.cc:925] Processor: complete processing batch 887becb6-40ba-4f5d-bd95-f9a1a7c2e333 into model nwt
I0517 09:24:10.255034  4287 cuckoo_watch.h:45] 143ms in ProcessBatch(batches/aaaaak.batch) [including 8ms in LoadMessage; 12ms in InitializeSparseNdw; 0ms in FindReuseThetaCacheEntry; 0ms in InitializeTheta; 0ms in CreateRegularizerAgents; 66ms in InferThetaAndUpdateNwtSparse; 0ms in UpdateCacheEntry; 52ms in CalculateScore(^^^ItemsProcessedScore^^^); ]
I0517 09:24:10.260905  4287 processor.cc:820] Processor: start processing batch eb16843a-7fac-4a5b-bf92-eb701b64bc2b into model nwt
I0517 09:24:10.349967  4287 processor.cc:925] Processor: complete processing batch eb16843a-7fac-4a5b-bf92-eb701b64bc2b into model nwt
I0517 09:24:10.352229  4287 cuckoo_watch.h:45] 97ms in ProcessBatch(batches/aaaaap.batch) [including 5ms in LoadMessage; 7ms in InitializeSparseNdw; 0ms in FindReuseThetaCacheEntry; 0ms in InitializeTheta; 0ms in CreateRegularizerAgents; 46ms in InferThetaAndUpdateNwtSparse; 0ms in UpdateCacheEntry; 34ms in CalculateScore(^^^ItemsProcessedScore^^^); ]
I0517 09:24:10.359041  4287 processor.cc:820] Processor: start processing batch 24818a70-5de4-4685-9db1-a57472a2f33d into model nwt
I0517 09:24:10.383334  4286 processor.cc:925] Processor: complete processing batch 869c0ce4-6534-42c7-a71d-04a21ed703c9 into model nwt
I0517 09:24:10.387300  4286 cuckoo_watch.h:45] 149ms in ProcessBatch(batches/aaaaal.batch) [including 8ms in LoadMessage; 15ms in InitializeSparseNdw; 0ms in FindReuseThetaCacheEntry; 0ms in InitializeTheta; 0ms in CreateRegularizerAgents; 64ms in InferThetaAndUpdateNwtSparse; 0ms in UpdateCacheEntry; 56ms in CalculateScore(^^^ItemsProcessedScore^^^); ]
I0517 09:24:10.396214  4286 processor.cc:820] Processor: start processing batch 48093719-1230-4be5-9080-959a67aea843 into model nwt
I0517 09:24:10.488055  4287 processor.cc:925] Processor: complete processing batch 24818a70-5de4-4685-9db1-a57472a2f33d into model nwt
I0517 09:24:10.491058  4287 cuckoo_watch.h:45] 138ms in ProcessBatch(batches/aaaaan.batch) [including 6ms in LoadMessage; 11ms in InitializeSparseNdw; 0ms in FindReuseThetaCacheEntry; 0ms in InitializeTheta; 0ms in CreateRegularizerAgents; 63ms in InferThetaAndUpdateNwtSparse; 0ms in UpdateCacheEntry; 54ms in CalculateScore(^^^ItemsProcessedScore^^^); ]
I0517 09:24:10.493837  4287 processor.cc:820] Processor: start processing batch bc8611cc-4bfe-4c0b-94cb-a7f98937890f into model nwt
I0517 09:24:10.518198  4287 processor.cc:925] Processor: complete processing batch bc8611cc-4bfe-4c0b-94cb-a7f98937890f into model nwt
I0517 09:24:10.519176  4287 cuckoo_watch.h:45] 28ms in ProcessBatch(batches/aaaaaq.batch) [including 2ms in LoadMessage; 1ms in InitializeSparseNdw; 0ms in FindReuseThetaCacheEntry; 0ms in InitializeTheta; 0ms in CreateRegularizerAgents; 14ms in InferThetaAndUpdateNwtSparse; 0ms in UpdateCacheEntry; 8ms in CalculateScore(^^^ItemsProcessedScore^^^); ]
I0517 09:24:10.521971  4287 processor.cc:820] Processor: start processing batch 297ddfff-83cb-461d-96d0-7f32e3bd63c5 into model nwt
I0517 09:24:10.526839  4287 processor.cc:925] Processor: complete processing batch 297ddfff-83cb-461d-96d0-7f32e3bd63c5 into model nwt
I0517 09:24:10.527034  4287 cuckoo_watch.h:45] 6ms in ProcessBatch(batches/aaaaar.batch) [including 1ms in LoadMessage; 0ms in InitializeSparseNdw; 0ms in FindReuseThetaCacheEntry; 0ms in InitializeTheta; 0ms in CreateRegularizerAgents; 3ms in InferThetaAndUpdateNwtSparse; 0ms in UpdateCacheEntry; 1ms in CalculateScore(^^^ItemsProcessedScore^^^); ]
I0517 09:24:10.541853  4286 processor.cc:925] Processor: complete processing batch 48093719-1230-4be5-9080-959a67aea843 into model nwt
I0517 09:24:10.543941  4286 cuckoo_watch.h:45] 156ms in ProcessBatch(batches/aaaaam.batch) [including 8ms in LoadMessage; 14ms in InitializeSparseNdw; 0ms in FindReuseThetaCacheEntry; 0ms in InitializeTheta; 0ms in CreateRegularizerAgents; 76ms in InferThetaAndUpdateNwtSparse; 0ms in UpdateCacheEntry; 54ms in CalculateScore(^^^ItemsProcessedScore^^^); ]
I0517 09:24:10.544858  4233 master_component.cc:1436] RegularizeModelArgs: rwt_target_name=rwt, pwt_source_name=pwt, nwt_source_name=nwt
I0517 09:24:10.544867  4233 master_component.cc:976] MasterComponent: start regularizing model pwt
I0517 09:24:10.549546  4287 processor.cc:740] No data in processing queue, waiting...
I0517 09:24:10.564556  4286 processor.cc:740] No data in processing queue, waiting...
I0517 09:24:10.664572  4233 master_component.cc:1002] MasterComponent: complete regularizing model pwt
I0517 09:24:10.664606  4233 master_component.cc:1449] NormalizeModelArgs: pwt_target_name=pwt, nwt_source_name=nwt, rwt_source_name=rwt
I0517 09:24:10.664609  4233 master_component.cc:1006] MasterComponent: start normalizing model nwt
I0517 09:24:10.748814  4233 master_component.cc:1034] MasterComponent: complete normalizing model nwt
I0517 09:24:10.865217  4233 master_component.cc:1473] DisposeModel rwt
I0517 09:24:10.874771  4233 master_component.cc:1059] FitOffline: ItemsProcessed, num_items=1728, num_batches=18, token_weight=808522, token_weight_in_effect=808522
I0517 09:24:10.875046  4233 c_interface.cc:389] Pass FitOfflineMasterModelArgs, batch_filename_size=18, batch_weight_size=18, num_collection_passes=1, reset_nwt=yes to MN4artm4core15MasterComponentEFvRKNS_25FitOfflineMasterModelArgsEE
I0517 09:24:10.875070  4233 master_component.cc:1398] ProcessBatchesArgs: nwt_target_name=nwt, batch_filename_size=18, batch_size=0, batch_weight_size=18, pwt_source_name=pwt, num_document_passes=1, regularizer=(name:1:urn:uuid:9df7968e-b6f1-11eb-93fc-0242ac1c0002, tau:100000), class=(text:1), class=(author:1), reuse_theta=yes, opt_for_avx=yes, predict_class_id=, reset_nwt=yes
I0517 09:24:10.893735  4286 processor.cc:747] Processing queue has data, processing started
I0517 09:24:10.893795  4287 processor.cc:747] Processing queue has data, processing started
I0517 09:24:10.898962  4286 processor.cc:820] Processor: start processing batch 2b83388f-249f-4ed1-b192-0219bc423703 into model nwt
I0517 09:24:10.901904  4287 processor.cc:820] Processor: start processing batch 38a57d2c-0361-456d-bd11-caf5267d02bb into model nwt
I0517 09:24:10.916438  4286 processor.cc:925] Processor: complete processing batch 2b83388f-249f-4ed1-b192-0219bc423703 into model nwt
I0517 09:24:10.916990  4286 cuckoo_watch.h:45] 23ms in ProcessBatch(batches/aaaaaa.batch) [including 5ms in LoadMessage; 1ms in InitializeSparseNdw; 0ms in FindReuseThetaCacheEntry; 0ms in InitializeTheta; 0ms in CreateRegularizerAgents; 9ms in InferThetaAndUpdateNwtSparse; 0ms in UpdateCacheEntry; 5ms in CalculateScore(^^^ItemsProcessedScore^^^); ]
I0517 09:24:10.920959  4286 processor.cc:820] Processor: start processing batch a7515b57-904e-45bd-87be-6b0c7390f055 into model nwt
I0517 09:24:10.934450  4287 processor.cc:925] Processor: complete processing batch 38a57d2c-0361-456d-bd11-caf5267d02bb into model nwt
I0517 09:24:10.935709  4287 cuckoo_watch.h:45] 41ms in ProcessBatch(batches/aaaaae.batch) [including 8ms in LoadMessage; 2ms in InitializeSparseNdw; 0ms in FindReuseThetaCacheEntry; 0ms in InitializeTheta; 0ms in CreateRegularizerAgents; 17ms in InferThetaAndUpdateNwtSparse; 0ms in UpdateCacheEntry; 12ms in CalculateScore(^^^ItemsProcessedScore^^^); ]
I0517 09:24:10.938840  4287 processor.cc:820] Processor: start processing batch e8d7a0bc-ceb5-4186-922e-ba0b54ee7545 into model nwt
I0517 09:24:10.977689  4287 processor.cc:925] Processor: complete processing batch e8d7a0bc-ceb5-4186-922e-ba0b54ee7545 into model nwt
I0517 09:24:10.978792  4287 cuckoo_watch.h:45] 43ms in ProcessBatch(batches/aaaaad.batch) [including 3ms in LoadMessage; 2ms in InitializeSparseNdw; 0ms in FindReuseThetaCacheEntry; 0ms in InitializeTheta; 0ms in CreateRegularizerAgents; 21ms in InferThetaAndUpdateNwtSparse; 0ms in UpdateCacheEntry; 14ms in CalculateScore(^^^ItemsProcessedScore^^^); ]
I0517 09:24:10.980715  4286 processor.cc:925] Processor: complete processing batch a7515b57-904e-45bd-87be-6b0c7390f055 into model nwt
I0517 09:24:10.982367  4286 cuckoo_watch.h:45] 65ms in ProcessBatch(batches/aaaaah.batch) [including 3ms in LoadMessage; 3ms in InitializeSparseNdw; 0ms in FindReuseThetaCacheEntry; 0ms in InitializeTheta; 0ms in CreateRegularizerAgents; 25ms in InferThetaAndUpdateNwtSparse; 0ms in UpdateCacheEntry; 30ms in CalculateScore(^^^ItemsProcessedScore^^^); ]
I0517 09:24:10.984072  4287 processor.cc:820] Processor: start processing batch b3a4759d-d6bb-466b-a12b-285df63fbaf1 into model nwt
I0517 09:24:10.986220  4286 processor.cc:820] Processor: start processing batch 43562c6f-c561-4e10-a354-3e20fdd18ca4 into model nwt
I0517 09:24:11.021339  4286 processor.cc:925] Processor: complete processing batch 43562c6f-c561-4e10-a354-3e20fdd18ca4 into model nwt
I0517 09:24:11.022302  4287 processor.cc:925] Processor: complete processing batch b3a4759d-d6bb-466b-a12b-285df63fbaf1 into model nwt
I0517 09:24:11.022503  4286 cuckoo_watch.h:45] 40ms in ProcessBatch(batches/aaaaac.batch) [including 3ms in LoadMessage; 2ms in InitializeSparseNdw; 0ms in FindReuseThetaCacheEntry; 0ms in InitializeTheta; 0ms in CreateRegularizerAgents; 18ms in InferThetaAndUpdateNwtSparse; 0ms in UpdateCacheEntry; 14ms in CalculateScore(^^^ItemsProcessedScore^^^); ]
I0517 09:24:11.023684  4287 cuckoo_watch.h:45] 44ms in ProcessBatch(batches/aaaaaf.batch) [including 5ms in LoadMessage; 2ms in InitializeSparseNdw; 0ms in FindReuseThetaCacheEntry; 0ms in InitializeTheta; 0ms in CreateRegularizerAgents; 20ms in InferThetaAndUpdateNwtSparse; 0ms in UpdateCacheEntry; 14ms in CalculateScore(^^^ItemsProcessedScore^^^); ]
I0517 09:24:11.026836  4286 processor.cc:820] Processor: start processing batch 8a140e65-d5b5-45fb-b9d7-f6a88db2b1f3 into model nwt
I0517 09:24:11.027153  4287 processor.cc:820] Processor: start processing batch e35668b5-fa9f-46a8-9037-13ab25a04b64 into model nwt
I0517 09:24:11.059573  4287 processor.cc:925] Processor: complete processing batch e35668b5-fa9f-46a8-9037-13ab25a04b64 into model nwt
I0517 09:24:11.060721  4287 cuckoo_watch.h:45] 36ms in ProcessBatch(batches/aaaaab.batch) [including 3ms in LoadMessage; 2ms in InitializeSparseNdw; 0ms in FindReuseThetaCacheEntry; 0ms in InitializeTheta; 0ms in CreateRegularizerAgents; 17ms in InferThetaAndUpdateNwtSparse; 0ms in UpdateCacheEntry; 12ms in CalculateScore(^^^ItemsProcessedScore^^^); ]
I0517 09:24:11.063975  4286 processor.cc:925] Processor: complete processing batch 8a140e65-d5b5-45fb-b9d7-f6a88db2b1f3 into model nwt
I0517 09:24:11.065683  4287 processor.cc:820] Processor: start processing batch 6f91bfc0-7782-4d94-900f-12683c63a947 into model nwt
I0517 09:24:11.066023  4286 cuckoo_watch.h:45] 43ms in ProcessBatch(batches/aaaaai.batch) [including 4ms in LoadMessage; 2ms in InitializeSparseNdw; 0ms in FindReuseThetaCacheEntry; 0ms in InitializeTheta; 0ms in CreateRegularizerAgents; 19ms in InferThetaAndUpdateNwtSparse; 0ms in UpdateCacheEntry; 14ms in CalculateScore(^^^ItemsProcessedScore^^^); ]
I0517 09:24:11.070487  4286 processor.cc:820] Processor: start processing batch aca6bcc0-c665-4396-ada4-291825dcc108 into model nwt
I0517 09:24:11.125337  4286 processor.cc:925] Processor: complete processing batch aca6bcc0-c665-4396-ada4-291825dcc108 into model nwt
I0517 09:24:11.126719  4286 cuckoo_watch.h:45] 60ms in ProcessBatch(batches/aaaaag.batch) [including 4ms in LoadMessage; 4ms in InitializeSparseNdw; 0ms in FindReuseThetaCacheEntry; 0ms in InitializeTheta; 0ms in CreateRegularizerAgents; 29ms in InferThetaAndUpdateNwtSparse; 0ms in UpdateCacheEntry; 20ms in CalculateScore(^^^ItemsProcessedScore^^^); ]
I0517 09:24:11.135813  4286 processor.cc:820] Processor: start processing batch 887becb6-40ba-4f5d-bd95-f9a1a7c2e333 into model nwt
I0517 09:24:11.144071  4287 processor.cc:925] Processor: complete processing batch 6f91bfc0-7782-4d94-900f-12683c63a947 into model nwt
I0517 09:24:11.146153  4287 cuckoo_watch.h:45] 85ms in ProcessBatch(batches/aaaaaj.batch) [including 4ms in LoadMessage; 7ms in InitializeSparseNdw; 0ms in FindReuseThetaCacheEntry; 0ms in InitializeTheta; 0ms in CreateRegularizerAgents; 38ms in InferThetaAndUpdateNwtSparse; 0ms in UpdateCacheEntry; 31ms in CalculateScore(^^^ItemsProcessedScore^^^); ]
I0517 09:24:11.152870  4287 processor.cc:820] Processor: start processing batch eed1ab66-3d18-4c8f-80ca-06d78577e1b5 into model nwt
I0517 09:24:11.248335  4287 processor.cc:925] Processor: complete processing batch eed1ab66-3d18-4c8f-80ca-06d78577e1b5 into model nwt
I0517 09:24:11.250782  4287 cuckoo_watch.h:45] 104ms in ProcessBatch(batches/aaaaao.batch) [including 6ms in LoadMessage; 8ms in InitializeSparseNdw; 0ms in FindReuseThetaCacheEntry; 0ms in InitializeTheta; 0ms in CreateRegularizerAgents; 48ms in InferThetaAndUpdateNwtSparse; 0ms in UpdateCacheEntry; 37ms in CalculateScore(^^^ItemsProcessedScore^^^); ]
I0517 09:24:11.259505  4287 processor.cc:820] Processor: start processing batch 869c0ce4-6534-42c7-a71d-04a21ed703c9 into model nwt
I0517 09:24:11.274529  4286 processor.cc:925] Processor: complete processing batch 887becb6-40ba-4f5d-bd95-f9a1a7c2e333 into model nwt
I0517 09:24:11.277601  4286 cuckoo_watch.h:45] 150ms in ProcessBatch(batches/aaaaak.batch) [including 9ms in LoadMessage; 15ms in InitializeSparseNdw; 0ms in FindReuseThetaCacheEntry; 0ms in InitializeTheta; 0ms in CreateRegularizerAgents; 68ms in InferThetaAndUpdateNwtSparse; 0ms in UpdateCacheEntry; 54ms in CalculateScore(^^^ItemsProcessedScore^^^); ]
I0517 09:24:11.283176  4286 processor.cc:820] Processor: start processing batch eb16843a-7fac-4a5b-bf92-eb701b64bc2b into model nwt
I0517 09:24:11.375218  4286 processor.cc:925] Processor: complete processing batch eb16843a-7fac-4a5b-bf92-eb701b64bc2b into model nwt
I0517 09:24:11.377362  4286 cuckoo_watch.h:45] 99ms in ProcessBatch(batches/aaaaap.batch) [including 5ms in LoadMessage; 8ms in InitializeSparseNdw; 0ms in FindReuseThetaCacheEntry; 0ms in InitializeTheta; 0ms in CreateRegularizerAgents; 48ms in InferThetaAndUpdateNwtSparse; 0ms in UpdateCacheEntry; 35ms in CalculateScore(^^^ItemsProcessedScore^^^); ]
I0517 09:24:11.384172  4286 processor.cc:820] Processor: start processing batch 24818a70-5de4-4685-9db1-a57472a2f33d into model nwt
I0517 09:24:11.393676  4287 processor.cc:925] Processor: complete processing batch 869c0ce4-6534-42c7-a71d-04a21ed703c9 into model nwt
I0517 09:24:11.396459  4287 cuckoo_watch.h:45] 145ms in ProcessBatch(batches/aaaaal.batch) [including 8ms in LoadMessage; 12ms in InitializeSparseNdw; 0ms in FindReuseThetaCacheEntry; 0ms in InitializeTheta; 0ms in CreateRegularizerAgents; 67ms in InferThetaAndUpdateNwtSparse; 0ms in UpdateCacheEntry; 53ms in CalculateScore(^^^ItemsProcessedScore^^^); ]
I0517 09:24:11.404556  4287 processor.cc:820] Processor: start processing batch 48093719-1230-4be5-9080-959a67aea843 into model nwt
I0517 09:24:11.504487  4286 processor.cc:925] Processor: complete processing batch 24818a70-5de4-4685-9db1-a57472a2f33d into model nwt
I0517 09:24:11.507483  4286 cuckoo_watch.h:45] 130ms in ProcessBatch(batches/aaaaan.batch) [including 6ms in LoadMessage; 11ms in InitializeSparseNdw; 0ms in FindReuseThetaCacheEntry; 0ms in InitializeTheta; 0ms in CreateRegularizerAgents; 60ms in InferThetaAndUpdateNwtSparse; 0ms in UpdateCacheEntry; 48ms in CalculateScore(^^^ItemsProcessedScore^^^); ]
I0517 09:24:11.510131  4286 processor.cc:820] Processor: start processing batch bc8611cc-4bfe-4c0b-94cb-a7f98937890f into model nwt
I0517 09:24:11.533082  4286 processor.cc:925] Processor: complete processing batch bc8611cc-4bfe-4c0b-94cb-a7f98937890f into model nwt
I0517 09:24:11.533915  4286 cuckoo_watch.h:45] 26ms in ProcessBatch(batches/aaaaaq.batch) [including 2ms in LoadMessage; 1ms in InitializeSparseNdw; 0ms in FindReuseThetaCacheEntry; 0ms in InitializeTheta; 0ms in CreateRegularizerAgents; 13ms in InferThetaAndUpdateNwtSparse; 0ms in UpdateCacheEntry; 7ms in CalculateScore(^^^ItemsProcessedScore^^^); ]
I0517 09:24:11.535243  4286 processor.cc:820] Processor: start processing batch 297ddfff-83cb-461d-96d0-7f32e3bd63c5 into model nwt
I0517 09:24:11.539949  4286 processor.cc:925] Processor: complete processing batch 297ddfff-83cb-461d-96d0-7f32e3bd63c5 into model nwt
I0517 09:24:11.540107  4286 cuckoo_watch.h:45] 6ms in ProcessBatch(batches/aaaaar.batch) [including 1ms in LoadMessage; 0ms in InitializeSparseNdw; 0ms in FindReuseThetaCacheEntry; 0ms in InitializeTheta; 0ms in CreateRegularizerAgents; 2ms in InferThetaAndUpdateNwtSparse; 0ms in UpdateCacheEntry; 1ms in CalculateScore(^^^ItemsProcessedScore^^^); ]
I0517 09:24:11.543315  4287 processor.cc:925] Processor: complete processing batch 48093719-1230-4be5-9080-959a67aea843 into model nwt
I0517 09:24:11.545434  4287 cuckoo_watch.h:45] 148ms in ProcessBatch(batches/aaaaam.batch) [including 8ms in LoadMessage; 12ms in InitializeSparseNdw; 0ms in FindReuseThetaCacheEntry; 0ms in InitializeTheta; 0ms in CreateRegularizerAgents; 69ms in InferThetaAndUpdateNwtSparse; 0ms in UpdateCacheEntry; 56ms in CalculateScore(^^^ItemsProcessedScore^^^); ]
I0517 09:24:11.546281  4233 master_component.cc:1436] RegularizeModelArgs: rwt_target_name=rwt, pwt_source_name=pwt, nwt_source_name=nwt
I0517 09:24:11.546288  4233 master_component.cc:976] MasterComponent: start regularizing model pwt
I0517 09:24:11.561939  4286 processor.cc:740] No data in processing queue, waiting...
I0517 09:24:11.566341  4287 processor.cc:740] No data in processing queue, waiting...
I0517 09:24:11.666400  4233 master_component.cc:1002] MasterComponent: complete regularizing model pwt
I0517 09:24:11.666433  4233 master_component.cc:1449] NormalizeModelArgs: pwt_target_name=pwt, nwt_source_name=nwt, rwt_source_name=rwt
I0517 09:24:11.666436  4233 master_component.cc:1006] MasterComponent: start normalizing model nwt
I0517 09:24:11.752542  4233 master_component.cc:1034] MasterComponent: complete normalizing model nwt
I0517 09:24:11.868371  4233 master_component.cc:1473] DisposeModel rwt
I0517 09:24:11.878311  4233 master_component.cc:1059] FitOffline: ItemsProcessed, num_items=1728, num_batches=18, token_weight=808522, token_weight_in_effect=808522
I0517 09:24:11.878588  4233 c_interface.cc:389] Pass FitOfflineMasterModelArgs, batch_filename_size=18, batch_weight_size=18, num_collection_passes=1, reset_nwt=yes to MN4artm4core15MasterComponentEFvRKNS_25FitOfflineMasterModelArgsEE
I0517 09:24:11.878616  4233 master_component.cc:1398] ProcessBatchesArgs: nwt_target_name=nwt, batch_filename_size=18, batch_size=0, batch_weight_size=18, pwt_source_name=pwt, num_document_passes=1, regularizer=(name:1:urn:uuid:9df7968e-b6f1-11eb-93fc-0242ac1c0002, tau:100000), class=(text:1), class=(author:1), reuse_theta=yes, opt_for_avx=yes, predict_class_id=, reset_nwt=yes
I0517 09:24:11.897234  4286 processor.cc:747] Processing queue has data, processing started
I0517 09:24:11.897290  4287 processor.cc:747] Processing queue has data, processing started
I0517 09:24:11.902403  4286 processor.cc:820] Processor: start processing batch 2b83388f-249f-4ed1-b192-0219bc423703 into model nwt
I0517 09:24:11.905177  4287 processor.cc:820] Processor: start processing batch 38a57d2c-0361-456d-bd11-caf5267d02bb into model nwt
I0517 09:24:11.918936  4286 processor.cc:925] Processor: complete processing batch 2b83388f-249f-4ed1-b192-0219bc423703 into model nwt
I0517 09:24:11.919939  4286 cuckoo_watch.h:45] 22ms in ProcessBatch(batches/aaaaaa.batch) [including 5ms in LoadMessage; 0ms in InitializeSparseNdw; 0ms in FindReuseThetaCacheEntry; 0ms in InitializeTheta; 0ms in CreateRegularizerAgents; 9ms in InferThetaAndUpdateNwtSparse; 0ms in UpdateCacheEntry; 5ms in CalculateScore(^^^ItemsProcessedScore^^^); ]
I0517 09:24:11.923938  4286 processor.cc:820] Processor: start processing batch a7515b57-904e-45bd-87be-6b0c7390f055 into model nwt
I0517 09:24:11.937067  4287 processor.cc:925] Processor: complete processing batch 38a57d2c-0361-456d-bd11-caf5267d02bb into model nwt
I0517 09:24:11.938125  4287 cuckoo_watch.h:45] 40ms in ProcessBatch(batches/aaaaae.batch) [including 7ms in LoadMessage; 2ms in InitializeSparseNdw; 0ms in FindReuseThetaCacheEntry; 0ms in InitializeTheta; 0ms in CreateRegularizerAgents; 17ms in InferThetaAndUpdateNwtSparse; 0ms in UpdateCacheEntry; 11ms in CalculateScore(^^^ItemsProcessedScore^^^); ]
I0517 09:24:11.941108  4287 processor.cc:820] Processor: start processing batch e8d7a0bc-ceb5-4186-922e-ba0b54ee7545 into model nwt
I0517 09:24:11.967626  4286 processor.cc:925] Processor: complete processing batch a7515b57-904e-45bd-87be-6b0c7390f055 into model nwt
I0517 09:24:11.968758  4286 cuckoo_watch.h:45] 48ms in ProcessBatch(batches/aaaaah.batch) [including 3ms in LoadMessage; 3ms in InitializeSparseNdw; 0ms in FindReuseThetaCacheEntry; 0ms in InitializeTheta; 0ms in CreateRegularizerAgents; 24ms in InferThetaAndUpdateNwtSparse; 0ms in UpdateCacheEntry; 15ms in CalculateScore(^^^ItemsProcessedScore^^^); ]
I0517 09:24:11.972465  4286 processor.cc:820] Processor: start processing batch b3a4759d-d6bb-466b-a12b-285df63fbaf1 into model nwt
I0517 09:24:11.976336  4287 processor.cc:925] Processor: complete processing batch e8d7a0bc-ceb5-4186-922e-ba0b54ee7545 into model nwt
I0517 09:24:11.977531  4287 cuckoo_watch.h:45] 39ms in ProcessBatch(batches/aaaaad.batch) [including 2ms in LoadMessage; 2ms in InitializeSparseNdw; 0ms in FindReuseThetaCacheEntry; 0ms in InitializeTheta; 0ms in CreateRegularizerAgents; 19ms in InferThetaAndUpdateNwtSparse; 0ms in UpdateCacheEntry; 13ms in CalculateScore(^^^ItemsProcessedScore^^^); ]
I0517 09:24:11.980275  4287 processor.cc:820] Processor: start processing batch 43562c6f-c561-4e10-a354-3e20fdd18ca4 into model nwt
I0517 09:24:12.016343  4287 processor.cc:925] Processor: complete processing batch 43562c6f-c561-4e10-a354-3e20fdd18ca4 into model nwt
I0517 09:24:12.017283  4287 cuckoo_watch.h:45] 39ms in ProcessBatch(batches/aaaaac.batch) [including 2ms in LoadMessage; 2ms in InitializeSparseNdw; 0ms in FindReuseThetaCacheEntry; 0ms in InitializeTheta; 0ms in CreateRegularizerAgents; 19ms in InferThetaAndUpdateNwtSparse; 0ms in UpdateCacheEntry; 13ms in CalculateScore(^^^ItemsProcessedScore^^^); ]
I0517 09:24:12.020370  4287 processor.cc:820] Processor: start processing batch 8a140e65-d5b5-45fb-b9d7-f6a88db2b1f3 into model nwt
I0517 09:24:12.025283  4286 processor.cc:925] Processor: complete processing batch b3a4759d-d6bb-466b-a12b-285df63fbaf1 into model nwt
I0517 09:24:12.026319  4286 cuckoo_watch.h:45] 57ms in ProcessBatch(batches/aaaaaf.batch) [including 3ms in LoadMessage; 2ms in InitializeSparseNdw; 0ms in FindReuseThetaCacheEntry; 0ms in InitializeTheta; 0ms in CreateRegularizerAgents; 34ms in InferThetaAndUpdateNwtSparse; 0ms in UpdateCacheEntry; 15ms in CalculateScore(^^^ItemsProcessedScore^^^); ]
I0517 09:24:12.029523  4286 processor.cc:820] Processor: start processing batch e35668b5-fa9f-46a8-9037-13ab25a04b64 into model nwt
I0517 09:24:12.057152  4287 processor.cc:925] Processor: complete processing batch 8a140e65-d5b5-45fb-b9d7-f6a88db2b1f3 into model nwt
I0517 09:24:12.058252  4287 cuckoo_watch.h:45] 40ms in ProcessBatch(batches/aaaaai.batch) [including 3ms in LoadMessage; 2ms in InitializeSparseNdw; 0ms in FindReuseThetaCacheEntry; 0ms in InitializeTheta; 0ms in CreateRegularizerAgents; 20ms in InferThetaAndUpdateNwtSparse; 0ms in UpdateCacheEntry; 13ms in CalculateScore(^^^ItemsProcessedScore^^^); ]
I0517 09:24:12.062126  4286 processor.cc:925] Processor: complete processing batch e35668b5-fa9f-46a8-9037-13ab25a04b64 into model nwt
I0517 09:24:12.063179  4286 cuckoo_watch.h:45] 36ms in ProcessBatch(batches/aaaaab.batch) [including 3ms in LoadMessage; 2ms in InitializeSparseNdw; 0ms in FindReuseThetaCacheEntry; 0ms in InitializeTheta; 0ms in CreateRegularizerAgents; 17ms in InferThetaAndUpdateNwtSparse; 0ms in UpdateCacheEntry; 12ms in CalculateScore(^^^ItemsProcessedScore^^^); ]
I0517 09:24:12.064803  4287 processor.cc:820] Processor: start processing batch 6f91bfc0-7782-4d94-900f-12683c63a947 into model nwt
I0517 09:24:12.068148  4286 processor.cc:820] Processor: start processing batch aca6bcc0-c665-4396-ada4-291825dcc108 into model nwt
I0517 09:24:12.120790  4286 processor.cc:925] Processor: complete processing batch aca6bcc0-c665-4396-ada4-291825dcc108 into model nwt
I0517 09:24:12.121997  4286 cuckoo_watch.h:45] 58ms in ProcessBatch(batches/aaaaag.batch) [including 4ms in LoadMessage; 4ms in InitializeSparseNdw; 0ms in FindReuseThetaCacheEntry; 0ms in InitializeTheta; 0ms in CreateRegularizerAgents; 29ms in InferThetaAndUpdateNwtSparse; 0ms in UpdateCacheEntry; 18ms in CalculateScore(^^^ItemsProcessedScore^^^); ]
I0517 09:24:12.130295  4286 processor.cc:820] Processor: start processing batch 887becb6-40ba-4f5d-bd95-f9a1a7c2e333 into model nwt
I0517 09:24:12.135809  4287 processor.cc:925] Processor: complete processing batch 6f91bfc0-7782-4d94-900f-12683c63a947 into model nwt
I0517 09:24:12.137423  4287 cuckoo_watch.h:45] 79ms in ProcessBatch(batches/aaaaaj.batch) [including 6ms in LoadMessage; 6ms in InitializeSparseNdw; 0ms in FindReuseThetaCacheEntry; 0ms in InitializeTheta; 0ms in CreateRegularizerAgents; 36ms in InferThetaAndUpdateNwtSparse; 0ms in UpdateCacheEntry; 27ms in CalculateScore(^^^ItemsProcessedScore^^^); ]
I0517 09:24:12.144059  4287 processor.cc:820] Processor: start processing batch eed1ab66-3d18-4c8f-80ca-06d78577e1b5 into model nwt
I0517 09:24:12.239652  4287 processor.cc:925] Processor: complete processing batch eed1ab66-3d18-4c8f-80ca-06d78577e1b5 into model nwt
I0517 09:24:12.241808  4287 cuckoo_watch.h:45] 104ms in ProcessBatch(batches/aaaaao.batch) [including 6ms in LoadMessage; 8ms in InitializeSparseNdw; 0ms in FindReuseThetaCacheEntry; 0ms in InitializeTheta; 0ms in CreateRegularizerAgents; 49ms in InferThetaAndUpdateNwtSparse; 0ms in UpdateCacheEntry; 37ms in CalculateScore(^^^ItemsProcessedScore^^^); ]
I0517 09:24:12.250317  4287 processor.cc:820] Processor: start processing batch 869c0ce4-6534-42c7-a71d-04a21ed703c9 into model nwt
I0517 09:24:12.268002  4286 processor.cc:925] Processor: complete processing batch 887becb6-40ba-4f5d-bd95-f9a1a7c2e333 into model nwt
I0517 09:24:12.271890  4286 cuckoo_watch.h:45] 149ms in ProcessBatch(batches/aaaaak.batch) [including 8ms in LoadMessage; 13ms in InitializeSparseNdw; 0ms in FindReuseThetaCacheEntry; 0ms in InitializeTheta; 0ms in CreateRegularizerAgents; 69ms in InferThetaAndUpdateNwtSparse; 0ms in UpdateCacheEntry; 54ms in CalculateScore(^^^ItemsProcessedScore^^^); ]
I0517 09:24:12.278056  4286 processor.cc:820] Processor: start processing batch eb16843a-7fac-4a5b-bf92-eb701b64bc2b into model nwt
I0517 09:24:12.370083  4286 processor.cc:925] Processor: complete processing batch eb16843a-7fac-4a5b-bf92-eb701b64bc2b into model nwt
I0517 09:24:12.372217  4286 cuckoo_watch.h:45] 100ms in ProcessBatch(batches/aaaaap.batch) [including 6ms in LoadMessage; 8ms in InitializeSparseNdw; 0ms in FindReuseThetaCacheEntry; 0ms in InitializeTheta; 0ms in CreateRegularizerAgents; 48ms in InferThetaAndUpdateNwtSparse; 0ms in UpdateCacheEntry; 34ms in CalculateScore(^^^ItemsProcessedScore^^^); ]
I0517 09:24:12.379212  4286 processor.cc:820] Processor: start processing batch 24818a70-5de4-4685-9db1-a57472a2f33d into model nwt
I0517 09:24:12.385067  4287 processor.cc:925] Processor: complete processing batch 869c0ce4-6534-42c7-a71d-04a21ed703c9 into model nwt
I0517 09:24:12.387899  4287 cuckoo_watch.h:45] 146ms in ProcessBatch(batches/aaaaal.batch) [including 8ms in LoadMessage; 12ms in InitializeSparseNdw; 0ms in FindReuseThetaCacheEntry; 0ms in InitializeTheta; 0ms in CreateRegularizerAgents; 67ms in InferThetaAndUpdateNwtSparse; 0ms in UpdateCacheEntry; 54ms in CalculateScore(^^^ItemsProcessedScore^^^); ]
I0517 09:24:12.396157  4287 processor.cc:820] Processor: start processing batch 48093719-1230-4be5-9080-959a67aea843 into model nwt
I0517 09:24:12.500504  4286 processor.cc:925] Processor: complete processing batch 24818a70-5de4-4685-9db1-a57472a2f33d into model nwt
I0517 09:24:12.503546  4286 cuckoo_watch.h:45] 131ms in ProcessBatch(batches/aaaaan.batch) [including 6ms in LoadMessage; 11ms in InitializeSparseNdw; 0ms in FindReuseThetaCacheEntry; 0ms in InitializeTheta; 0ms in CreateRegularizerAgents; 60ms in InferThetaAndUpdateNwtSparse; 0ms in UpdateCacheEntry; 48ms in CalculateScore(^^^ItemsProcessedScore^^^); ]
I0517 09:24:12.507622  4286 processor.cc:820] Processor: start processing batch bc8611cc-4bfe-4c0b-94cb-a7f98937890f into model nwt
I0517 09:24:12.532733  4286 processor.cc:925] Processor: complete processing batch bc8611cc-4bfe-4c0b-94cb-a7f98937890f into model nwt
