Log file created at: 2021/05/17 09:23:59
Running on machine: d1c360789369
Log line format: [IWEF]mmdd hh:mm:ss.uuuuuu threadid file:line] msg
I0517 09:23:59.729280  4233 c_interface.cc:127] Logging enabled to .
I0517 09:23:59.737316  4233 c_interface.cc:128] BigARTM version: v0.9.2
I0517 09:23:59.737401  4233 c_interface.cc:271] Pass MasterModelConfig: topic_name_size=0, score_config_size=1, num_processors=0, pwt_name=pwt, nwt_name=nwt, num_document_passes=0, reuse_theta=no, cache_theta=no, opt_for_avx=yes, disk_cache_path= to ArtmCreateMasterModel
I0517 09:23:59.737454  4233 c_interface.cc:274] Creating MasterModel (id=1)...
I0517 09:23:59.740051  4233 collection_parser.cc:557] CollectionParserConfig.num_threads is automatically set to 2
W0517 09:23:59.767033  4284 helpers.cc:221] File already exists: batches/aaaaaa.batch
W0517 09:23:59.812367  4285 helpers.cc:221] File already exists: batches/aaaaab.batch
W0517 09:23:59.862062  4284 helpers.cc:221] File already exists: batches/aaaaac.batch
W0517 09:23:59.886523  4285 helpers.cc:221] File already exists: batches/aaaaad.batch
W0517 09:23:59.930757  4284 helpers.cc:221] File already exists: batches/aaaaae.batch
W0517 09:23:59.963279  4285 helpers.cc:221] File already exists: batches/aaaaaf.batch
W0517 09:24:00.045495  4284 helpers.cc:221] File already exists: batches/aaaaag.batch
W0517 09:24:00.060271  4285 helpers.cc:221] File already exists: batches/aaaaah.batch
W0517 09:24:00.126845  4284 helpers.cc:221] File already exists: batches/aaaaai.batch
W0517 09:24:00.237844  4285 helpers.cc:221] File already exists: batches/aaaaaj.batch
W0517 09:24:00.473762  4284 helpers.cc:221] File already exists: batches/aaaaak.batch
W0517 09:24:00.545783  4285 helpers.cc:221] File already exists: batches/aaaaal.batch
W0517 09:24:00.813750  4284 helpers.cc:221] File already exists: batches/aaaaam.batch
W0517 09:24:00.835948  4285 helpers.cc:221] File already exists: batches/aaaaan.batch
W0517 09:24:01.048214  4284 helpers.cc:221] File already exists: batches/aaaaao.batch
W0517 09:24:01.072829  4285 helpers.cc:221] File already exists: batches/aaaaap.batch
W0517 09:24:01.098191  4285 helpers.cc:221] File already exists: batches/aaaaar.batch
W0517 09:24:01.112972  4284 helpers.cc:221] File already exists: batches/aaaaaq.batch
I0517 09:24:01.130851  4233 c_interface.cc:375] Pass b2a2faa7-33a2-43db-8b9f-f220970a2d8b to MN4artm4core15MasterComponentEFvRKSsE
I0517 09:24:01.130990  4233 c_interface.cc:389] Pass GatherDictionaryArgs: dictionary_target_name=b2a2faa7-33a2-43db-8b9f-f220970a2d8b, data_path=batches, symmetric_cooc_values=0 to MN4artm4core15MasterComponentEFvRKNS_20GatherDictionaryArgsEE
I0517 09:24:01.134995  4233 dictionary_operations.cc:261] Found 18 batches in 'batches' folder
I0517 09:24:01.296785  4233 dictionary_operations.cc:325] Find 26866 unique tokens in 1728 items
I0517 09:24:01.327560  4233 dictionary_operations.cc:589] Dictionary name='b2a2faa7-33a2-43db-8b9f-f220970a2d8b' contains entries: author:539; text:26327; 
I0517 09:24:01.341137  4233 c_interface.cc:271] Pass MasterModelConfig: topic_name_size=30, class=(text:1), class=(author:1), score_config_size=1, num_processors=0, pwt_name=pwt, nwt_name=nwt, num_document_passes=10, reuse_theta=yes, cache_theta=yes, opt_for_avx=yes, disk_cache_path= to ArtmCreateMasterModel
I0517 09:24:01.341219  4233 instance.cc:401] MasterModelConfig.processors_count is automatically set to 2
I0517 09:24:01.341298  4233 c_interface.cc:274] Creating MasterModel (id=2)...
I0517 09:24:01.343569  4286 processor.cc:724] Processor thread started
I0517 09:24:01.343614  4287 processor.cc:724] Processor thread started
I0517 09:24:01.354105  4233 c_interface.cc:271] Pass MasterModelConfig: topic_name_size=0, score_config_size=1, num_processors=0, pwt_name=pwt, nwt_name=nwt, num_document_passes=0, reuse_theta=no, cache_theta=no, opt_for_avx=yes, disk_cache_path= to ArtmCreateMasterModel
I0517 09:24:01.354141  4233 c_interface.cc:274] Creating MasterModel (id=3)...
I0517 09:24:01.355134  4233 c_interface.cc:375] Pass PostnaukaDictionary to MN4artm4core15MasterComponentEFvRKSsE
I0517 09:24:01.355382  4233 c_interface.cc:389] Pass GatherDictionaryArgs: dictionary_target_name=PostnaukaDictionary, data_path=batches, symmetric_cooc_values=0 to MN4artm4core15MasterComponentEFvRKNS_20GatherDictionaryArgsEE
I0517 09:24:01.360087  4233 dictionary_operations.cc:261] Found 18 batches in 'batches' folder
I0517 09:24:01.365803  4287 processor.cc:740] No data in processing queue, waiting...
I0517 09:24:01.380367  4286 processor.cc:740] No data in processing queue, waiting...
I0517 09:24:01.530045  4233 dictionary_operations.cc:325] Find 26866 unique tokens in 1728 items
I0517 09:24:01.561180  4233 dictionary_operations.cc:589] Dictionary name='PostnaukaDictionary' contains entries: author:539; text:26327; 
I0517 09:24:01.561496  4233 c_interface.cc:375] Pass pwt to MN4artm4core15MasterComponentEFvRKSsE
I0517 09:24:01.561519  4233 c_interface.cc:375] Pass nwt to MN4artm4core15MasterComponentEFvRKSsE
I0517 09:24:01.561668  4233 c_interface.cc:389] Pass InitializeModelArgs: model_name=pwt, dictionary_name=PostnaukaDictionary, topic_name_size=30, seed=1 to MN4artm4core15MasterComponentEFvRKNS_19InitializeModelArgsEE
I0517 09:24:01.678128  4233 master_component.cc:664] InitializeModel() created matrix pwt with 30 topics and 26866 tokens; 
I0517 09:24:01.678329  4233 c_interface.cc:389] Pass InitializeModelArgs: model_name=nwt, dictionary_name=PostnaukaDictionary, topic_name_size=30, seed=1 to MN4artm4core15MasterComponentEFvRKNS_19InitializeModelArgsEE
I0517 09:24:01.803380  4233 master_component.cc:664] InitializeModel() created matrix nwt with 30 topics and 26866 tokens; 
I0517 09:24:01.803625  4233 c_interface.cc:231] ArtmCopyRequestedMessage is copying 309 bytes...
I0517 09:24:01.814893  4233 c_interface.cc:389] Pass MasterModelConfig: topic_name_size=30, class=(text:1), class=(author:1), score_config_size=2, num_processors=0, pwt_name=pwt, nwt_name=nwt, num_document_passes=10, reuse_theta=yes, cache_theta=yes, opt_for_avx=yes, disk_cache_path= to MN4artm4core15MasterComponentEFvRKNS_17MasterModelConfigEE
I0517 09:24:01.814929  4233 instance.cc:401] MasterModelConfig.processors_count is automatically set to 2
I0517 09:24:01.815373  4233 c_interface.cc:389] Pass MasterModelConfig: topic_name_size=30, class=(text:1), class=(author:1), score_config_size=3, num_processors=0, pwt_name=pwt, nwt_name=nwt, num_document_passes=10, reuse_theta=yes, cache_theta=yes, opt_for_avx=yes, disk_cache_path= to MN4artm4core15MasterComponentEFvRKNS_17MasterModelConfigEE
I0517 09:24:01.815394  4233 instance.cc:401] MasterModelConfig.processors_count is automatically set to 2
I0517 09:24:01.855957  4233 c_interface.cc:389] Pass MasterModelConfig: topic_name_size=30, class=(text:1), class=(author:1), score_config_size=3, num_processors=0, pwt_name=pwt, nwt_name=nwt, num_document_passes=10, regularizer=(1:urn:uuid:9df7968e-b6f1-11eb-93fc-0242ac1c0002:100000), reuse_theta=yes, cache_theta=yes, opt_for_avx=yes, disk_cache_path= to MN4artm4core15MasterComponentEFvRKNS_17MasterModelConfigEE
I0517 09:24:01.856012  4233 instance.cc:401] MasterModelConfig.processors_count is automatically set to 2
I0517 09:24:01.856063  4233 instance.cc:232] Regularizer '1:urn:uuid:9df7968e-b6f1-11eb-93fc-0242ac1c0002' was cold-reconfigured
I0517 09:24:01.864794  4233 c_interface.cc:389] Pass MasterModelConfig: topic_name_size=30, class=(text:1), class=(author:1), score_config_size=3, num_processors=0, pwt_name=pwt, nwt_name=nwt, num_document_passes=1, regularizer=(1:urn:uuid:9df7968e-b6f1-11eb-93fc-0242ac1c0002:100000), reuse_theta=yes, cache_theta=yes, opt_for_avx=yes, disk_cache_path= to MN4artm4core15MasterComponentEFvRKNS_17MasterModelConfigEE
I0517 09:24:01.864863  4233 instance.cc:401] MasterModelConfig.processors_count is automatically set to 2
I0517 09:24:01.864907  4233 instance.cc:232] Regularizer '1:urn:uuid:9df7968e-b6f1-11eb-93fc-0242ac1c0002' was cold-reconfigured
I0517 09:24:01.873111  4233 c_interface.cc:389] Pass FitOfflineMasterModelArgs, batch_filename_size=18, batch_weight_size=18, num_collection_passes=1, reset_nwt=yes to MN4artm4core15MasterComponentEFvRKNS_25FitOfflineMasterModelArgsEE
I0517 09:24:01.873162  4233 master_component.cc:1398] ProcessBatchesArgs: nwt_target_name=nwt, batch_filename_size=18, batch_size=0, batch_weight_size=18, pwt_source_name=pwt, num_document_passes=1, regularizer=(name:1:urn:uuid:9df7968e-b6f1-11eb-93fc-0242ac1c0002, tau:100000), class=(text:1), class=(author:1), reuse_theta=yes, opt_for_avx=yes, predict_class_id=, reset_nwt=yes
I0517 09:24:01.890250  4287 processor.cc:747] Processing queue has data, processing started
I0517 09:24:01.890336  4286 processor.cc:747] Processing queue has data, processing started
I0517 09:24:01.894881  4287 processor.cc:820] Processor: start processing batch 2b83388f-249f-4ed1-b192-0219bc423703 into model nwt
I0517 09:24:01.898456  4286 processor.cc:820] Processor: start processing batch 38a57d2c-0361-456d-bd11-caf5267d02bb into model nwt
I0517 09:24:01.916688  4287 processor.cc:925] Processor: complete processing batch 2b83388f-249f-4ed1-b192-0219bc423703 into model nwt
I0517 09:24:01.917721  4287 cuckoo_watch.h:45] 27ms in ProcessBatch(batches/aaaaaa.batch) [including 4ms in LoadMessage; 0ms in InitializeSparseNdw; 0ms in FindReuseThetaCacheEntry; 0ms in InitializeTheta; 0ms in CreateRegularizerAgents; 10ms in InferThetaAndUpdateNwtSparse; 0ms in UpdateCacheEntry; 9ms in CalculateScore(^^^ItemsProcessedScore^^^); ]
I0517 09:24:01.923496  4287 processor.cc:820] Processor: start processing batch a7515b57-904e-45bd-87be-6b0c7390f055 into model nwt
I0517 09:24:01.947237  4286 processor.cc:925] Processor: complete processing batch 38a57d2c-0361-456d-bd11-caf5267d02bb into model nwt
I0517 09:24:01.948282  4286 cuckoo_watch.h:45] 57ms in ProcessBatch(batches/aaaaae.batch) [including 8ms in LoadMessage; 1ms in InitializeSparseNdw; 0ms in FindReuseThetaCacheEntry; 0ms in InitializeTheta; 0ms in CreateRegularizerAgents; 35ms in InferThetaAndUpdateNwtSparse; 0ms in UpdateCacheEntry; 10ms in CalculateScore(^^^ItemsProcessedScore^^^); ]
I0517 09:24:01.951858  4286 processor.cc:820] Processor: start processing batch e8d7a0bc-ceb5-4186-922e-ba0b54ee7545 into model nwt
I0517 09:24:01.971596  4287 processor.cc:925] Processor: complete processing batch a7515b57-904e-45bd-87be-6b0c7390f055 into model nwt
I0517 09:24:01.972913  4287 cuckoo_watch.h:45] 55ms in ProcessBatch(batches/aaaaah.batch) [including 5ms in LoadMessage; 8ms in InitializeSparseNdw; 0ms in FindReuseThetaCacheEntry; 0ms in InitializeTheta; 1ms in CreateRegularizerAgents; 24ms in InferThetaAndUpdateNwtSparse; 0ms in UpdateCacheEntry; 13ms in CalculateScore(^^^ItemsProcessedScore^^^); ]
I0517 09:24:01.975936  4287 processor.cc:820] Processor: start processing batch b3a4759d-d6bb-466b-a12b-285df63fbaf1 into model nwt
I0517 09:24:01.990448  4286 processor.cc:925] Processor: complete processing batch e8d7a0bc-ceb5-4186-922e-ba0b54ee7545 into model nwt
I0517 09:24:01.991626  4286 cuckoo_watch.h:45] 43ms in ProcessBatch(batches/aaaaad.batch) [including 3ms in LoadMessage; 2ms in InitializeSparseNdw; 0ms in FindReuseThetaCacheEntry; 0ms in InitializeTheta; 0ms in CreateRegularizerAgents; 25ms in InferThetaAndUpdateNwtSparse; 0ms in UpdateCacheEntry; 10ms in CalculateScore(^^^ItemsProcessedScore^^^); ]
I0517 09:24:01.994877  4286 processor.cc:820] Processor: start processing batch 43562c6f-c561-4e10-a354-3e20fdd18ca4 into model nwt
I0517 09:24:02.011437  4287 processor.cc:925] Processor: complete processing batch b3a4759d-d6bb-466b-a12b-285df63fbaf1 into model nwt
I0517 09:24:02.012667  4287 cuckoo_watch.h:45] 39ms in ProcessBatch(batches/aaaaaf.batch) [including 2ms in LoadMessage; 2ms in InitializeSparseNdw; 0ms in FindReuseThetaCacheEntry; 0ms in InitializeTheta; 0ms in CreateRegularizerAgents; 20ms in InferThetaAndUpdateNwtSparse; 0ms in UpdateCacheEntry; 12ms in CalculateScore(^^^ItemsProcessedScore^^^); ]
I0517 09:24:02.015564  4287 processor.cc:820] Processor: start processing batch 8a140e65-d5b5-45fb-b9d7-f6a88db2b1f3 into model nwt
I0517 09:24:02.029209  4286 processor.cc:925] Processor: complete processing batch 43562c6f-c561-4e10-a354-3e20fdd18ca4 into model nwt
I0517 09:24:02.030201  4286 cuckoo_watch.h:45] 38ms in ProcessBatch(batches/aaaaac.batch) [including 3ms in LoadMessage; 2ms in InitializeSparseNdw; 0ms in FindReuseThetaCacheEntry; 0ms in InitializeTheta; 0ms in CreateRegularizerAgents; 20ms in InferThetaAndUpdateNwtSparse; 0ms in UpdateCacheEntry; 10ms in CalculateScore(^^^ItemsProcessedScore^^^); ]
I0517 09:24:02.033455  4286 processor.cc:820] Processor: start processing batch e35668b5-fa9f-46a8-9037-13ab25a04b64 into model nwt
I0517 09:24:02.051271  4287 processor.cc:925] Processor: complete processing batch 8a140e65-d5b5-45fb-b9d7-f6a88db2b1f3 into model nwt
I0517 09:24:02.052404  4287 cuckoo_watch.h:45] 39ms in ProcessBatch(batches/aaaaai.batch) [including 2ms in LoadMessage; 2ms in InitializeSparseNdw; 0ms in FindReuseThetaCacheEntry; 0ms in InitializeTheta; 0ms in CreateRegularizerAgents; 20ms in InferThetaAndUpdateNwtSparse; 0ms in UpdateCacheEntry; 12ms in CalculateScore(^^^ItemsProcessedScore^^^); ]
I0517 09:24:02.059506  4287 processor.cc:820] Processor: start processing batch 6f91bfc0-7782-4d94-900f-12683c63a947 into model nwt
I0517 09:24:02.069188  4286 processor.cc:925] Processor: complete processing batch e35668b5-fa9f-46a8-9037-13ab25a04b64 into model nwt
I0517 09:24:02.070225  4286 cuckoo_watch.h:45] 39ms in ProcessBatch(batches/aaaaab.batch) [including 3ms in LoadMessage; 2ms in InitializeSparseNdw; 0ms in FindReuseThetaCacheEntry; 0ms in InitializeTheta; 0ms in CreateRegularizerAgents; 23ms in InferThetaAndUpdateNwtSparse; 0ms in UpdateCacheEntry; 9ms in CalculateScore(^^^ItemsProcessedScore^^^); ]
I0517 09:24:02.074179  4286 processor.cc:820] Processor: start processing batch aca6bcc0-c665-4396-ada4-291825dcc108 into model nwt
I0517 09:24:02.126021  4286 processor.cc:925] Processor: complete processing batch aca6bcc0-c665-4396-ada4-291825dcc108 into model nwt
I0517 09:24:02.127444  4286 cuckoo_watch.h:45] 57ms in ProcessBatch(batches/aaaaag.batch) [including 3ms in LoadMessage; 10ms in InitializeSparseNdw; 0ms in FindReuseThetaCacheEntry; 0ms in InitializeTheta; 0ms in CreateRegularizerAgents; 25ms in InferThetaAndUpdateNwtSparse; 0ms in UpdateCacheEntry; 16ms in CalculateScore(^^^ItemsProcessedScore^^^); ]
I0517 09:24:02.132889  4287 processor.cc:925] Processor: complete processing batch 6f91bfc0-7782-4d94-900f-12683c63a947 into model nwt
I0517 09:24:02.134840  4287 cuckoo_watch.h:45] 82ms in ProcessBatch(batches/aaaaaj.batch) [including 7ms in LoadMessage; 6ms in InitializeSparseNdw; 0ms in FindReuseThetaCacheEntry; 0ms in InitializeTheta; 0ms in CreateRegularizerAgents; 41ms in InferThetaAndUpdateNwtSparse; 0ms in UpdateCacheEntry; 25ms in CalculateScore(^^^ItemsProcessedScore^^^); ]
I0517 09:24:02.136068  4286 processor.cc:820] Processor: start processing batch 887becb6-40ba-4f5d-bd95-f9a1a7c2e333 into model nwt
I0517 09:24:02.140100  4287 processor.cc:820] Processor: start processing batch eed1ab66-3d18-4c8f-80ca-06d78577e1b5 into model nwt
I0517 09:24:02.235033  4287 processor.cc:925] Processor: complete processing batch eed1ab66-3d18-4c8f-80ca-06d78577e1b5 into model nwt
I0517 09:24:02.236443  4287 cuckoo_watch.h:45] 101ms in ProcessBatch(batches/aaaaao.batch) [including 5ms in LoadMessage; 9ms in InitializeSparseNdw; 0ms in FindReuseThetaCacheEntry; 0ms in InitializeTheta; 0ms in CreateRegularizerAgents; 48ms in InferThetaAndUpdateNwtSparse; 0ms in UpdateCacheEntry; 36ms in CalculateScore(^^^ItemsProcessedScore^^^); ]
I0517 09:24:02.242872  4287 processor.cc:820] Processor: start processing batch 869c0ce4-6534-42c7-a71d-04a21ed703c9 into model nwt
I0517 09:24:02.262526  4286 processor.cc:925] Processor: complete processing batch 887becb6-40ba-4f5d-bd95-f9a1a7c2e333 into model nwt
I0517 09:24:02.264056  4286 cuckoo_watch.h:45] 136ms in ProcessBatch(batches/aaaaak.batch) [including 8ms in LoadMessage; 13ms in InitializeSparseNdw; 0ms in FindReuseThetaCacheEntry; 0ms in InitializeTheta; 0ms in CreateRegularizerAgents; 62ms in InferThetaAndUpdateNwtSparse; 0ms in UpdateCacheEntry; 50ms in CalculateScore(^^^ItemsProcessedScore^^^); ]
I0517 09:24:02.269498  4286 processor.cc:820] Processor: start processing batch eb16843a-7fac-4a5b-bf92-eb701b64bc2b into model nwt
I0517 09:24:02.350772  4286 processor.cc:925] Processor: complete processing batch eb16843a-7fac-4a5b-bf92-eb701b64bc2b into model nwt
I0517 09:24:02.352149  4286 cuckoo_watch.h:45] 88ms in ProcessBatch(batches/aaaaap.batch) [including 5ms in LoadMessage; 7ms in InitializeSparseNdw; 0ms in FindReuseThetaCacheEntry; 0ms in InitializeTheta; 0ms in CreateRegularizerAgents; 44ms in InferThetaAndUpdateNwtSparse; 0ms in UpdateCacheEntry; 28ms in CalculateScore(^^^ItemsProcessedScore^^^); ]
I0517 09:24:02.361275  4286 processor.cc:820] Processor: start processing batch 24818a70-5de4-4685-9db1-a57472a2f33d into model nwt
I0517 09:24:02.367832  4287 processor.cc:925] Processor: complete processing batch 869c0ce4-6534-42c7-a71d-04a21ed703c9 into model nwt
I0517 09:24:02.369580  4287 cuckoo_watch.h:45] 133ms in ProcessBatch(batches/aaaaal.batch) [including 6ms in LoadMessage; 13ms in InitializeSparseNdw; 0ms in FindReuseThetaCacheEntry; 0ms in InitializeTheta; 0ms in CreateRegularizerAgents; 64ms in InferThetaAndUpdateNwtSparse; 0ms in UpdateCacheEntry; 47ms in CalculateScore(^^^ItemsProcessedScore^^^); ]
I0517 09:24:02.376119  4287 processor.cc:820] Processor: start processing batch 48093719-1230-4be5-9080-959a67aea843 into model nwt
I0517 09:24:02.502780  4286 processor.cc:925] Processor: complete processing batch 24818a70-5de4-4685-9db1-a57472a2f33d into model nwt
I0517 09:24:02.504319  4286 cuckoo_watch.h:45] 152ms in ProcessBatch(batches/aaaaan.batch) [including 9ms in LoadMessage; 16ms in InitializeSparseNdw; 0ms in FindReuseThetaCacheEntry; 0ms in InitializeTheta; 0ms in CreateRegularizerAgents; 84ms in InferThetaAndUpdateNwtSparse; 0ms in UpdateCacheEntry; 40ms in CalculateScore(^^^ItemsProcessedScore^^^); ]
I0517 09:24:02.507035  4286 processor.cc:820] Processor: start processing batch bc8611cc-4bfe-4c0b-94cb-a7f98937890f into model nwt
I0517 09:24:02.510077  4287 processor.cc:925] Processor: complete processing batch 48093719-1230-4be5-9080-959a67aea843 into model nwt
I0517 09:24:02.511840  4287 cuckoo_watch.h:45] 142ms in ProcessBatch(batches/aaaaam.batch) [including 6ms in LoadMessage; 12ms in InitializeSparseNdw; 0ms in FindReuseThetaCacheEntry; 0ms in InitializeTheta; 0ms in CreateRegularizerAgents; 72ms in InferThetaAndUpdateNwtSparse; 0ms in UpdateCacheEntry; 48ms in CalculateScore(^^^ItemsProcessedScore^^^); ]
I0517 09:24:02.513275  4287 processor.cc:820] Processor: start processing batch 297ddfff-83cb-461d-96d0-7f32e3bd63c5 into model nwt
I0517 09:24:02.517417  4287 processor.cc:925] Processor: complete processing batch 297ddfff-83cb-461d-96d0-7f32e3bd63c5 into model nwt
I0517 09:24:02.517565  4287 cuckoo_watch.h:45] 5ms in ProcessBatch(batches/aaaaar.batch) [including 1ms in LoadMessage; 0ms in InitializeSparseNdw; 0ms in FindReuseThetaCacheEntry; 0ms in InitializeTheta; 0ms in CreateRegularizerAgents; 2ms in InferThetaAndUpdateNwtSparse; 0ms in UpdateCacheEntry; 1ms in CalculateScore(^^^ItemsProcessedScore^^^); ]
I0517 09:24:02.526026  4286 processor.cc:925] Processor: complete processing batch bc8611cc-4bfe-4c0b-94cb-a7f98937890f into model nwt
I0517 09:24:02.526378  4286 cuckoo_watch.h:45] 22ms in ProcessBatch(batches/aaaaaq.batch) [including 2ms in LoadMessage; 1ms in InitializeSparseNdw; 0ms in FindReuseThetaCacheEntry; 0ms in InitializeTheta; 0ms in CreateRegularizerAgents; 12ms in InferThetaAndUpdateNwtSparse; 0ms in UpdateCacheEntry; 4ms in CalculateScore(^^^ItemsProcessedScore^^^); ]
I0517 09:24:02.527093  4233 master_component.cc:1436] RegularizeModelArgs: rwt_target_name=rwt, pwt_source_name=pwt, nwt_source_name=nwt
I0517 09:24:02.527104  4233 master_component.cc:976] MasterComponent: start regularizing model pwt
I0517 09:24:02.543188  4287 processor.cc:740] No data in processing queue, waiting...
I0517 09:24:02.547152  4286 processor.cc:740] No data in processing queue, waiting...
I0517 09:24:02.646785  4233 master_component.cc:1002] MasterComponent: complete regularizing model pwt
I0517 09:24:02.646819  4233 master_component.cc:1449] NormalizeModelArgs: pwt_target_name=pwt, nwt_source_name=nwt, rwt_source_name=rwt
I0517 09:24:02.646822  4233 master_component.cc:1006] MasterComponent: start normalizing model nwt
I0517 09:24:02.733129  4233 master_component.cc:1034] MasterComponent: complete normalizing model nwt
I0517 09:24:02.853397  4233 master_component.cc:1473] DisposeModel rwt
I0517 09:24:02.863162  4233 master_component.cc:1059] FitOffline: ItemsProcessed, num_items=1728, num_batches=18, token_weight=808522, token_weight_in_effect=808522
I0517 09:24:02.863473  4233 c_interface.cc:389] Pass FitOfflineMasterModelArgs, batch_filename_size=18, batch_weight_size=18, num_collection_passes=1, reset_nwt=yes to MN4artm4core15MasterComponentEFvRKNS_25FitOfflineMasterModelArgsEE
I0517 09:24:02.863498  4233 master_component.cc:1398] ProcessBatchesArgs: nwt_target_name=nwt, batch_filename_size=18, batch_size=0, batch_weight_size=18, pwt_source_name=pwt, num_document_passes=1, regularizer=(name:1:urn:uuid:9df7968e-b6f1-11eb-93fc-0242ac1c0002, tau:100000), class=(text:1), class=(author:1), reuse_theta=yes, opt_for_avx=yes, predict_class_id=, reset_nwt=yes
I0517 09:24:02.882406  4287 processor.cc:747] Processing queue has data, processing started
I0517 09:24:02.882668  4286 processor.cc:747] Processing queue has data, processing started
I0517 09:24:02.886585  4287 processor.cc:820] Processor: start processing batch 2b83388f-249f-4ed1-b192-0219bc423703 into model nwt
I0517 09:24:02.888118  4286 processor.cc:820] Processor: start processing batch 38a57d2c-0361-456d-bd11-caf5267d02bb into model nwt
I0517 09:24:02.906561  4287 processor.cc:925] Processor: complete processing batch 2b83388f-249f-4ed1-b192-0219bc423703 into model nwt
I0517 09:24:02.907025  4287 cuckoo_watch.h:45] 24ms in ProcessBatch(batches/aaaaaa.batch) [including 4ms in LoadMessage; 5ms in InitializeSparseNdw; 0ms in FindReuseThetaCacheEntry; 0ms in InitializeTheta; 0ms in CreateRegularizerAgents; 8ms in InferThetaAndUpdateNwtSparse; 0ms in UpdateCacheEntry; 5ms in CalculateScore(^^^ItemsProcessedScore^^^); ]
I0517 09:24:02.910163  4287 processor.cc:820] Processor: start processing batch a7515b57-904e-45bd-87be-6b0c7390f055 into model nwt
I0517 09:24:02.916947  4286 processor.cc:925] Processor: complete processing batch 38a57d2c-0361-456d-bd11-caf5267d02bb into model nwt
I0517 09:24:02.917793  4286 cuckoo_watch.h:45] 35ms in ProcessBatch(batches/aaaaae.batch) [including 5ms in LoadMessage; 1ms in InitializeSparseNdw; 0ms in FindReuseThetaCacheEntry; 0ms in InitializeTheta; 0ms in CreateRegularizerAgents; 15ms in InferThetaAndUpdateNwtSparse; 0ms in UpdateCacheEntry; 11ms in CalculateScore(^^^ItemsProcessedScore^^^); ]
I0517 09:24:02.920960  4286 processor.cc:820] Processor: start processing batch e8d7a0bc-ceb5-4186-922e-ba0b54ee7545 into model nwt
I0517 09:24:02.952164  4287 processor.cc:925] Processor: complete processing batch a7515b57-904e-45bd-87be-6b0c7390f055 into model nwt
I0517 09:24:02.953469  4287 cuckoo_watch.h:45] 46ms in ProcessBatch(batches/aaaaah.batch) [including 3ms in LoadMessage; 3ms in InitializeSparseNdw; 0ms in FindReuseThetaCacheEntry; 0ms in InitializeTheta; 0ms in CreateRegularizerAgents; 23ms in InferThetaAndUpdateNwtSparse; 0ms in UpdateCacheEntry; 15ms in CalculateScore(^^^ItemsProcessedScore^^^); ]
I0517 09:24:02.957736  4287 processor.cc:820] Processor: start processing batch b3a4759d-d6bb-466b-a12b-285df63fbaf1 into model nwt
I0517 09:24:02.958158  4286 processor.cc:925] Processor: complete processing batch e8d7a0bc-ceb5-4186-922e-ba0b54ee7545 into model nwt
I0517 09:24:02.959062  4286 cuckoo_watch.h:45] 41ms in ProcessBatch(batches/aaaaad.batch) [including 3ms in LoadMessage; 2ms in InitializeSparseNdw; 0ms in FindReuseThetaCacheEntry; 0ms in InitializeTheta; 0ms in CreateRegularizerAgents; 17ms in InferThetaAndUpdateNwtSparse; 0ms in UpdateCacheEntry; 16ms in CalculateScore(^^^ItemsProcessedScore^^^); ]
I0517 09:24:02.961920  4286 processor.cc:820] Processor: start processing batch 43562c6f-c561-4e10-a354-3e20fdd18ca4 into model nwt
I0517 09:24:02.992712  4286 processor.cc:925] Processor: complete processing batch 43562c6f-c561-4e10-a354-3e20fdd18ca4 into model nwt
I0517 09:24:02.993016  4287 processor.cc:925] Processor: complete processing batch b3a4759d-d6bb-466b-a12b-285df63fbaf1 into model nwt
I0517 09:24:02.993633  4286 cuckoo_watch.h:45] 34ms in ProcessBatch(batches/aaaaac.batch) [including 2ms in LoadMessage; 2ms in InitializeSparseNdw; 0ms in FindReuseThetaCacheEntry; 0ms in InitializeTheta; 0ms in CreateRegularizerAgents; 17ms in InferThetaAndUpdateNwtSparse; 0ms in UpdateCacheEntry; 11ms in CalculateScore(^^^ItemsProcessedScore^^^); ]
I0517 09:24:02.994338  4287 cuckoo_watch.h:45] 40ms in ProcessBatch(batches/aaaaaf.batch) [including 4ms in LoadMessage; 3ms in InitializeSparseNdw; 0ms in FindReuseThetaCacheEntry; 0ms in InitializeTheta; 0ms in CreateRegularizerAgents; 19ms in InferThetaAndUpdateNwtSparse; 0ms in UpdateCacheEntry; 12ms in CalculateScore(^^^ItemsProcessedScore^^^); ]
I0517 09:24:02.997129  4287 processor.cc:820] Processor: start processing batch e35668b5-fa9f-46a8-9037-13ab25a04b64 into model nwt
I0517 09:24:02.997920  4286 processor.cc:820] Processor: start processing batch 8a140e65-d5b5-45fb-b9d7-f6a88db2b1f3 into model nwt
I0517 09:24:03.027972  4287 processor.cc:925] Processor: complete processing batch e35668b5-fa9f-46a8-9037-13ab25a04b64 into model nwt
I0517 09:24:03.029032  4287 cuckoo_watch.h:45] 34ms in ProcessBatch(batches/aaaaab.batch) [including 2ms in LoadMessage; 2ms in InitializeSparseNdw; 0ms in FindReuseThetaCacheEntry; 0ms in InitializeTheta; 0ms in CreateRegularizerAgents; 17ms in InferThetaAndUpdateNwtSparse; 0ms in UpdateCacheEntry; 10ms in CalculateScore(^^^ItemsProcessedScore^^^); ]
I0517 09:24:03.031204  4286 processor.cc:925] Processor: complete processing batch 8a140e65-d5b5-45fb-b9d7-f6a88db2b1f3 into model nwt
I0517 09:24:03.031955  4286 cuckoo_watch.h:45] 38ms in ProcessBatch(batches/aaaaai.batch) [including 4ms in LoadMessage; 2ms in InitializeSparseNdw; 0ms in FindReuseThetaCacheEntry; 0ms in InitializeTheta; 0ms in CreateRegularizerAgents; 17ms in InferThetaAndUpdateNwtSparse; 0ms in UpdateCacheEntry; 12ms in CalculateScore(^^^ItemsProcessedScore^^^); ]
I0517 09:24:03.034410  4287 processor.cc:820] Processor: start processing batch 6f91bfc0-7782-4d94-900f-12683c63a947 into model nwt
I0517 09:24:03.036108  4286 processor.cc:820] Processor: start processing batch aca6bcc0-c665-4396-ada4-291825dcc108 into model nwt
I0517 09:24:03.082840  4286 processor.cc:925] Processor: complete processing batch aca6bcc0-c665-4396-ada4-291825dcc108 into model nwt
I0517 09:24:03.084050  4286 cuckoo_watch.h:45] 52ms in ProcessBatch(batches/aaaaag.batch) [including 4ms in LoadMessage; 3ms in InitializeSparseNdw; 0ms in FindReuseThetaCacheEntry; 0ms in InitializeTheta; 0ms in CreateRegularizerAgents; 25ms in InferThetaAndUpdateNwtSparse; 0ms in UpdateCacheEntry; 16ms in CalculateScore(^^^ItemsProcessedScore^^^); ]
I0517 09:24:03.091506  4286 processor.cc:820] Processor: start processing batch 887becb6-40ba-4f5d-bd95-f9a1a7c2e333 into model nwt
I0517 09:24:03.102916  4287 processor.cc:925] Processor: complete processing batch 6f91bfc0-7782-4d94-900f-12683c63a947 into model nwt
I0517 09:24:03.104281  4287 cuckoo_watch.h:45] 75ms in ProcessBatch(batches/aaaaaj.batch) [including 5ms in LoadMessage; 6ms in InitializeSparseNdw; 0ms in FindReuseThetaCacheEntry; 0ms in InitializeTheta; 0ms in CreateRegularizerAgents; 35ms in InferThetaAndUpdateNwtSparse; 0ms in UpdateCacheEntry; 26ms in CalculateScore(^^^ItemsProcessedScore^^^); ]
I0517 09:24:03.109483  4287 processor.cc:820] Processor: start processing batch eed1ab66-3d18-4c8f-80ca-06d78577e1b5 into model nwt
I0517 09:24:03.200603  4287 processor.cc:925] Processor: complete processing batch eed1ab66-3d18-4c8f-80ca-06d78577e1b5 into model nwt
I0517 09:24:03.202445  4287 cuckoo_watch.h:45] 98ms in ProcessBatch(batches/aaaaao.batch) [including 5ms in LoadMessage; 8ms in InitializeSparseNdw; 0ms in FindReuseThetaCacheEntry; 0ms in InitializeTheta; 0ms in CreateRegularizerAgents; 47ms in InferThetaAndUpdateNwtSparse; 0ms in UpdateCacheEntry; 35ms in CalculateScore(^^^ItemsProcessedScore^^^); ]
I0517 09:24:03.210575  4287 processor.cc:820] Processor: start processing batch 869c0ce4-6534-42c7-a71d-04a21ed703c9 into model nwt
I0517 09:24:03.218715  4286 processor.cc:925] Processor: complete processing batch 887becb6-40ba-4f5d-bd95-f9a1a7c2e333 into model nwt
I0517 09:24:03.220769  4286 cuckoo_watch.h:45] 136ms in ProcessBatch(batches/aaaaak.batch) [including 7ms in LoadMessage; 12ms in InitializeSparseNdw; 0ms in FindReuseThetaCacheEntry; 0ms in InitializeTheta; 0ms in CreateRegularizerAgents; 65ms in InferThetaAndUpdateNwtSparse; 0ms in UpdateCacheEntry; 48ms in CalculateScore(^^^ItemsProcessedScore^^^); ]
I0517 09:24:03.225807  4286 processor.cc:820] Processor: start processing batch eb16843a-7fac-4a5b-bf92-eb701b64bc2b into model nwt
I0517 09:24:03.320473  4286 processor.cc:925] Processor: complete processing batch eb16843a-7fac-4a5b-bf92-eb701b64bc2b into model nwt
I0517 09:24:03.322140  4286 cuckoo_watch.h:45] 101ms in ProcessBatch(batches/aaaaap.batch) [including 4ms in LoadMessage; 7ms in InitializeSparseNdw; 0ms in FindReuseThetaCacheEntry; 0ms in InitializeTheta; 0ms in CreateRegularizerAgents; 46ms in InferThetaAndUpdateNwtSparse; 0ms in UpdateCacheEntry; 39ms in CalculateScore(^^^ItemsProcessedScore^^^); ]
I0517 09:24:03.330168  4286 processor.cc:820] Processor: start processing batch 24818a70-5de4-4685-9db1-a57472a2f33d into model nwt
I0517 09:24:03.346567  4287 processor.cc:925] Processor: complete processing batch 869c0ce4-6534-42c7-a71d-04a21ed703c9 into model nwt
I0517 09:24:03.348785  4287 cuckoo_watch.h:45] 146ms in ProcessBatch(batches/aaaaal.batch) [including 8ms in LoadMessage; 14ms in InitializeSparseNdw; 0ms in FindReuseThetaCacheEntry; 0ms in InitializeTheta; 0ms in CreateRegularizerAgents; 67ms in InferThetaAndUpdateNwtSparse; 0ms in UpdateCacheEntry; 53ms in CalculateScore(^^^ItemsProcessedScore^^^); ]
I0517 09:24:03.356700  4287 processor.cc:820] Processor: start processing batch 48093719-1230-4be5-9080-959a67aea843 into model nwt
I0517 09:24:03.444540  4286 processor.cc:925] Processor: complete processing batch 24818a70-5de4-4685-9db1-a57472a2f33d into model nwt
I0517 09:24:03.446441  4286 cuckoo_watch.h:45] 124ms in ProcessBatch(batches/aaaaan.batch) [including 7ms in LoadMessage; 11ms in InitializeSparseNdw; 0ms in FindReuseThetaCacheEntry; 0ms in InitializeTheta; 0ms in CreateRegularizerAgents; 58ms in InferThetaAndUpdateNwtSparse; 0ms in UpdateCacheEntry; 44ms in CalculateScore(^^^ItemsProcessedScore^^^); ]
I0517 09:24:03.449906  4286 processor.cc:820] Processor: start processing batch bc8611cc-4bfe-4c0b-94cb-a7f98937890f into model nwt
I0517 09:24:03.471760  4286 processor.cc:925] Processor: complete processing batch bc8611cc-4bfe-4c0b-94cb-a7f98937890f into model nwt
I0517 09:24:03.472389  4286 cuckoo_watch.h:45] 25ms in ProcessBatch(batches/aaaaaq.batch) [including 3ms in LoadMessage; 1ms in InitializeSparseNdw; 0ms in FindReuseThetaCacheEntry; 0ms in InitializeTheta; 0ms in CreateRegularizerAgents; 12ms in InferThetaAndUpdateNwtSparse; 0ms in UpdateCacheEntry; 7ms in CalculateScore(^^^ItemsProcessedScore^^^); ]
I0517 09:24:03.473661  4286 processor.cc:820] Processor: start processing batch 297ddfff-83cb-461d-96d0-7f32e3bd63c5 into model nwt
I0517 09:24:03.479977  4286 processor.cc:925] Processor: complete processing batch 297ddfff-83cb-461d-96d0-7f32e3bd63c5 into model nwt
I0517 09:24:03.480151  4286 cuckoo_watch.h:45] 7ms in ProcessBatch(batches/aaaaar.batch) [including 1ms in LoadMessage; 0ms in InitializeSparseNdw; 0ms in FindReuseThetaCacheEntry; 0ms in InitializeTheta; 0ms in CreateRegularizerAgents; 4ms in InferThetaAndUpdateNwtSparse; 0ms in UpdateCacheEntry; 1ms in CalculateScore(^^^ItemsProcessedScore^^^); ]
I0517 09:24:03.490857  4287 processor.cc:925] Processor: complete processing batch 48093719-1230-4be5-9080-959a67aea843 into model nwt
I0517 09:24:03.492844  4287 cuckoo_watch.h:45] 143ms in ProcessBatch(batches/aaaaam.batch) [including 7ms in LoadMessage; 12ms in InitializeSparseNdw; 0ms in FindReuseThetaCacheEntry; 0ms in InitializeTheta; 0ms in CreateRegularizerAgents; 69ms in InferThetaAndUpdateNwtSparse; 0ms in UpdateCacheEntry; 51ms in CalculateScore(^^^ItemsProcessedScore^^^); ]
I0517 09:24:03.493793  4233 master_component.cc:1436] RegularizeModelArgs: rwt_target_name=rwt, pwt_source_name=pwt, nwt_source_name=nwt
I0517 09:24:03.493808  4233 master_component.cc:976] MasterComponent: start regularizing model pwt
I0517 09:24:03.500833  4286 processor.cc:740] No data in processing queue, waiting...
I0517 09:24:03.513921  4287 processor.cc:740] No data in processing queue, waiting...
I0517 09:24:03.608778  4233 master_component.cc:1002] MasterComponent: complete regularizing model pwt
I0517 09:24:03.608812  4233 master_component.cc:1449] NormalizeModelArgs: pwt_target_name=pwt, nwt_source_name=nwt, rwt_source_name=rwt
I0517 09:24:03.608815  4233 master_component.cc:1006] MasterComponent: start normalizing model nwt
I0517 09:24:03.691864  4233 master_component.cc:1034] MasterComponent: complete normalizing model nwt
I0517 09:24:03.802182  4233 master_component.cc:1473] DisposeModel rwt
I0517 09:24:03.812855  4233 master_component.cc:1059] FitOffline: ItemsProcessed, num_items=1728, num_batches=18, token_weight=808522, token_weight_in_effect=808522
I0517 09:24:03.813151  4233 c_interface.cc:389] Pass FitOfflineMasterModelArgs, batch_filename_size=18, batch_weight_size=18, num_collection_passes=1, reset_nwt=yes to MN4artm4core15MasterComponentEFvRKNS_25FitOfflineMasterModelArgsEE
I0517 09:24:03.813194  4233 master_component.cc:1398] ProcessBatchesArgs: nwt_target_name=nwt, batch_filename_size=18, batch_size=0, batch_weight_size=18, pwt_source_name=pwt, num_document_passes=1, regularizer=(name:1:urn:uuid:9df7968e-b6f1-11eb-93fc-0242ac1c0002, tau:100000), class=(text:1), class=(author:1), reuse_theta=yes, opt_for_avx=yes, predict_class_id=, reset_nwt=yes
I0517 09:24:03.833087  4286 processor.cc:747] Processing queue has data, processing started
I0517 09:24:03.833359  4287 processor.cc:747] Processing queue has data, processing started
I0517 09:24:03.837620  4286 processor.cc:820] Processor: start processing batch 2b83388f-249f-4ed1-b192-0219bc423703 into model nwt
I0517 09:24:03.839393  4287 processor.cc:820] Processor: start processing batch 38a57d2c-0361-456d-bd11-caf5267d02bb into model nwt
I0517 09:24:03.875008  4287 processor.cc:925] Processor: complete processing batch 38a57d2c-0361-456d-bd11-caf5267d02bb into model nwt
I0517 09:24:03.875788  4287 cuckoo_watch.h:45] 42ms in ProcessBatch(batches/aaaaae.batch) [including 5ms in LoadMessage; 3ms in InitializeSparseNdw; 0ms in FindReuseThetaCacheEntry; 0ms in InitializeTheta; 0ms in CreateRegularizerAgents; 19ms in InferThetaAndUpdateNwtSparse; 0ms in UpdateCacheEntry; 13ms in CalculateScore(^^^ItemsProcessedScore^^^); ]
I0517 09:24:03.877492  4286 processor.cc:925] Processor: complete processing batch 2b83388f-249f-4ed1-b192-0219bc423703 into model nwt
I0517 09:24:03.878402  4286 cuckoo_watch.h:45] 45ms in ProcessBatch(batches/aaaaaa.batch) [including 4ms in LoadMessage; 0ms in InitializeSparseNdw; 0ms in FindReuseThetaCacheEntry; 1ms in InitializeTheta; 0ms in CreateRegularizerAgents; 16ms in InferThetaAndUpdateNwtSparse; 0ms in UpdateCacheEntry; 20ms in CalculateScore(^^^ItemsProcessedScore^^^); ]
I0517 09:24:03.879393  4287 processor.cc:820] Processor: start processing batch a7515b57-904e-45bd-87be-6b0c7390f055 into model nwt
I0517 09:24:03.881992  4286 processor.cc:820] Processor: start processing batch e8d7a0bc-ceb5-4186-922e-ba0b54ee7545 into model nwt
I0517 09:24:03.927677  4287 processor.cc:925] Processor: complete processing batch a7515b57-904e-45bd-87be-6b0c7390f055 into model nwt
I0517 09:24:03.928884  4287 cuckoo_watch.h:45] 53ms in ProcessBatch(batches/aaaaah.batch) [including 3ms in LoadMessage; 4ms in InitializeSparseNdw; 0ms in FindReuseThetaCacheEntry; 1ms in InitializeTheta; 0ms in CreateRegularizerAgents; 24ms in InferThetaAndUpdateNwtSparse; 0ms in UpdateCacheEntry; 17ms in CalculateScore(^^^ItemsProcessedScore^^^); ]
I0517 09:24:03.932921  4287 processor.cc:820] Processor: start processing batch b3a4759d-d6bb-466b-a12b-285df63fbaf1 into model nwt
I0517 09:24:03.951534  4286 processor.cc:925] Processor: complete processing batch e8d7a0bc-ceb5-4186-922e-ba0b54ee7545 into model nwt
I0517 09:24:03.952419  4286 cuckoo_watch.h:45] 73ms in ProcessBatch(batches/aaaaad.batch) [including 3ms in LoadMessage; 2ms in InitializeSparseNdw; 0ms in FindReuseThetaCacheEntry; 14ms in InitializeTheta; 0ms in CreateRegularizerAgents; 39ms in InferThetaAndUpdateNwtSparse; 0ms in UpdateCacheEntry; 12ms in CalculateScore(^^^ItemsProcessedScore^^^); ]
I0517 09:24:03.955719  4286 processor.cc:820] Processor: start processing batch 43562c6f-c561-4e10-a354-3e20fdd18ca4 into model nwt
I0517 09:24:03.968592  4287 processor.cc:925] Processor: complete processing batch b3a4759d-d6bb-466b-a12b-285df63fbaf1 into model nwt
I0517 09:24:03.969429  4287 cuckoo_watch.h:45] 40ms in ProcessBatch(batches/aaaaaf.batch) [including 3ms in LoadMessage; 2ms in InitializeSparseNdw; 0ms in FindReuseThetaCacheEntry; 0ms in InitializeTheta; 0ms in CreateRegularizerAgents; 20ms in InferThetaAndUpdateNwtSparse; 0ms in UpdateCacheEntry; 12ms in CalculateScore(^^^ItemsProcessedScore^^^); ]
I0517 09:24:03.972769  4287 processor.cc:820] Processor: start processing batch 8a140e65-d5b5-45fb-b9d7-f6a88db2b1f3 into model nwt
I0517 09:24:03.992357  4286 processor.cc:925] Processor: complete processing batch 43562c6f-c561-4e10-a354-3e20fdd18ca4 into model nwt
I0517 09:24:03.993238  4286 cuckoo_watch.h:45] 40ms in ProcessBatch(batches/aaaaac.batch) [including 3ms in LoadMessage; 2ms in InitializeSparseNdw; 0ms in FindReuseThetaCacheEntry; 0ms in InitializeTheta; 0ms in CreateRegularizerAgents; 20ms in InferThetaAndUpdateNwtSparse; 0ms in UpdateCacheEntry; 13ms in CalculateScore(^^^ItemsProcessedScore^^^); ]
I0517 09:24:03.996418  4286 processor.cc:820] Processor: start processing batch e35668b5-fa9f-46a8-9037-13ab25a04b64 into model nwt
I0517 09:24:04.009677  4287 processor.cc:925] Processor: complete processing batch 8a140e65-d5b5-45fb-b9d7-f6a88db2b1f3 into model nwt
I0517 09:24:04.010510  4287 cuckoo_watch.h:45] 41ms in ProcessBatch(batches/aaaaai.batch) [including 3ms in LoadMessage; 2ms in InitializeSparseNdw; 0ms in FindReuseThetaCacheEntry; 0ms in InitializeTheta; 0ms in CreateRegularizerAgents; 20ms in InferThetaAndUpdateNwtSparse; 0ms in UpdateCacheEntry; 13ms in CalculateScore(^^^ItemsProcessedScore^^^); ]
I0517 09:24:04.015096  4287 processor.cc:820] Processor: start processing batch 6f91bfc0-7782-4d94-900f-12683c63a947 into model nwt
I0517 09:24:04.028833  4286 processor.cc:925] Processor: complete processing batch e35668b5-fa9f-46a8-9037-13ab25a04b64 into model nwt
I0517 09:24:04.029711  4286 cuckoo_watch.h:45] 36ms in ProcessBatch(batches/aaaaab.batch) [including 3ms in LoadMessage; 2ms in InitializeSparseNdw; 0ms in FindReuseThetaCacheEntry; 0ms in InitializeTheta; 0ms in CreateRegularizerAgents; 19ms in InferThetaAndUpdateNwtSparse; 0ms in UpdateCacheEntry; 10ms in CalculateScore(^^^ItemsProcessedScore^^^); ]
I0517 09:24:04.034040  4286 processor.cc:820] Processor: start processing batch aca6bcc0-c665-4396-ada4-291825dcc108 into model nwt
I0517 09:24:04.085111  4286 processor.cc:925] Processor: complete processing batch aca6bcc0-c665-4396-ada4-291825dcc108 into model nwt
I0517 09:24:04.086313  4286 cuckoo_watch.h:45] 56ms in ProcessBatch(batches/aaaaag.batch) [including 4ms in LoadMessage; 4ms in InitializeSparseNdw; 0ms in FindReuseThetaCacheEntry; 0ms in InitializeTheta; 0ms in CreateRegularizerAgents; 26ms in InferThetaAndUpdateNwtSparse; 0ms in UpdateCacheEntry; 20ms in CalculateScore(^^^ItemsProcessedScore^^^); ]
I0517 09:24:04.087697  4287 processor.cc:925] Processor: complete processing batch 6f91bfc0-7782-4d94-900f-12683c63a947 into model nwt
I0517 09:24:04.089731  4287 cuckoo_watch.h:45] 79ms in ProcessBatch(batches/aaaaaj.batch) [including 4ms in LoadMessage; 6ms in InitializeSparseNdw; 0ms in FindReuseThetaCacheEntry; 0ms in InitializeTheta; 0ms in CreateRegularizerAgents; 38ms in InferThetaAndUpdateNwtSparse; 0ms in UpdateCacheEntry; 27ms in CalculateScore(^^^ItemsProcessedScore^^^); ]
I0517 09:24:04.095140  4286 processor.cc:820] Processor: start processing batch 887becb6-40ba-4f5d-bd95-f9a1a7c2e333 into model nwt
I0517 09:24:04.096300  4287 processor.cc:820] Processor: start processing batch eed1ab66-3d18-4c8f-80ca-06d78577e1b5 into model nwt
I0517 09:24:04.188007  4287 processor.cc:925] Processor: complete processing batch eed1ab66-3d18-4c8f-80ca-06d78577e1b5 into model nwt
I0517 09:24:04.190001  4287 cuckoo_watch.h:45] 100ms in ProcessBatch(batches/aaaaao.batch) [including 6ms in LoadMessage; 8ms in InitializeSparseNdw; 0ms in FindReuseThetaCacheEntry; 0ms in InitializeTheta; 0ms in CreateRegularizerAgents; 47ms in InferThetaAndUpdateNwtSparse; 0ms in UpdateCacheEntry; 34ms in CalculateScore(^^^ItemsProcessedScore^^^); ]
I0517 09:24:04.198019  4287 processor.cc:820] Processor: start processing batch 869c0ce4-6534-42c7-a71d-04a21ed703c9 into model nwt
I0517 09:24:04.217032  4286 processor.cc:925] Processor: complete processing batch 887becb6-40ba-4f5d-bd95-f9a1a7c2e333 into model nwt
I0517 09:24:04.219429  4286 cuckoo_watch.h:45] 133ms in ProcessBatch(batches/aaaaak.batch) [including 8ms in LoadMessage; 12ms in InitializeSparseNdw; 0ms in FindReuseThetaCacheEntry; 0ms in InitializeTheta; 0ms in CreateRegularizerAgents; 61ms in InferThetaAndUpdateNwtSparse; 0ms in UpdateCacheEntry; 47ms in CalculateScore(^^^ItemsProcessedScore^^^); ]
I0517 09:24:04.224324  4286 processor.cc:820] Processor: start processing batch eb16843a-7fac-4a5b-bf92-eb701b64bc2b into model nwt
I0517 09:24:04.311604  4286 processor.cc:925] Processor: complete processing batch eb16843a-7fac-4a5b-bf92-eb701b64bc2b into model nwt
I0517 09:24:04.313635  4286 cuckoo_watch.h:45] 94ms in ProcessBatch(batches/aaaaap.batch) [including 4ms in LoadMessage; 7ms in InitializeSparseNdw; 0ms in FindReuseThetaCacheEntry; 0ms in InitializeTheta; 0ms in CreateRegularizerAgents; 49ms in InferThetaAndUpdateNwtSparse; 0ms in UpdateCacheEntry; 30ms in CalculateScore(^^^ItemsProcessedScore^^^); ]
I0517 09:24:04.319679  4286 processor.cc:820] Processor: start processing batch 24818a70-5de4-4685-9db1-a57472a2f33d into model nwt
I0517 09:24:04.326205  4287 processor.cc:925] Processor: complete processing batch 869c0ce4-6534-42c7-a71d-04a21ed703c9 into model nwt
I0517 09:24:04.328524  4287 cuckoo_watch.h:45] 138ms in ProcessBatch(batches/aaaaal.batch) [including 7ms in LoadMessage; 12ms in InitializeSparseNdw; 0ms in FindReuseThetaCacheEntry; 0ms in InitializeTheta; 0ms in CreateRegularizerAgents; 65ms in InferThetaAndUpdateNwtSparse; 0ms in UpdateCacheEntry; 49ms in CalculateScore(^^^ItemsProcessedScore^^^); ]
I0517 09:24:04.336014  4287 processor.cc:820] Processor: start processing batch 48093719-1230-4be5-9080-959a67aea843 into model nwt
I0517 09:24:04.434120  4286 processor.cc:925] Processor: complete processing batch 24818a70-5de4-4685-9db1-a57472a2f33d into model nwt
I0517 09:24:04.436282  4286 cuckoo_watch.h:45] 122ms in ProcessBatch(batches/aaaaan.batch) [including 5ms in LoadMessage; 10ms in InitializeSparseNdw; 0ms in FindReuseThetaCacheEntry; 0ms in InitializeTheta; 0ms in CreateRegularizerAgents; 56ms in InferThetaAndUpdateNwtSparse; 0ms in UpdateCacheEntry; 47ms in CalculateScore(^^^ItemsProcessedScore^^^); ]
I0517 09:24:04.439057  4286 processor.cc:820] Processor: start processing batch bc8611cc-4bfe-4c0b-94cb-a7f98937890f into model nwt
I0517 09:24:04.462978  4286 processor.cc:925] Processor: complete processing batch bc8611cc-4bfe-4c0b-94cb-a7f98937890f into model nwt
I0517 09:24:04.463883  4286 cuckoo_watch.h:45] 27ms in ProcessBatch(batches/aaaaaq.batch) [including 2ms in LoadMessage; 1ms in InitializeSparseNdw; 0ms in FindReuseThetaCacheEntry; 0ms in InitializeTheta; 0ms in CreateRegularizerAgents; 12ms in InferThetaAndUpdateNwtSparse; 0ms in UpdateCacheEntry; 9ms in CalculateScore(^^^ItemsProcessedScore^^^); ]
I0517 09:24:04.466156  4286 processor.cc:820] Processor: start processing batch 297ddfff-83cb-461d-96d0-7f32e3bd63c5 into model nwt
I0517 09:24:04.473270  4287 processor.cc:925] Processor: complete processing batch 48093719-1230-4be5-9080-959a67aea843 into model nwt
I0517 09:24:04.476080  4287 cuckoo_watch.h:45] 147ms in ProcessBatch(batches/aaaaam.batch) [including 7ms in LoadMessage; 12ms in InitializeSparseNdw; 0ms in FindReuseThetaCacheEntry; 0ms in InitializeTheta; 0ms in CreateRegularizerAgents; 67ms in InferThetaAndUpdateNwtSparse; 0ms in UpdateCacheEntry; 57ms in CalculateScore(^^^ItemsProcessedScore^^^); ]
I0517 09:24:04.477043  4286 processor.cc:925] Processor: complete processing batch 297ddfff-83cb-461d-96d0-7f32e3bd63c5 into model nwt
I0517 09:24:04.477174  4286 cuckoo_watch.h:45] 13ms in ProcessBatch(batches/aaaaar.batch) [including 2ms in LoadMessage; 6ms in InitializeSparseNdw; 0ms in FindReuseThetaCacheEntry; 0ms in InitializeTheta; 0ms in CreateRegularizerAgents; 2ms in InferThetaAndUpdateNwtSparse; 0ms in UpdateCacheEntry; 1ms in CalculateScore(^^^ItemsProcessedScore^^^); ]
I0517 09:24:04.478190  4233 master_component.cc:1436] RegularizeModelArgs: rwt_target_name=rwt, pwt_source_name=pwt, nwt_source_name=nwt
I0517 09:24:04.478199  4233 master_component.cc:976] MasterComponent: start regularizing model pwt
I0517 09:24:04.497737  4286 processor.cc:740] No data in processing queue, waiting...
I0517 09:24:04.498836  4287 processor.cc:740] No data in processing queue, waiting...
I0517 09:24:04.600431  4233 master_component.cc:1002] MasterComponent: complete regularizing model pwt
I0517 09:24:04.600472  4233 master_component.cc:1449] NormalizeModelArgs: pwt_target_name=pwt, nwt_source_name=nwt, rwt_source_name=rwt
I0517 09:24:04.600476  4233 master_component.cc:1006] MasterComponent: start normalizing model nwt
I0517 09:24:04.681843  4233 master_component.cc:1034] MasterComponent: complete normalizing model nwt
I0517 09:24:04.807437  4233 master_component.cc:1473] DisposeModel rwt
I0517 09:24:04.816676  4233 master_component.cc:1059] FitOffline: ItemsProcessed, num_items=1728, num_batches=18, token_weight=808522, token_weight_in_effect=808522
I0517 09:24:04.816931  4233 c_interface.cc:389] Pass FitOfflineMasterModelArgs, batch_filename_size=18, batch_weight_size=18, num_collection_passes=1, reset_nwt=yes to MN4artm4core15MasterComponentEFvRKNS_25FitOfflineMasterModelArgsEE
I0517 09:24:04.816953  4233 master_component.cc:1398] ProcessBatchesArgs: nwt_target_name=nwt, batch_filename_size=18, batch_size=0, batch_weight_size=18, pwt_source_name=pwt, num_document_passes=1, regularizer=(name:1:urn:uuid:9df7968e-b6f1-11eb-93fc-0242ac1c0002, tau:100000), class=(text:1), class=(author:1), reuse_theta=yes, opt_for_avx=yes, predict_class_id=, reset_nwt=yes
I0517 09:24:04.835407  4286 processor.cc:747] Processing queue has data, processing started
I0517 09:24:04.835598  4287 processor.cc:747] Processing queue has data, processing started
I0517 09:24:04.840337  4287 processor.cc:820] Processor: start processing batch 38a57d2c-0361-456d-bd11-caf5267d02bb into model nwt
I0517 09:24:04.843086  4286 processor.cc:820] Processor: start processing batch 2b83388f-249f-4ed1-b192-0219bc423703 into model nwt
I0517 09:24:04.858165  4286 processor.cc:925] Processor: complete processing batch 2b83388f-249f-4ed1-b192-0219bc423703 into model nwt
I0517 09:24:04.858595  4286 cuckoo_watch.h:45] 23ms in ProcessBatch(batches/aaaaaa.batch) [including 7ms in LoadMessage; 0ms in InitializeSparseNdw; 0ms in FindReuseThetaCacheEntry; 0ms in InitializeTheta; 0ms in CreateRegularizerAgents; 8ms in InferThetaAndUpdateNwtSparse; 0ms in UpdateCacheEntry; 5ms in CalculateScore(^^^ItemsProcessedScore^^^); ]
I0517 09:24:04.861675  4286 processor.cc:820] Processor: start processing batch a7515b57-904e-45bd-87be-6b0c7390f055 into model nwt
I0517 09:24:04.886087  4287 processor.cc:925] Processor: complete processing batch 38a57d2c-0361-456d-bd11-caf5267d02bb into model nwt
I0517 09:24:04.887006  4287 cuckoo_watch.h:45] 51ms in ProcessBatch(batches/aaaaae.batch) [including 4ms in LoadMessage; 1ms in InitializeSparseNdw; 0ms in FindReuseThetaCacheEntry; 0ms in InitializeTheta; 0ms in CreateRegularizerAgents; 16ms in InferThetaAndUpdateNwtSparse; 0ms in UpdateCacheEntry; 26ms in CalculateScore(^^^ItemsProcessedScore^^^); ]
I0517 09:24:04.890417  4287 processor.cc:820] Processor: start processing batch e8d7a0bc-ceb5-4186-922e-ba0b54ee7545 into model nwt
I0517 09:24:04.903978  4286 processor.cc:925] Processor: complete processing batch a7515b57-904e-45bd-87be-6b0c7390f055 into model nwt
