I0517 09:24:28.369586  4286 processor.cc:925] Processor: complete processing batch 2b83388f-249f-4ed1-b192-0219bc423703 into model nwt
I0517 09:24:28.370184  4286 cuckoo_watch.h:45] 24ms in ProcessBatch(batches/aaaaaa.batch) [including 5ms in LoadMessage; 1ms in InitializeSparseNdw; 0ms in FindReuseThetaCacheEntry; 0ms in InitializeTheta; 0ms in CreateRegularizerAgents; 11ms in InferThetaAndUpdateNwtSparse; 0ms in UpdateCacheEntry; 5ms in CalculateScore(^^^ItemsProcessedScore^^^); ]
I0517 09:24:28.373773  4286 processor.cc:820] Processor: start processing batch a7515b57-904e-45bd-87be-6b0c7390f055 into model nwt
I0517 09:24:28.386209  4287 processor.cc:925] Processor: complete processing batch 38a57d2c-0361-456d-bd11-caf5267d02bb into model nwt
I0517 09:24:28.387233  4287 cuckoo_watch.h:45] 41ms in ProcessBatch(batches/aaaaae.batch) [including 7ms in LoadMessage; 2ms in InitializeSparseNdw; 0ms in FindReuseThetaCacheEntry; 0ms in InitializeTheta; 0ms in CreateRegularizerAgents; 19ms in InferThetaAndUpdateNwtSparse; 0ms in UpdateCacheEntry; 11ms in CalculateScore(^^^ItemsProcessedScore^^^); ]
I0517 09:24:28.390067  4287 processor.cc:820] Processor: start processing batch e8d7a0bc-ceb5-4186-922e-ba0b54ee7545 into model nwt
I0517 09:24:28.419600  4286 processor.cc:925] Processor: complete processing batch a7515b57-904e-45bd-87be-6b0c7390f055 into model nwt
I0517 09:24:28.420835  4286 cuckoo_watch.h:45] 50ms in ProcessBatch(batches/aaaaah.batch) [including 3ms in LoadMessage; 3ms in InitializeSparseNdw; 0ms in FindReuseThetaCacheEntry; 0ms in InitializeTheta; 0ms in CreateRegularizerAgents; 25ms in InferThetaAndUpdateNwtSparse; 0ms in UpdateCacheEntry; 16ms in CalculateScore(^^^ItemsProcessedScore^^^); ]
I0517 09:24:28.424506  4286 processor.cc:820] Processor: start processing batch b3a4759d-d6bb-466b-a12b-285df63fbaf1 into model nwt
I0517 09:24:28.427296  4287 processor.cc:925] Processor: complete processing batch e8d7a0bc-ceb5-4186-922e-ba0b54ee7545 into model nwt
I0517 09:24:28.428369  4287 cuckoo_watch.h:45] 41ms in ProcessBatch(batches/aaaaad.batch) [including 2ms in LoadMessage; 2ms in InitializeSparseNdw; 0ms in FindReuseThetaCacheEntry; 0ms in InitializeTheta; 0ms in CreateRegularizerAgents; 20ms in InferThetaAndUpdateNwtSparse; 0ms in UpdateCacheEntry; 14ms in CalculateScore(^^^ItemsProcessedScore^^^); ]
I0517 09:24:28.431178  4287 processor.cc:820] Processor: start processing batch 43562c6f-c561-4e10-a354-3e20fdd18ca4 into model nwt
I0517 09:24:28.463518  4286 processor.cc:925] Processor: complete processing batch b3a4759d-d6bb-466b-a12b-285df63fbaf1 into model nwt
I0517 09:24:28.464614  4286 cuckoo_watch.h:45] 43ms in ProcessBatch(batches/aaaaaf.batch) [including 3ms in LoadMessage; 2ms in InitializeSparseNdw; 0ms in FindReuseThetaCacheEntry; 0ms in InitializeTheta; 0ms in CreateRegularizerAgents; 22ms in InferThetaAndUpdateNwtSparse; 0ms in UpdateCacheEntry; 13ms in CalculateScore(^^^ItemsProcessedScore^^^); ]
I0517 09:24:28.466745  4287 processor.cc:925] Processor: complete processing batch 43562c6f-c561-4e10-a354-3e20fdd18ca4 into model nwt
I0517 09:24:28.467711  4287 cuckoo_watch.h:45] 39ms in ProcessBatch(batches/aaaaac.batch) [including 2ms in LoadMessage; 2ms in InitializeSparseNdw; 0ms in FindReuseThetaCacheEntry; 0ms in InitializeTheta; 0ms in CreateRegularizerAgents; 19ms in InferThetaAndUpdateNwtSparse; 0ms in UpdateCacheEntry; 13ms in CalculateScore(^^^ItemsProcessedScore^^^); ]
I0517 09:24:28.469004  4286 processor.cc:820] Processor: start processing batch 8a140e65-d5b5-45fb-b9d7-f6a88db2b1f3 into model nwt
I0517 09:24:28.471240  4287 processor.cc:820] Processor: start processing batch e35668b5-fa9f-46a8-9037-13ab25a04b64 into model nwt
I0517 09:24:28.503809  4287 processor.cc:925] Processor: complete processing batch e35668b5-fa9f-46a8-9037-13ab25a04b64 into model nwt
I0517 09:24:28.504801  4287 cuckoo_watch.h:45] 37ms in ProcessBatch(batches/aaaaab.batch) [including 3ms in LoadMessage; 2ms in InitializeSparseNdw; 0ms in FindReuseThetaCacheEntry; 0ms in InitializeTheta; 0ms in CreateRegularizerAgents; 17ms in InferThetaAndUpdateNwtSparse; 0ms in UpdateCacheEntry; 12ms in CalculateScore(^^^ItemsProcessedScore^^^); ]
I0517 09:24:28.507845  4286 processor.cc:925] Processor: complete processing batch 8a140e65-d5b5-45fb-b9d7-f6a88db2b1f3 into model nwt
I0517 09:24:28.509074  4286 cuckoo_watch.h:45] 44ms in ProcessBatch(batches/aaaaai.batch) [including 4ms in LoadMessage; 2ms in InitializeSparseNdw; 0ms in FindReuseThetaCacheEntry; 0ms in InitializeTheta; 0ms in CreateRegularizerAgents; 21ms in InferThetaAndUpdateNwtSparse; 0ms in UpdateCacheEntry; 14ms in CalculateScore(^^^ItemsProcessedScore^^^); ]
I0517 09:24:28.510771  4287 processor.cc:820] Processor: start processing batch 6f91bfc0-7782-4d94-900f-12683c63a947 into model nwt
I0517 09:24:28.513062  4286 processor.cc:820] Processor: start processing batch aca6bcc0-c665-4396-ada4-291825dcc108 into model nwt
I0517 09:24:28.567262  4286 processor.cc:925] Processor: complete processing batch aca6bcc0-c665-4396-ada4-291825dcc108 into model nwt
I0517 09:24:28.568650  4286 cuckoo_watch.h:45] 59ms in ProcessBatch(batches/aaaaag.batch) [including 3ms in LoadMessage; 4ms in InitializeSparseNdw; 0ms in FindReuseThetaCacheEntry; 0ms in InitializeTheta; 0ms in CreateRegularizerAgents; 29ms in InferThetaAndUpdateNwtSparse; 0ms in UpdateCacheEntry; 19ms in CalculateScore(^^^ItemsProcessedScore^^^); ]
I0517 09:24:28.577970  4286 processor.cc:820] Processor: start processing batch 887becb6-40ba-4f5d-bd95-f9a1a7c2e333 into model nwt
I0517 09:24:28.586309  4287 processor.cc:925] Processor: complete processing batch 6f91bfc0-7782-4d94-900f-12683c63a947 into model nwt
I0517 09:24:28.588244  4287 cuckoo_watch.h:45] 83ms in ProcessBatch(batches/aaaaaj.batch) [including 5ms in LoadMessage; 7ms in InitializeSparseNdw; 0ms in FindReuseThetaCacheEntry; 0ms in InitializeTheta; 0ms in CreateRegularizerAgents; 38ms in InferThetaAndUpdateNwtSparse; 0ms in UpdateCacheEntry; 29ms in CalculateScore(^^^ItemsProcessedScore^^^); ]
I0517 09:24:28.595574  4287 processor.cc:820] Processor: start processing batch eed1ab66-3d18-4c8f-80ca-06d78577e1b5 into model nwt
I0517 09:24:28.693920  4287 processor.cc:925] Processor: complete processing batch eed1ab66-3d18-4c8f-80ca-06d78577e1b5 into model nwt
I0517 09:24:28.696543  4287 cuckoo_watch.h:45] 108ms in ProcessBatch(batches/aaaaao.batch) [including 7ms in LoadMessage; 8ms in InitializeSparseNdw; 0ms in FindReuseThetaCacheEntry; 0ms in InitializeTheta; 0ms in CreateRegularizerAgents; 51ms in InferThetaAndUpdateNwtSparse; 0ms in UpdateCacheEntry; 38ms in CalculateScore(^^^ItemsProcessedScore^^^); ]
I0517 09:24:28.706039  4287 processor.cc:820] Processor: start processing batch 869c0ce4-6534-42c7-a71d-04a21ed703c9 into model nwt
I0517 09:24:28.723662  4286 processor.cc:925] Processor: complete processing batch 887becb6-40ba-4f5d-bd95-f9a1a7c2e333 into model nwt
I0517 09:24:28.726801  4286 cuckoo_watch.h:45] 158ms in ProcessBatch(batches/aaaaak.batch) [including 9ms in LoadMessage; 15ms in InitializeSparseNdw; 0ms in FindReuseThetaCacheEntry; 0ms in InitializeTheta; 0ms in CreateRegularizerAgents; 72ms in InferThetaAndUpdateNwtSparse; 0ms in UpdateCacheEntry; 57ms in CalculateScore(^^^ItemsProcessedScore^^^); ]
I0517 09:24:28.733471  4286 processor.cc:820] Processor: start processing batch eb16843a-7fac-4a5b-bf92-eb701b64bc2b into model nwt
I0517 09:24:28.828824  4286 processor.cc:925] Processor: complete processing batch eb16843a-7fac-4a5b-bf92-eb701b64bc2b into model nwt
I0517 09:24:28.831190  4286 cuckoo_watch.h:45] 104ms in ProcessBatch(batches/aaaaap.batch) [including 6ms in LoadMessage; 8ms in InitializeSparseNdw; 0ms in FindReuseThetaCacheEntry; 0ms in InitializeTheta; 0ms in CreateRegularizerAgents; 51ms in InferThetaAndUpdateNwtSparse; 0ms in UpdateCacheEntry; 35ms in CalculateScore(^^^ItemsProcessedScore^^^); ]
I0517 09:24:28.839689  4286 processor.cc:820] Processor: start processing batch 24818a70-5de4-4685-9db1-a57472a2f33d into model nwt
I0517 09:24:28.842391  4287 processor.cc:925] Processor: complete processing batch 869c0ce4-6534-42c7-a71d-04a21ed703c9 into model nwt
I0517 09:24:28.845361  4287 cuckoo_watch.h:45] 148ms in ProcessBatch(batches/aaaaal.batch) [including 9ms in LoadMessage; 13ms in InitializeSparseNdw; 0ms in FindReuseThetaCacheEntry; 0ms in InitializeTheta; 0ms in CreateRegularizerAgents; 70ms in InferThetaAndUpdateNwtSparse; 0ms in UpdateCacheEntry; 52ms in CalculateScore(^^^ItemsProcessedScore^^^); ]
I0517 09:24:28.854713  4287 processor.cc:820] Processor: start processing batch 48093719-1230-4be5-9080-959a67aea843 into model nwt
I0517 09:24:28.969307  4286 processor.cc:925] Processor: complete processing batch 24818a70-5de4-4685-9db1-a57472a2f33d into model nwt
I0517 09:24:28.972381  4286 cuckoo_watch.h:45] 141ms in ProcessBatch(batches/aaaaan.batch) [including 8ms in LoadMessage; 11ms in InitializeSparseNdw; 0ms in FindReuseThetaCacheEntry; 0ms in InitializeTheta; 0ms in CreateRegularizerAgents; 69ms in InferThetaAndUpdateNwtSparse; 0ms in UpdateCacheEntry; 48ms in CalculateScore(^^^ItemsProcessedScore^^^); ]
I0517 09:24:28.975492  4286 processor.cc:820] Processor: start processing batch bc8611cc-4bfe-4c0b-94cb-a7f98937890f into model nwt
I0517 09:24:28.998562  4287 processor.cc:925] Processor: complete processing batch 48093719-1230-4be5-9080-959a67aea843 into model nwt
I0517 09:24:29.000389  4286 processor.cc:925] Processor: complete processing batch bc8611cc-4bfe-4c0b-94cb-a7f98937890f into model nwt
I0517 09:24:29.001238  4286 cuckoo_watch.h:45] 28ms in ProcessBatch(batches/aaaaaq.batch) [including 3ms in LoadMessage; 1ms in InitializeSparseNdw; 0ms in FindReuseThetaCacheEntry; 0ms in InitializeTheta; 0ms in CreateRegularizerAgents; 14ms in InferThetaAndUpdateNwtSparse; 0ms in UpdateCacheEntry; 8ms in CalculateScore(^^^ItemsProcessedScore^^^); ]
I0517 09:24:29.001888  4287 cuckoo_watch.h:45] 156ms in ProcessBatch(batches/aaaaam.batch) [including 9ms in LoadMessage; 15ms in InitializeSparseNdw; 0ms in FindReuseThetaCacheEntry; 0ms in InitializeTheta; 0ms in CreateRegularizerAgents; 72ms in InferThetaAndUpdateNwtSparse; 0ms in UpdateCacheEntry; 55ms in CalculateScore(^^^ItemsProcessedScore^^^); ]
I0517 09:24:29.002651  4286 processor.cc:820] Processor: start processing batch 297ddfff-83cb-461d-96d0-7f32e3bd63c5 into model nwt
I0517 09:24:29.006772  4286 processor.cc:925] Processor: complete processing batch 297ddfff-83cb-461d-96d0-7f32e3bd63c5 into model nwt
I0517 09:24:29.006868  4286 cuckoo_watch.h:45] 5ms in ProcessBatch(batches/aaaaar.batch) [including 1ms in LoadMessage; 0ms in InitializeSparseNdw; 0ms in FindReuseThetaCacheEntry; 0ms in InitializeTheta; 0ms in CreateRegularizerAgents; 2ms in InferThetaAndUpdateNwtSparse; 0ms in UpdateCacheEntry; 1ms in CalculateScore(^^^ItemsProcessedScore^^^); ]
I0517 09:24:29.007769  4233 master_component.cc:1436] RegularizeModelArgs: rwt_target_name=rwt, pwt_source_name=pwt, nwt_source_name=nwt
I0517 09:24:29.007781  4233 master_component.cc:976] MasterComponent: start regularizing model pwt
I0517 09:24:29.026367  4287 processor.cc:740] No data in processing queue, waiting...
I0517 09:24:29.027490  4286 processor.cc:740] No data in processing queue, waiting...
I0517 09:24:29.137401  4233 master_component.cc:1002] MasterComponent: complete regularizing model pwt
I0517 09:24:29.137436  4233 master_component.cc:1449] NormalizeModelArgs: pwt_target_name=pwt, nwt_source_name=nwt, rwt_source_name=rwt
I0517 09:24:29.137439  4233 master_component.cc:1006] MasterComponent: start normalizing model nwt
I0517 09:24:29.246481  4233 master_component.cc:1034] MasterComponent: complete normalizing model nwt
I0517 09:24:29.361738  4233 master_component.cc:1473] DisposeModel rwt
I0517 09:24:29.371902  4233 master_component.cc:1059] FitOffline: ItemsProcessed, num_items=1728, num_batches=18, token_weight=808522, token_weight_in_effect=808522
I0517 09:24:29.372325  4233 c_interface.cc:389] Pass FitOfflineMasterModelArgs, batch_filename_size=18, batch_weight_size=18, num_collection_passes=1, reset_nwt=yes to MN4artm4core15MasterComponentEFvRKNS_25FitOfflineMasterModelArgsEE
I0517 09:24:29.372375  4233 master_component.cc:1398] ProcessBatchesArgs: nwt_target_name=nwt, batch_filename_size=18, batch_size=0, batch_weight_size=18, pwt_source_name=pwt, num_document_passes=1, regularizer=(name:1:urn:uuid:9df7968e-b6f1-11eb-93fc-0242ac1c0002, tau:100000), class=(text:1), class=(author:1), reuse_theta=yes, opt_for_avx=yes, predict_class_id=, reset_nwt=yes
I0517 09:24:29.393533  4287 processor.cc:747] Processing queue has data, processing started
I0517 09:24:29.393807  4286 processor.cc:747] Processing queue has data, processing started
I0517 09:24:29.398631  4287 processor.cc:820] Processor: start processing batch 2b83388f-249f-4ed1-b192-0219bc423703 into model nwt
I0517 09:24:29.402253  4286 processor.cc:820] Processor: start processing batch 38a57d2c-0361-456d-bd11-caf5267d02bb into model nwt
I0517 09:24:29.416538  4287 processor.cc:925] Processor: complete processing batch 2b83388f-249f-4ed1-b192-0219bc423703 into model nwt
I0517 09:24:29.417052  4287 cuckoo_watch.h:45] 23ms in ProcessBatch(batches/aaaaaa.batch) [including 5ms in LoadMessage; 0ms in InitializeSparseNdw; 0ms in FindReuseThetaCacheEntry; 0ms in InitializeTheta; 0ms in CreateRegularizerAgents; 10ms in InferThetaAndUpdateNwtSparse; 0ms in UpdateCacheEntry; 5ms in CalculateScore(^^^ItemsProcessedScore^^^); ]
I0517 09:24:29.420619  4287 processor.cc:820] Processor: start processing batch a7515b57-904e-45bd-87be-6b0c7390f055 into model nwt
I0517 09:24:29.436715  4286 processor.cc:925] Processor: complete processing batch 38a57d2c-0361-456d-bd11-caf5267d02bb into model nwt
I0517 09:24:29.437721  4286 cuckoo_watch.h:45] 43ms in ProcessBatch(batches/aaaaae.batch) [including 8ms in LoadMessage; 2ms in InitializeSparseNdw; 0ms in FindReuseThetaCacheEntry; 0ms in InitializeTheta; 0ms in CreateRegularizerAgents; 19ms in InferThetaAndUpdateNwtSparse; 0ms in UpdateCacheEntry; 11ms in CalculateScore(^^^ItemsProcessedScore^^^); ]
I0517 09:24:29.441488  4286 processor.cc:820] Processor: start processing batch e8d7a0bc-ceb5-4186-922e-ba0b54ee7545 into model nwt
I0517 09:24:29.466493  4287 processor.cc:925] Processor: complete processing batch a7515b57-904e-45bd-87be-6b0c7390f055 into model nwt
I0517 09:24:29.467700  4287 cuckoo_watch.h:45] 50ms in ProcessBatch(batches/aaaaah.batch) [including 3ms in LoadMessage; 3ms in InitializeSparseNdw; 0ms in FindReuseThetaCacheEntry; 0ms in InitializeTheta; 0ms in CreateRegularizerAgents; 26ms in InferThetaAndUpdateNwtSparse; 0ms in UpdateCacheEntry; 16ms in CalculateScore(^^^ItemsProcessedScore^^^); ]
I0517 09:24:29.471338  4287 processor.cc:820] Processor: start processing batch b3a4759d-d6bb-466b-a12b-285df63fbaf1 into model nwt
I0517 09:24:29.478251  4286 processor.cc:925] Processor: complete processing batch e8d7a0bc-ceb5-4186-922e-ba0b54ee7545 into model nwt
I0517 09:24:29.479322  4286 cuckoo_watch.h:45] 41ms in ProcessBatch(batches/aaaaad.batch) [including 3ms in LoadMessage; 2ms in InitializeSparseNdw; 0ms in FindReuseThetaCacheEntry; 0ms in InitializeTheta; 0ms in CreateRegularizerAgents; 20ms in InferThetaAndUpdateNwtSparse; 0ms in UpdateCacheEntry; 13ms in CalculateScore(^^^ItemsProcessedScore^^^); ]
I0517 09:24:29.482276  4286 processor.cc:820] Processor: start processing batch 43562c6f-c561-4e10-a354-3e20fdd18ca4 into model nwt
I0517 09:24:29.510262  4287 processor.cc:925] Processor: complete processing batch b3a4759d-d6bb-466b-a12b-285df63fbaf1 into model nwt
I0517 09:24:29.511322  4287 cuckoo_watch.h:45] 43ms in ProcessBatch(batches/aaaaaf.batch) [including 3ms in LoadMessage; 2ms in InitializeSparseNdw; 0ms in FindReuseThetaCacheEntry; 0ms in InitializeTheta; 0ms in CreateRegularizerAgents; 22ms in InferThetaAndUpdateNwtSparse; 0ms in UpdateCacheEntry; 13ms in CalculateScore(^^^ItemsProcessedScore^^^); ]
I0517 09:24:29.514910  4287 processor.cc:820] Processor: start processing batch 8a140e65-d5b5-45fb-b9d7-f6a88db2b1f3 into model nwt
I0517 09:24:29.520342  4286 processor.cc:925] Processor: complete processing batch 43562c6f-c561-4e10-a354-3e20fdd18ca4 into model nwt
I0517 09:24:29.521381  4286 cuckoo_watch.h:45] 42ms in ProcessBatch(batches/aaaaac.batch) [including 2ms in LoadMessage; 2ms in InitializeSparseNdw; 0ms in FindReuseThetaCacheEntry; 0ms in InitializeTheta; 0ms in CreateRegularizerAgents; 21ms in InferThetaAndUpdateNwtSparse; 0ms in UpdateCacheEntry; 14ms in CalculateScore(^^^ItemsProcessedScore^^^); ]
I0517 09:24:29.524195  4286 processor.cc:820] Processor: start processing batch e35668b5-fa9f-46a8-9037-13ab25a04b64 into model nwt
I0517 09:24:29.553632  4287 processor.cc:925] Processor: complete processing batch 8a140e65-d5b5-45fb-b9d7-f6a88db2b1f3 into model nwt
I0517 09:24:29.554628  4287 cuckoo_watch.h:45] 43ms in ProcessBatch(batches/aaaaai.batch) [including 3ms in LoadMessage; 2ms in InitializeSparseNdw; 0ms in FindReuseThetaCacheEntry; 0ms in InitializeTheta; 0ms in CreateRegularizerAgents; 22ms in InferThetaAndUpdateNwtSparse; 0ms in UpdateCacheEntry; 13ms in CalculateScore(^^^ItemsProcessedScore^^^); ]
I0517 09:24:29.557941  4286 processor.cc:925] Processor: complete processing batch e35668b5-fa9f-46a8-9037-13ab25a04b64 into model nwt
I0517 09:24:29.559619  4286 cuckoo_watch.h:45] 38ms in ProcessBatch(batches/aaaaab.batch) [including 2ms in LoadMessage; 2ms in InitializeSparseNdw; 0ms in FindReuseThetaCacheEntry; 0ms in InitializeTheta; 0ms in CreateRegularizerAgents; 19ms in InferThetaAndUpdateNwtSparse; 0ms in UpdateCacheEntry; 12ms in CalculateScore(^^^ItemsProcessedScore^^^); ]
I0517 09:24:29.559916  4287 processor.cc:820] Processor: start processing batch 6f91bfc0-7782-4d94-900f-12683c63a947 into model nwt
I0517 09:24:29.564031  4286 processor.cc:820] Processor: start processing batch aca6bcc0-c665-4396-ada4-291825dcc108 into model nwt
I0517 09:24:29.619186  4286 processor.cc:925] Processor: complete processing batch aca6bcc0-c665-4396-ada4-291825dcc108 into model nwt
I0517 09:24:29.620571  4286 cuckoo_watch.h:45] 60ms in ProcessBatch(batches/aaaaag.batch) [including 4ms in LoadMessage; 4ms in InitializeSparseNdw; 0ms in FindReuseThetaCacheEntry; 0ms in InitializeTheta; 0ms in CreateRegularizerAgents; 30ms in InferThetaAndUpdateNwtSparse; 0ms in UpdateCacheEntry; 19ms in CalculateScore(^^^ItemsProcessedScore^^^); ]
I0517 09:24:29.629616  4286 processor.cc:820] Processor: start processing batch 887becb6-40ba-4f5d-bd95-f9a1a7c2e333 into model nwt
I0517 09:24:29.635270  4287 processor.cc:925] Processor: complete processing batch 6f91bfc0-7782-4d94-900f-12683c63a947 into model nwt
I0517 09:24:29.637131  4287 cuckoo_watch.h:45] 82ms in ProcessBatch(batches/aaaaaj.batch) [including 5ms in LoadMessage; 6ms in InitializeSparseNdw; 0ms in FindReuseThetaCacheEntry; 0ms in InitializeTheta; 0ms in CreateRegularizerAgents; 40ms in InferThetaAndUpdateNwtSparse; 0ms in UpdateCacheEntry; 27ms in CalculateScore(^^^ItemsProcessedScore^^^); ]
I0517 09:24:29.643828  4287 processor.cc:820] Processor: start processing batch eed1ab66-3d18-4c8f-80ca-06d78577e1b5 into model nwt
I0517 09:24:29.742362  4287 processor.cc:925] Processor: complete processing batch eed1ab66-3d18-4c8f-80ca-06d78577e1b5 into model nwt
I0517 09:24:29.745183  4287 cuckoo_watch.h:45] 108ms in ProcessBatch(batches/aaaaao.batch) [including 6ms in LoadMessage; 8ms in InitializeSparseNdw; 0ms in FindReuseThetaCacheEntry; 0ms in InitializeTheta; 0ms in CreateRegularizerAgents; 51ms in InferThetaAndUpdateNwtSparse; 0ms in UpdateCacheEntry; 38ms in CalculateScore(^^^ItemsProcessedScore^^^); ]
I0517 09:24:29.753334  4287 processor.cc:820] Processor: start processing batch 869c0ce4-6534-42c7-a71d-04a21ed703c9 into model nwt
I0517 09:24:29.775162  4286 processor.cc:925] Processor: complete processing batch 887becb6-40ba-4f5d-bd95-f9a1a7c2e333 into model nwt
I0517 09:24:29.782243  4286 cuckoo_watch.h:45] 161ms in ProcessBatch(batches/aaaaak.batch) [including 8ms in LoadMessage; 14ms in InitializeSparseNdw; 0ms in FindReuseThetaCacheEntry; 0ms in InitializeTheta; 0ms in CreateRegularizerAgents; 72ms in InferThetaAndUpdateNwtSparse; 0ms in UpdateCacheEntry; 58ms in CalculateScore(^^^ItemsProcessedScore^^^); ]
I0517 09:24:29.791712  4286 processor.cc:820] Processor: start processing batch eb16843a-7fac-4a5b-bf92-eb701b64bc2b into model nwt
I0517 09:24:29.885370  4286 processor.cc:925] Processor: complete processing batch eb16843a-7fac-4a5b-bf92-eb701b64bc2b into model nwt
I0517 09:24:29.887879  4286 cuckoo_watch.h:45] 105ms in ProcessBatch(batches/aaaaap.batch) [including 9ms in LoadMessage; 8ms in InitializeSparseNdw; 0ms in FindReuseThetaCacheEntry; 0ms in InitializeTheta; 0ms in CreateRegularizerAgents; 50ms in InferThetaAndUpdateNwtSparse; 0ms in UpdateCacheEntry; 34ms in CalculateScore(^^^ItemsProcessedScore^^^); ]
I0517 09:24:29.896596  4287 processor.cc:925] Processor: complete processing batch 869c0ce4-6534-42c7-a71d-04a21ed703c9 into model nwt
I0517 09:24:29.896621  4286 processor.cc:820] Processor: start processing batch 24818a70-5de4-4685-9db1-a57472a2f33d into model nwt
I0517 09:24:29.899410  4287 cuckoo_watch.h:45] 154ms in ProcessBatch(batches/aaaaal.batch) [including 8ms in LoadMessage; 14ms in InitializeSparseNdw; 0ms in FindReuseThetaCacheEntry; 0ms in InitializeTheta; 0ms in CreateRegularizerAgents; 76ms in InferThetaAndUpdateNwtSparse; 0ms in UpdateCacheEntry; 51ms in CalculateScore(^^^ItemsProcessedScore^^^); ]
I0517 09:24:29.907433  4287 processor.cc:820] Processor: start processing batch 48093719-1230-4be5-9080-959a67aea843 into model nwt
I0517 09:24:30.026872  4286 processor.cc:925] Processor: complete processing batch 24818a70-5de4-4685-9db1-a57472a2f33d into model nwt
I0517 09:24:30.029882  4286 cuckoo_watch.h:45] 141ms in ProcessBatch(batches/aaaaan.batch) [including 8ms in LoadMessage; 13ms in InitializeSparseNdw; 0ms in FindReuseThetaCacheEntry; 0ms in InitializeTheta; 0ms in CreateRegularizerAgents; 62ms in InferThetaAndUpdateNwtSparse; 0ms in UpdateCacheEntry; 53ms in CalculateScore(^^^ItemsProcessedScore^^^); ]
I0517 09:24:30.036475  4286 processor.cc:820] Processor: start processing batch bc8611cc-4bfe-4c0b-94cb-a7f98937890f into model nwt
I0517 09:24:30.061329  4286 processor.cc:925] Processor: complete processing batch bc8611cc-4bfe-4c0b-94cb-a7f98937890f into model nwt
I0517 09:24:30.062104  4286 cuckoo_watch.h:45] 32ms in ProcessBatch(batches/aaaaaq.batch) [including 6ms in LoadMessage; 1ms in InitializeSparseNdw; 0ms in FindReuseThetaCacheEntry; 0ms in InitializeTheta; 0ms in CreateRegularizerAgents; 14ms in InferThetaAndUpdateNwtSparse; 0ms in UpdateCacheEntry; 8ms in CalculateScore(^^^ItemsProcessedScore^^^); ]
I0517 09:24:30.063717  4286 processor.cc:820] Processor: start processing batch 297ddfff-83cb-461d-96d0-7f32e3bd63c5 into model nwt
I0517 09:24:30.068408  4286 processor.cc:925] Processor: complete processing batch 297ddfff-83cb-461d-96d0-7f32e3bd63c5 into model nwt
I0517 09:24:30.068560  4286 cuckoo_watch.h:45] 6ms in ProcessBatch(batches/aaaaar.batch) [including 1ms in LoadMessage; 0ms in InitializeSparseNdw; 0ms in FindReuseThetaCacheEntry; 0ms in InitializeTheta; 0ms in CreateRegularizerAgents; 3ms in InferThetaAndUpdateNwtSparse; 0ms in UpdateCacheEntry; 1ms in CalculateScore(^^^ItemsProcessedScore^^^); ]
I0517 09:24:30.075558  4287 processor.cc:925] Processor: complete processing batch 48093719-1230-4be5-9080-959a67aea843 into model nwt
I0517 09:24:30.077767  4287 cuckoo_watch.h:45] 178ms in ProcessBatch(batches/aaaaam.batch) [including 7ms in LoadMessage; 12ms in InitializeSparseNdw; 0ms in FindReuseThetaCacheEntry; 0ms in InitializeTheta; 0ms in CreateRegularizerAgents; 88ms in InferThetaAndUpdateNwtSparse; 0ms in UpdateCacheEntry; 66ms in CalculateScore(^^^ItemsProcessedScore^^^); ]
I0517 09:24:30.078058  4233 master_component.cc:1436] RegularizeModelArgs: rwt_target_name=rwt, pwt_source_name=pwt, nwt_source_name=nwt
I0517 09:24:30.078064  4233 master_component.cc:976] MasterComponent: start regularizing model pwt
I0517 09:24:30.094478  4286 processor.cc:740] No data in processing queue, waiting...
I0517 09:24:30.098814  4287 processor.cc:740] No data in processing queue, waiting...
I0517 09:24:30.210546  4233 master_component.cc:1002] MasterComponent: complete regularizing model pwt
I0517 09:24:30.210582  4233 master_component.cc:1449] NormalizeModelArgs: pwt_target_name=pwt, nwt_source_name=nwt, rwt_source_name=rwt
I0517 09:24:30.210585  4233 master_component.cc:1006] MasterComponent: start normalizing model nwt
I0517 09:24:30.326826  4233 master_component.cc:1034] MasterComponent: complete normalizing model nwt
I0517 09:24:30.437532  4233 master_component.cc:1473] DisposeModel rwt
I0517 09:24:30.447636  4233 master_component.cc:1059] FitOffline: ItemsProcessed, num_items=1728, num_batches=18, token_weight=808522, token_weight_in_effect=808522
I0517 09:24:30.447964  4233 c_interface.cc:389] Pass FitOfflineMasterModelArgs, batch_filename_size=18, batch_weight_size=18, num_collection_passes=1, reset_nwt=yes to MN4artm4core15MasterComponentEFvRKNS_25FitOfflineMasterModelArgsEE
I0517 09:24:30.448001  4233 master_component.cc:1398] ProcessBatchesArgs: nwt_target_name=nwt, batch_filename_size=18, batch_size=0, batch_weight_size=18, pwt_source_name=pwt, num_document_passes=1, regularizer=(name:1:urn:uuid:9df7968e-b6f1-11eb-93fc-0242ac1c0002, tau:100000), class=(text:1), class=(author:1), reuse_theta=yes, opt_for_avx=yes, predict_class_id=, reset_nwt=yes
I0517 09:24:30.467414  4287 processor.cc:747] Processing queue has data, processing started
I0517 09:24:30.467728  4286 processor.cc:747] Processing queue has data, processing started
I0517 09:24:30.472311  4287 processor.cc:820] Processor: start processing batch 2b83388f-249f-4ed1-b192-0219bc423703 into model nwt
I0517 09:24:30.475908  4286 processor.cc:820] Processor: start processing batch 38a57d2c-0361-456d-bd11-caf5267d02bb into model nwt
I0517 09:24:30.490190  4287 processor.cc:925] Processor: complete processing batch 2b83388f-249f-4ed1-b192-0219bc423703 into model nwt
I0517 09:24:30.490718  4287 cuckoo_watch.h:45] 23ms in ProcessBatch(batches/aaaaaa.batch) [including 4ms in LoadMessage; 1ms in InitializeSparseNdw; 0ms in FindReuseThetaCacheEntry; 0ms in InitializeTheta; 0ms in CreateRegularizerAgents; 10ms in InferThetaAndUpdateNwtSparse; 0ms in UpdateCacheEntry; 5ms in CalculateScore(^^^ItemsProcessedScore^^^); ]
I0517 09:24:30.494175  4287 processor.cc:820] Processor: start processing batch a7515b57-904e-45bd-87be-6b0c7390f055 into model nwt
I0517 09:24:30.510259  4286 processor.cc:925] Processor: complete processing batch 38a57d2c-0361-456d-bd11-caf5267d02bb into model nwt
I0517 09:24:30.511377  4286 cuckoo_watch.h:45] 43ms in ProcessBatch(batches/aaaaae.batch) [including 8ms in LoadMessage; 2ms in InitializeSparseNdw; 0ms in FindReuseThetaCacheEntry; 0ms in InitializeTheta; 0ms in CreateRegularizerAgents; 20ms in InferThetaAndUpdateNwtSparse; 0ms in UpdateCacheEntry; 11ms in CalculateScore(^^^ItemsProcessedScore^^^); ]
I0517 09:24:30.514581  4286 processor.cc:820] Processor: start processing batch e8d7a0bc-ceb5-4186-922e-ba0b54ee7545 into model nwt
I0517 09:24:30.539965  4287 processor.cc:925] Processor: complete processing batch a7515b57-904e-45bd-87be-6b0c7390f055 into model nwt
I0517 09:24:30.541038  4287 cuckoo_watch.h:45] 50ms in ProcessBatch(batches/aaaaah.batch) [including 3ms in LoadMessage; 3ms in InitializeSparseNdw; 0ms in FindReuseThetaCacheEntry; 0ms in InitializeTheta; 0ms in CreateRegularizerAgents; 26ms in InferThetaAndUpdateNwtSparse; 0ms in UpdateCacheEntry; 15ms in CalculateScore(^^^ItemsProcessedScore^^^); ]
I0517 09:24:30.544869  4287 processor.cc:820] Processor: start processing batch b3a4759d-d6bb-466b-a12b-285df63fbaf1 into model nwt
I0517 09:24:30.551198  4286 processor.cc:925] Processor: complete processing batch e8d7a0bc-ceb5-4186-922e-ba0b54ee7545 into model nwt
I0517 09:24:30.552165  4286 cuckoo_watch.h:45] 40ms in ProcessBatch(batches/aaaaad.batch) [including 3ms in LoadMessage; 2ms in InitializeSparseNdw; 0ms in FindReuseThetaCacheEntry; 0ms in InitializeTheta; 0ms in CreateRegularizerAgents; 20ms in InferThetaAndUpdateNwtSparse; 0ms in UpdateCacheEntry; 13ms in CalculateScore(^^^ItemsProcessedScore^^^); ]
I0517 09:24:30.555559  4286 processor.cc:820] Processor: start processing batch 43562c6f-c561-4e10-a354-3e20fdd18ca4 into model nwt
I0517 09:24:30.583400  4287 processor.cc:925] Processor: complete processing batch b3a4759d-d6bb-466b-a12b-285df63fbaf1 into model nwt
I0517 09:24:30.584452  4287 cuckoo_watch.h:45] 43ms in ProcessBatch(batches/aaaaaf.batch) [including 3ms in LoadMessage; 2ms in InitializeSparseNdw; 0ms in FindReuseThetaCacheEntry; 0ms in InitializeTheta; 0ms in CreateRegularizerAgents; 21ms in InferThetaAndUpdateNwtSparse; 0ms in UpdateCacheEntry; 13ms in CalculateScore(^^^ItemsProcessedScore^^^); ]
I0517 09:24:30.589457  4287 processor.cc:820] Processor: start processing batch 8a140e65-d5b5-45fb-b9d7-f6a88db2b1f3 into model nwt
I0517 09:24:30.594143  4286 processor.cc:925] Processor: complete processing batch 43562c6f-c561-4e10-a354-3e20fdd18ca4 into model nwt
I0517 09:24:30.595120  4286 cuckoo_watch.h:45] 42ms in ProcessBatch(batches/aaaaac.batch) [including 3ms in LoadMessage; 2ms in InitializeSparseNdw; 0ms in FindReuseThetaCacheEntry; 0ms in InitializeTheta; 0ms in CreateRegularizerAgents; 20ms in InferThetaAndUpdateNwtSparse; 0ms in UpdateCacheEntry; 15ms in CalculateScore(^^^ItemsProcessedScore^^^); ]
I0517 09:24:30.598488  4286 processor.cc:820] Processor: start processing batch e35668b5-fa9f-46a8-9037-13ab25a04b64 into model nwt
I0517 09:24:30.627610  4287 processor.cc:925] Processor: complete processing batch 8a140e65-d5b5-45fb-b9d7-f6a88db2b1f3 into model nwt
I0517 09:24:30.628708  4287 cuckoo_watch.h:45] 44ms in ProcessBatch(batches/aaaaai.batch) [including 4ms in LoadMessage; 2ms in InitializeSparseNdw; 0ms in FindReuseThetaCacheEntry; 0ms in InitializeTheta; 0ms in CreateRegularizerAgents; 21ms in InferThetaAndUpdateNwtSparse; 0ms in UpdateCacheEntry; 13ms in CalculateScore(^^^ItemsProcessedScore^^^); ]
I0517 09:24:30.631255  4286 processor.cc:925] Processor: complete processing batch e35668b5-fa9f-46a8-9037-13ab25a04b64 into model nwt
I0517 09:24:30.632664  4286 cuckoo_watch.h:45] 37ms in ProcessBatch(batches/aaaaab.batch) [including 3ms in LoadMessage; 2ms in InitializeSparseNdw; 0ms in FindReuseThetaCacheEntry; 0ms in InitializeTheta; 0ms in CreateRegularizerAgents; 18ms in InferThetaAndUpdateNwtSparse; 0ms in UpdateCacheEntry; 12ms in CalculateScore(^^^ItemsProcessedScore^^^); ]
I0517 09:24:30.634510  4287 processor.cc:820] Processor: start processing batch 6f91bfc0-7782-4d94-900f-12683c63a947 into model nwt
I0517 09:24:30.637226  4286 processor.cc:820] Processor: start processing batch aca6bcc0-c665-4396-ada4-291825dcc108 into model nwt
I0517 09:24:30.693774  4286 processor.cc:925] Processor: complete processing batch aca6bcc0-c665-4396-ada4-291825dcc108 into model nwt
I0517 09:24:30.695181  4286 cuckoo_watch.h:45] 62ms in ProcessBatch(batches/aaaaag.batch) [including 4ms in LoadMessage; 4ms in InitializeSparseNdw; 0ms in FindReuseThetaCacheEntry; 0ms in InitializeTheta; 0ms in CreateRegularizerAgents; 32ms in InferThetaAndUpdateNwtSparse; 0ms in UpdateCacheEntry; 19ms in CalculateScore(^^^ItemsProcessedScore^^^); ]
I0517 09:24:30.704493  4286 processor.cc:820] Processor: start processing batch 887becb6-40ba-4f5d-bd95-f9a1a7c2e333 into model nwt
I0517 09:24:30.711179  4287 processor.cc:925] Processor: complete processing batch 6f91bfc0-7782-4d94-900f-12683c63a947 into model nwt
I0517 09:24:30.713088  4287 cuckoo_watch.h:45] 84ms in ProcessBatch(batches/aaaaaj.batch) [including 5ms in LoadMessage; 6ms in InitializeSparseNdw; 0ms in FindReuseThetaCacheEntry; 0ms in InitializeTheta; 0ms in CreateRegularizerAgents; 41ms in InferThetaAndUpdateNwtSparse; 0ms in UpdateCacheEntry; 27ms in CalculateScore(^^^ItemsProcessedScore^^^); ]
I0517 09:24:30.720010  4287 processor.cc:820] Processor: start processing batch eed1ab66-3d18-4c8f-80ca-06d78577e1b5 into model nwt
I0517 09:24:30.821139  4287 processor.cc:925] Processor: complete processing batch eed1ab66-3d18-4c8f-80ca-06d78577e1b5 into model nwt
I0517 09:24:30.823830  4287 cuckoo_watch.h:45] 110ms in ProcessBatch(batches/aaaaao.batch) [including 6ms in LoadMessage; 8ms in InitializeSparseNdw; 0ms in FindReuseThetaCacheEntry; 0ms in InitializeTheta; 0ms in CreateRegularizerAgents; 52ms in InferThetaAndUpdateNwtSparse; 0ms in UpdateCacheEntry; 39ms in CalculateScore(^^^ItemsProcessedScore^^^); ]
I0517 09:24:30.833500  4287 processor.cc:820] Processor: start processing batch 869c0ce4-6534-42c7-a71d-04a21ed703c9 into model nwt
I0517 09:24:30.842974  4286 processor.cc:925] Processor: complete processing batch 887becb6-40ba-4f5d-bd95-f9a1a7c2e333 into model nwt
I0517 09:24:30.845985  4286 cuckoo_watch.h:45] 150ms in ProcessBatch(batches/aaaaak.batch) [including 9ms in LoadMessage; 13ms in InitializeSparseNdw; 0ms in FindReuseThetaCacheEntry; 0ms in InitializeTheta; 0ms in CreateRegularizerAgents; 70ms in InferThetaAndUpdateNwtSparse; 0ms in UpdateCacheEntry; 53ms in CalculateScore(^^^ItemsProcessedScore^^^); ]
I0517 09:24:30.852824  4286 processor.cc:820] Processor: start processing batch eb16843a-7fac-4a5b-bf92-eb701b64bc2b into model nwt
I0517 09:24:30.946238  4286 processor.cc:925] Processor: complete processing batch eb16843a-7fac-4a5b-bf92-eb701b64bc2b into model nwt
I0517 09:24:30.948534  4286 cuckoo_watch.h:45] 102ms in ProcessBatch(batches/aaaaap.batch) [including 6ms in LoadMessage; 8ms in InitializeSparseNdw; 0ms in FindReuseThetaCacheEntry; 0ms in InitializeTheta; 0ms in CreateRegularizerAgents; 49ms in InferThetaAndUpdateNwtSparse; 0ms in UpdateCacheEntry; 35ms in CalculateScore(^^^ItemsProcessedScore^^^); ]
I0517 09:24:30.956377  4286 processor.cc:820] Processor: start processing batch 24818a70-5de4-4685-9db1-a57472a2f33d into model nwt
I0517 09:24:30.972817  4287 processor.cc:925] Processor: complete processing batch 869c0ce4-6534-42c7-a71d-04a21ed703c9 into model nwt
I0517 09:24:30.975862  4287 cuckoo_watch.h:45] 151ms in ProcessBatch(batches/aaaaal.batch) [including 9ms in LoadMessage; 13ms in InitializeSparseNdw; 0ms in FindReuseThetaCacheEntry; 0ms in InitializeTheta; 0ms in CreateRegularizerAgents; 71ms in InferThetaAndUpdateNwtSparse; 0ms in UpdateCacheEntry; 53ms in CalculateScore(^^^ItemsProcessedScore^^^); ]
I0517 09:24:30.984908  4287 processor.cc:820] Processor: start processing batch 48093719-1230-4be5-9080-959a67aea843 into model nwt
I0517 09:24:31.078009  4286 processor.cc:925] Processor: complete processing batch 24818a70-5de4-4685-9db1-a57472a2f33d into model nwt
I0517 09:24:31.080837  4286 cuckoo_watch.h:45] 132ms in ProcessBatch(batches/aaaaan.batch) [including 7ms in LoadMessage; 11ms in InitializeSparseNdw; 0ms in FindReuseThetaCacheEntry; 0ms in InitializeTheta; 0ms in CreateRegularizerAgents; 62ms in InferThetaAndUpdateNwtSparse; 0ms in UpdateCacheEntry; 47ms in CalculateScore(^^^ItemsProcessedScore^^^); ]
I0517 09:24:31.083863  4286 processor.cc:820] Processor: start processing batch bc8611cc-4bfe-4c0b-94cb-a7f98937890f into model nwt
I0517 09:24:31.110713  4286 processor.cc:925] Processor: complete processing batch bc8611cc-4bfe-4c0b-94cb-a7f98937890f into model nwt
I0517 09:24:31.111467  4286 cuckoo_watch.h:45] 30ms in ProcessBatch(batches/aaaaaq.batch) [including 2ms in LoadMessage; 4ms in InitializeSparseNdw; 0ms in FindReuseThetaCacheEntry; 0ms in InitializeTheta; 0ms in CreateRegularizerAgents; 14ms in InferThetaAndUpdateNwtSparse; 0ms in UpdateCacheEntry; 7ms in CalculateScore(^^^ItemsProcessedScore^^^); ]
I0517 09:24:31.113142  4286 processor.cc:820] Processor: start processing batch 297ddfff-83cb-461d-96d0-7f32e3bd63c5 into model nwt
I0517 09:24:31.117722  4286 processor.cc:925] Processor: complete processing batch 297ddfff-83cb-461d-96d0-7f32e3bd63c5 into model nwt
I0517 09:24:31.117866  4286 cuckoo_watch.h:45] 6ms in ProcessBatch(batches/aaaaar.batch) [including 1ms in LoadMessage; 0ms in InitializeSparseNdw; 0ms in FindReuseThetaCacheEntry; 0ms in InitializeTheta; 0ms in CreateRegularizerAgents; 2ms in InferThetaAndUpdateNwtSparse; 0ms in UpdateCacheEntry; 1ms in CalculateScore(^^^ItemsProcessedScore^^^); ]
I0517 09:24:31.127607  4287 processor.cc:925] Processor: complete processing batch 48093719-1230-4be5-9080-959a67aea843 into model nwt
I0517 09:24:31.129791  4287 cuckoo_watch.h:45] 153ms in ProcessBatch(batches/aaaaam.batch) [including 8ms in LoadMessage; 12ms in InitializeSparseNdw; 0ms in FindReuseThetaCacheEntry; 0ms in InitializeTheta; 0ms in CreateRegularizerAgents; 74ms in InferThetaAndUpdateNwtSparse; 0ms in UpdateCacheEntry; 55ms in CalculateScore(^^^ItemsProcessedScore^^^); ]
I0517 09:24:31.130781  4233 master_component.cc:1436] RegularizeModelArgs: rwt_target_name=rwt, pwt_source_name=pwt, nwt_source_name=nwt
I0517 09:24:31.130787  4233 master_component.cc:976] MasterComponent: start regularizing model pwt
I0517 09:24:31.138548  4286 processor.cc:740] No data in processing queue, waiting...
I0517 09:24:31.150522  4287 processor.cc:740] No data in processing queue, waiting...
I0517 09:24:31.255142  4233 master_component.cc:1002] MasterComponent: complete regularizing model pwt
I0517 09:24:31.255174  4233 master_component.cc:1449] NormalizeModelArgs: pwt_target_name=pwt, nwt_source_name=nwt, rwt_source_name=rwt
I0517 09:24:31.255177  4233 master_component.cc:1006] MasterComponent: start normalizing model nwt
I0517 09:24:31.365738  4233 master_component.cc:1034] MasterComponent: complete normalizing model nwt
I0517 09:24:31.472916  4233 master_component.cc:1473] DisposeModel rwt
I0517 09:24:31.482861  4233 master_component.cc:1059] FitOffline: ItemsProcessed, num_items=1728, num_batches=18, token_weight=808522, token_weight_in_effect=808522
I0517 09:24:31.483124  4233 c_interface.cc:389] Pass FitOfflineMasterModelArgs, batch_filename_size=18, batch_weight_size=18, num_collection_passes=1, reset_nwt=yes to MN4artm4core15MasterComponentEFvRKNS_25FitOfflineMasterModelArgsEE
I0517 09:24:31.483148  4233 master_component.cc:1398] ProcessBatchesArgs: nwt_target_name=nwt, batch_filename_size=18, batch_size=0, batch_weight_size=18, pwt_source_name=pwt, num_document_passes=1, regularizer=(name:1:urn:uuid:9df7968e-b6f1-11eb-93fc-0242ac1c0002, tau:100000), class=(text:1), class=(author:1), reuse_theta=yes, opt_for_avx=yes, predict_class_id=, reset_nwt=yes
I0517 09:24:31.502216  4287 processor.cc:747] Processing queue has data, processing started
I0517 09:24:31.503334  4286 processor.cc:747] Processing queue has data, processing started
I0517 09:24:31.505129  4287 processor.cc:820] Processor: start processing batch 2b83388f-249f-4ed1-b192-0219bc423703 into model nwt
I0517 09:24:31.510192  4286 processor.cc:820] Processor: start processing batch 38a57d2c-0361-456d-bd11-caf5267d02bb into model nwt
I0517 09:24:31.525794  4287 processor.cc:925] Processor: complete processing batch 2b83388f-249f-4ed1-b192-0219bc423703 into model nwt
I0517 09:24:31.526312  4287 cuckoo_watch.h:45] 24ms in ProcessBatch(batches/aaaaaa.batch) [including 2ms in LoadMessage; 1ms in InitializeSparseNdw; 0ms in FindReuseThetaCacheEntry; 0ms in InitializeTheta; 0ms in CreateRegularizerAgents; 13ms in InferThetaAndUpdateNwtSparse; 0ms in UpdateCacheEntry; 5ms in CalculateScore(^^^ItemsProcessedScore^^^); ]
I0517 09:24:31.529696  4287 processor.cc:820] Processor: start processing batch a7515b57-904e-45bd-87be-6b0c7390f055 into model nwt
I0517 09:24:31.544147  4286 processor.cc:925] Processor: complete processing batch 38a57d2c-0361-456d-bd11-caf5267d02bb into model nwt
I0517 09:24:31.545274  4286 cuckoo_watch.h:45] 41ms in ProcessBatch(batches/aaaaae.batch) [including 6ms in LoadMessage; 2ms in InitializeSparseNdw; 0ms in FindReuseThetaCacheEntry; 0ms in InitializeTheta; 0ms in CreateRegularizerAgents; 20ms in InferThetaAndUpdateNwtSparse; 0ms in UpdateCacheEntry; 11ms in CalculateScore(^^^ItemsProcessedScore^^^); ]
I0517 09:24:31.548887  4286 processor.cc:820] Processor: start processing batch e8d7a0bc-ceb5-4186-922e-ba0b54ee7545 into model nwt
I0517 09:24:31.575852  4287 processor.cc:925] Processor: complete processing batch a7515b57-904e-45bd-87be-6b0c7390f055 into model nwt
I0517 09:24:31.577100  4287 cuckoo_watch.h:45] 50ms in ProcessBatch(batches/aaaaah.batch) [including 3ms in LoadMessage; 3ms in InitializeSparseNdw; 0ms in FindReuseThetaCacheEntry; 0ms in InitializeTheta; 0ms in CreateRegularizerAgents; 25ms in InferThetaAndUpdateNwtSparse; 0ms in UpdateCacheEntry; 16ms in CalculateScore(^^^ItemsProcessedScore^^^); ]
I0517 09:24:31.580272  4287 processor.cc:820] Processor: start processing batch b3a4759d-d6bb-466b-a12b-285df63fbaf1 into model nwt
I0517 09:24:31.587069  4286 processor.cc:925] Processor: complete processing batch e8d7a0bc-ceb5-4186-922e-ba0b54ee7545 into model nwt
I0517 09:24:31.588169  4286 cuckoo_watch.h:45] 42ms in ProcessBatch(batches/aaaaad.batch) [including 3ms in LoadMessage; 2ms in InitializeSparseNdw; 0ms in FindReuseThetaCacheEntry; 0ms in InitializeTheta; 0ms in CreateRegularizerAgents; 20ms in InferThetaAndUpdateNwtSparse; 0ms in UpdateCacheEntry; 14ms in CalculateScore(^^^ItemsProcessedScore^^^); ]
I0517 09:24:31.591540  4286 processor.cc:820] Processor: start processing batch 43562c6f-c561-4e10-a354-3e20fdd18ca4 into model nwt
I0517 09:24:31.621474  4287 processor.cc:925] Processor: complete processing batch b3a4759d-d6bb-466b-a12b-285df63fbaf1 into model nwt
I0517 09:24:31.622534  4287 cuckoo_watch.h:45] 45ms in ProcessBatch(batches/aaaaaf.batch) [including 3ms in LoadMessage; 2ms in InitializeSparseNdw; 0ms in FindReuseThetaCacheEntry; 0ms in InitializeTheta; 0ms in CreateRegularizerAgents; 24ms in InferThetaAndUpdateNwtSparse; 0ms in UpdateCacheEntry; 13ms in CalculateScore(^^^ItemsProcessedScore^^^); ]
I0517 09:24:31.625548  4287 processor.cc:820] Processor: start processing batch 8a140e65-d5b5-45fb-b9d7-f6a88db2b1f3 into model nwt
I0517 09:24:31.628953  4286 processor.cc:925] Processor: complete processing batch 43562c6f-c561-4e10-a354-3e20fdd18ca4 into model nwt
I0517 09:24:31.629909  4286 cuckoo_watch.h:45] 41ms in ProcessBatch(batches/aaaaac.batch) [including 3ms in LoadMessage; 2ms in InitializeSparseNdw; 0ms in FindReuseThetaCacheEntry; 0ms in InitializeTheta; 0ms in CreateRegularizerAgents; 20ms in InferThetaAndUpdateNwtSparse; 0ms in UpdateCacheEntry; 14ms in CalculateScore(^^^ItemsProcessedScore^^^); ]
I0517 09:24:31.632997  4286 processor.cc:820] Processor: start processing batch e35668b5-fa9f-46a8-9037-13ab25a04b64 into model nwt
I0517 09:24:31.663643  4287 processor.cc:925] Processor: complete processing batch 8a140e65-d5b5-45fb-b9d7-f6a88db2b1f3 into model nwt
I0517 09:24:31.664155  4286 processor.cc:925] Processor: complete processing batch e35668b5-fa9f-46a8-9037-13ab25a04b64 into model nwt
I0517 09:24:31.664789  4287 cuckoo_watch.h:45] 42ms in ProcessBatch(batches/aaaaai.batch) [including 2ms in LoadMessage; 2ms in InitializeSparseNdw; 0ms in FindReuseThetaCacheEntry; 0ms in InitializeTheta; 0ms in CreateRegularizerAgents; 21ms in InferThetaAndUpdateNwtSparse; 0ms in UpdateCacheEntry; 13ms in CalculateScore(^^^ItemsProcessedScore^^^); ]
I0517 09:24:31.666333  4286 cuckoo_watch.h:45] 36ms in ProcessBatch(batches/aaaaab.batch) [including 3ms in LoadMessage; 2ms in InitializeSparseNdw; 0ms in FindReuseThetaCacheEntry; 0ms in InitializeTheta; 0ms in CreateRegularizerAgents; 17ms in InferThetaAndUpdateNwtSparse; 0ms in UpdateCacheEntry; 11ms in CalculateScore(^^^ItemsProcessedScore^^^); ]
I0517 09:24:31.670433  4287 processor.cc:820] Processor: start processing batch 6f91bfc0-7782-4d94-900f-12683c63a947 into model nwt
I0517 09:24:31.671224  4286 processor.cc:820] Processor: start processing batch aca6bcc0-c665-4396-ada4-291825dcc108 into model nwt
I0517 09:24:31.723724  4286 processor.cc:925] Processor: complete processing batch aca6bcc0-c665-4396-ada4-291825dcc108 into model nwt
I0517 09:24:31.725018  4286 cuckoo_watch.h:45] 58ms in ProcessBatch(batches/aaaaag.batch) [including 4ms in LoadMessage; 4ms in InitializeSparseNdw; 0ms in FindReuseThetaCacheEntry; 0ms in InitializeTheta; 0ms in CreateRegularizerAgents; 28ms in InferThetaAndUpdateNwtSparse; 0ms in UpdateCacheEntry; 19ms in CalculateScore(^^^ItemsProcessedScore^^^); ]
I0517 09:24:31.733392  4286 processor.cc:820] Processor: start processing batch 887becb6-40ba-4f5d-bd95-f9a1a7c2e333 into model nwt
I0517 09:24:31.745404  4287 processor.cc:925] Processor: complete processing batch 6f91bfc0-7782-4d94-900f-12683c63a947 into model nwt
I0517 09:24:31.747308  4287 cuckoo_watch.h:45] 82ms in ProcessBatch(batches/aaaaaj.batch) [including 5ms in LoadMessage; 6ms in InitializeSparseNdw; 0ms in FindReuseThetaCacheEntry; 0ms in InitializeTheta; 0ms in CreateRegularizerAgents; 39ms in InferThetaAndUpdateNwtSparse; 0ms in UpdateCacheEntry; 28ms in CalculateScore(^^^ItemsProcessedScore^^^); ]
I0517 09:24:31.754317  4287 processor.cc:820] Processor: start processing batch eed1ab66-3d18-4c8f-80ca-06d78577e1b5 into model nwt
I0517 09:24:31.855945  4287 processor.cc:925] Processor: complete processing batch eed1ab66-3d18-4c8f-80ca-06d78577e1b5 into model nwt
I0517 09:24:31.858582  4287 cuckoo_watch.h:45] 111ms in ProcessBatch(batches/aaaaao.batch) [including 6ms in LoadMessage; 8ms in InitializeSparseNdw; 0ms in FindReuseThetaCacheEntry; 0ms in InitializeTheta; 0ms in CreateRegularizerAgents; 53ms in InferThetaAndUpdateNwtSparse; 0ms in UpdateCacheEntry; 39ms in CalculateScore(^^^ItemsProcessedScore^^^); ]
I0517 09:24:31.869737  4287 processor.cc:820] Processor: start processing batch 869c0ce4-6534-42c7-a71d-04a21ed703c9 into model nwt
I0517 09:24:31.873587  4286 processor.cc:925] Processor: complete processing batch 887becb6-40ba-4f5d-bd95-f9a1a7c2e333 into model nwt
I0517 09:24:31.876853  4286 cuckoo_watch.h:45] 151ms in ProcessBatch(batches/aaaaak.batch) [including 8ms in LoadMessage; 12ms in InitializeSparseNdw; 0ms in FindReuseThetaCacheEntry; 0ms in InitializeTheta; 0ms in CreateRegularizerAgents; 71ms in InferThetaAndUpdateNwtSparse; 0ms in UpdateCacheEntry; 55ms in CalculateScore(^^^ItemsProcessedScore^^^); ]
I0517 09:24:31.883424  4286 processor.cc:820] Processor: start processing batch eb16843a-7fac-4a5b-bf92-eb701b64bc2b into model nwt
I0517 09:24:31.978663  4286 processor.cc:925] Processor: complete processing batch eb16843a-7fac-4a5b-bf92-eb701b64bc2b into model nwt
I0517 09:24:31.981115  4286 cuckoo_watch.h:45] 104ms in ProcessBatch(batches/aaaaap.batch) [including 6ms in LoadMessage; 7ms in InitializeSparseNdw; 0ms in FindReuseThetaCacheEntry; 0ms in InitializeTheta; 0ms in CreateRegularizerAgents; 51ms in InferThetaAndUpdateNwtSparse; 0ms in UpdateCacheEntry; 35ms in CalculateScore(^^^ItemsProcessedScore^^^); ]
I0517 09:24:31.989063  4286 processor.cc:820] Processor: start processing batch 24818a70-5de4-4685-9db1-a57472a2f33d into model nwt
I0517 09:24:32.009948  4287 processor.cc:925] Processor: complete processing batch 869c0ce4-6534-42c7-a71d-04a21ed703c9 into model nwt
I0517 09:24:32.013265  4287 cuckoo_watch.h:45] 154ms in ProcessBatch(batches/aaaaal.batch) [including 11ms in LoadMessage; 14ms in InitializeSparseNdw; 0ms in FindReuseThetaCacheEntry; 0ms in InitializeTheta; 0ms in CreateRegularizerAgents; 70ms in InferThetaAndUpdateNwtSparse; 0ms in UpdateCacheEntry; 55ms in CalculateScore(^^^ItemsProcessedScore^^^); ]
I0517 09:24:32.022610  4287 processor.cc:820] Processor: start processing batch 48093719-1230-4be5-9080-959a67aea843 into model nwt
I0517 09:24:32.113617  4286 processor.cc:925] Processor: complete processing batch 24818a70-5de4-4685-9db1-a57472a2f33d into model nwt
I0517 09:24:32.116405  4286 cuckoo_watch.h:45] 135ms in ProcessBatch(batches/aaaaan.batch) [including 7ms in LoadMessage; 11ms in InitializeSparseNdw; 0ms in FindReuseThetaCacheEntry; 0ms in InitializeTheta; 0ms in CreateRegularizerAgents; 63ms in InferThetaAndUpdateNwtSparse; 0ms in UpdateCacheEntry; 49ms in CalculateScore(^^^ItemsProcessedScore^^^); ]
I0517 09:24:32.118873  4286 processor.cc:820] Processor: start processing batch bc8611cc-4bfe-4c0b-94cb-a7f98937890f into model nwt
I0517 09:24:32.142926  4286 processor.cc:925] Processor: complete processing batch bc8611cc-4bfe-4c0b-94cb-a7f98937890f into model nwt
I0517 09:24:32.143687  4286 cuckoo_watch.h:45] 27ms in ProcessBatch(batches/aaaaaq.batch) [including 2ms in LoadMessage; 1ms in InitializeSparseNdw; 0ms in FindReuseThetaCacheEntry; 0ms in InitializeTheta; 0ms in CreateRegularizerAgents; 14ms in InferThetaAndUpdateNwtSparse; 0ms in UpdateCacheEntry; 7ms in CalculateScore(^^^ItemsProcessedScore^^^); ]
I0517 09:24:32.145071  4286 processor.cc:820] Processor: start processing batch 297ddfff-83cb-461d-96d0-7f32e3bd63c5 into model nwt
I0517 09:24:32.149703  4286 processor.cc:925] Processor: complete processing batch 297ddfff-83cb-461d-96d0-7f32e3bd63c5 into model nwt
I0517 09:24:32.149835  4286 cuckoo_watch.h:45] 6ms in ProcessBatch(batches/aaaaar.batch) [including 1ms in LoadMessage; 0ms in InitializeSparseNdw; 0ms in FindReuseThetaCacheEntry; 0ms in InitializeTheta; 0ms in CreateRegularizerAgents; 3ms in InferThetaAndUpdateNwtSparse; 0ms in UpdateCacheEntry; 1ms in CalculateScore(^^^ItemsProcessedScore^^^); ]
I0517 09:24:32.165122  4287 processor.cc:925] Processor: complete processing batch 48093719-1230-4be5-9080-959a67aea843 into model nwt
