Log file created at: 2021/05/08 12:02:26
Running on machine: bb7a49510e4c
Log line format: [IWEF]mmdd hh:mm:ss.uuuuuu threadid file:line] msg
I0508 12:02:26.091634    59 c_interface.cc:127] Logging enabled to .
I0508 12:02:26.102627    59 c_interface.cc:128] BigARTM version: v0.9.2
I0508 12:02:26.102756    59 c_interface.cc:271] Pass MasterModelConfig: topic_name_size=0, score_config_size=1, num_processors=0, pwt_name=pwt, nwt_name=nwt, num_document_passes=0, reuse_theta=no, cache_theta=no, opt_for_avx=yes, disk_cache_path= to ArtmCreateMasterModel
I0508 12:02:26.102876    59 c_interface.cc:274] Creating MasterModel (id=1)...
I0508 12:02:26.104598    59 collection_parser.cc:557] CollectionParserConfig.num_threads is automatically set to 2
I0508 12:02:27.332320    59 c_interface.cc:375] Pass 5233d710-8491-4120-be8b-e335da094fbe to MN4artm4core15MasterComponentEFvRKSsE
I0508 12:02:27.332473    59 c_interface.cc:389] Pass GatherDictionaryArgs: dictionary_target_name=5233d710-8491-4120-be8b-e335da094fbe, data_path=school_batches, symmetric_cooc_values=0 to MN4artm4core15MasterComponentEFvRKNS_20GatherDictionaryArgsEE
I0508 12:02:27.333806    59 dictionary_operations.cc:261] Found 5 batches in 'school_batches' folder
I0508 12:02:27.376192    59 dictionary_operations.cc:325] Find 16099 unique tokens in 476 items
I0508 12:02:27.392972    59 dictionary_operations.cc:589] Dictionary name='5233d710-8491-4120-be8b-e335da094fbe' contains entries: text:16099; 
I0508 12:02:27.408313    59 c_interface.cc:375] Pass 5233d710-8491-4120-be8b-e335da094fbe to MN4artm4core15MasterComponentEFvRKSsE
I0508 12:02:27.412948    59 c_interface.cc:339] Disposing MasterComponent (id=1)...
I0508 12:02:27.423815    59 c_interface.cc:271] Pass MasterModelConfig: topic_name_size=10, class=(text:1), score_config_size=1, num_processors=0, pwt_name=pwt, nwt_name=nwt, num_document_passes=10, reuse_theta=no, cache_theta=no, opt_for_avx=yes, disk_cache_path= to ArtmCreateMasterModel
I0508 12:02:27.423898    59 instance.cc:401] MasterModelConfig.processors_count is automatically set to 2
I0508 12:02:27.423979    59 c_interface.cc:274] Creating MasterModel (id=2)...
I0508 12:02:27.425877   325 processor.cc:724] Processor thread started
I0508 12:02:27.439815   324 processor.cc:724] Processor thread started
I0508 12:02:27.459287   325 processor.cc:740] No data in processing queue, waiting...
I0508 12:02:27.466840   324 processor.cc:740] No data in processing queue, waiting...
I0508 12:02:53.617084    59 c_interface.cc:389] Pass MasterModelConfig: topic_name_size=10, class=(text:1), score_config_size=2, num_processors=0, pwt_name=pwt, nwt_name=nwt, num_document_passes=10, reuse_theta=no, cache_theta=no, opt_for_avx=yes, disk_cache_path= to MN4artm4core15MasterComponentEFvRKNS_17MasterModelConfigEE
I0508 12:02:53.617152    59 instance.cc:401] MasterModelConfig.processors_count is automatically set to 2
I0508 12:02:53.617182    59 perplexity.cc:26] Perplexity score calculator created: model_type=0
I0508 12:02:53.617561    59 c_interface.cc:389] Pass MasterModelConfig: topic_name_size=10, class=(text:1), score_config_size=3, num_processors=0, pwt_name=pwt, nwt_name=nwt, num_document_passes=10, reuse_theta=no, cache_theta=no, opt_for_avx=yes, disk_cache_path= to MN4artm4core15MasterComponentEFvRKNS_17MasterModelConfigEE
I0508 12:02:53.617583    59 instance.cc:401] MasterModelConfig.processors_count is automatically set to 2
I0508 12:02:53.617606    59 perplexity.cc:26] Perplexity score calculator created: model_type=0
I0508 12:02:53.617934    59 c_interface.cc:389] Pass MasterModelConfig: topic_name_size=10, class=(text:1), score_config_size=4, num_processors=0, pwt_name=pwt, nwt_name=nwt, num_document_passes=10, reuse_theta=no, cache_theta=no, opt_for_avx=yes, disk_cache_path= to MN4artm4core15MasterComponentEFvRKNS_17MasterModelConfigEE
I0508 12:02:53.617951    59 instance.cc:401] MasterModelConfig.processors_count is automatically set to 2
I0508 12:02:53.617980    59 perplexity.cc:26] Perplexity score calculator created: model_type=0
I0508 12:02:53.618299    59 c_interface.cc:389] Pass MasterModelConfig: topic_name_size=10, class=(text:1), score_config_size=5, num_processors=0, pwt_name=pwt, nwt_name=nwt, num_document_passes=10, reuse_theta=no, cache_theta=no, opt_for_avx=yes, disk_cache_path= to MN4artm4core15MasterComponentEFvRKNS_17MasterModelConfigEE
I0508 12:02:53.618317    59 instance.cc:401] MasterModelConfig.processors_count is automatically set to 2
I0508 12:02:53.618330    59 perplexity.cc:26] Perplexity score calculator created: model_type=0
I0508 12:13:41.798122    59 c_interface.cc:271] Pass MasterModelConfig: topic_name_size=0, score_config_size=1, num_processors=0, pwt_name=pwt, nwt_name=nwt, num_document_passes=0, reuse_theta=no, cache_theta=no, opt_for_avx=yes, disk_cache_path= to ArtmCreateMasterModel
I0508 12:13:41.798619    59 c_interface.cc:274] Creating MasterModel (id=3)...
I0508 12:14:04.567572    59 c_interface.cc:271] Pass MasterModelConfig: topic_name_size=0, score_config_size=1, num_processors=0, pwt_name=pwt, nwt_name=nwt, num_document_passes=0, reuse_theta=no, cache_theta=no, opt_for_avx=yes, disk_cache_path= to ArtmCreateMasterModel
I0508 12:14:04.567613    59 c_interface.cc:274] Creating MasterModel (id=4)...
I0508 12:14:04.567698    59 c_interface.cc:375] Pass f62ae430-5ff2-4c2c-a6e1-dfd44737421b to MN4artm4core15MasterComponentEFvRKSsE
I0508 12:14:04.567724    59 c_interface.cc:339] Disposing MasterComponent (id=3)...
I0508 12:14:13.431782    59 c_interface.cc:271] Pass MasterModelConfig: topic_name_size=0, score_config_size=1, num_processors=0, pwt_name=pwt, nwt_name=nwt, num_document_passes=0, reuse_theta=no, cache_theta=no, opt_for_avx=yes, disk_cache_path= to ArtmCreateMasterModel
I0508 12:14:13.432022    59 c_interface.cc:274] Creating MasterModel (id=5)...
I0508 12:14:13.432130    59 c_interface.cc:375] Pass 233fa8fa-0a17-40f5-ab51-d03e4f3f0581 to MN4artm4core15MasterComponentEFvRKSsE
I0508 12:14:13.432155    59 c_interface.cc:339] Disposing MasterComponent (id=4)...
I0508 12:14:34.758978    59 c_interface.cc:271] Pass MasterModelConfig: topic_name_size=0, score_config_size=1, num_processors=0, pwt_name=pwt, nwt_name=nwt, num_document_passes=0, reuse_theta=no, cache_theta=no, opt_for_avx=yes, disk_cache_path= to ArtmCreateMasterModel
I0508 12:14:34.759052    59 c_interface.cc:274] Creating MasterModel (id=6)...
I0508 12:14:34.759153    59 c_interface.cc:375] Pass 96940572-eb34-45be-8dee-ffa2865f2974 to MN4artm4core15MasterComponentEFvRKSsE
I0508 12:14:34.759196    59 c_interface.cc:339] Disposing MasterComponent (id=5)...
I0508 12:14:34.761485    59 c_interface.cc:271] Pass MasterModelConfig: topic_name_size=15, score_config_size=1, num_processors=0, pwt_name=pwt, nwt_name=nwt, num_document_passes=10, reuse_theta=no, cache_theta=yes, opt_for_avx=yes, disk_cache_path= to ArtmCreateMasterModel
I0508 12:14:34.761562    59 instance.cc:401] MasterModelConfig.processors_count is automatically set to 2
I0508 12:14:34.761966    59 c_interface.cc:274] Creating MasterModel (id=7)...
I0508 12:14:34.762269    59 c_interface.cc:389] Pass MasterModelConfig: topic_name_size=15, score_config_size=2, num_processors=0, pwt_name=pwt, nwt_name=nwt, num_document_passes=10, reuse_theta=no, cache_theta=yes, opt_for_avx=yes, disk_cache_path= to MN4artm4core15MasterComponentEFvRKNS_17MasterModelConfigEE
I0508 12:14:34.762290    59 instance.cc:401] MasterModelConfig.processors_count is automatically set to 2
I0508 12:14:34.762305    59 perplexity.cc:26] Perplexity score calculator created: model_type=1, dictionary_name=5a4424b7-d875-4261-9686-325a912bb20e
I0508 12:14:34.762573    59 c_interface.cc:389] Pass MasterModelConfig: topic_name_size=15, score_config_size=2, num_processors=0, pwt_name=pwt, nwt_name=nwt, num_document_passes=10, regularizer=(SparseTheta:-0.15), reuse_theta=no, cache_theta=yes, opt_for_avx=yes, disk_cache_path= to MN4artm4core15MasterComponentEFvRKNS_17MasterModelConfigEE
I0508 12:14:34.762611    59 instance.cc:401] MasterModelConfig.processors_count is automatically set to 2
I0508 12:14:34.762622    59 perplexity.cc:26] Perplexity score calculator created: model_type=1, dictionary_name=5a4424b7-d875-4261-9686-325a912bb20e
I0508 12:14:34.762806    59 instance.cc:226] Regularizer 'SparseTheta' was cold-reconfigured
I0508 12:14:34.762989   403 processor.cc:724] Processor thread started
I0508 12:14:34.763924   324 processor.cc:732] Processor thread stopped
I0508 12:14:34.763938   324 processor.cc:733] Total number of processed batches: 0
I0508 12:14:34.764012   402 processor.cc:724] Processor thread started
I0508 12:14:34.764513   325 processor.cc:732] Processor thread stopped
I0508 12:14:34.764528   325 processor.cc:733] Total number of processed batches: 0
I0508 12:14:34.764678    59 c_interface.cc:339] Disposing MasterComponent (id=2)...
I0508 12:14:34.785570   402 processor.cc:740] No data in processing queue, waiting...
I0508 12:14:34.788456   403 processor.cc:740] No data in processing queue, waiting...
I0508 12:18:17.473647    59 c_interface.cc:271] Pass MasterModelConfig: topic_name_size=0, score_config_size=1, num_processors=0, pwt_name=pwt, nwt_name=nwt, num_document_passes=0, reuse_theta=no, cache_theta=no, opt_for_avx=yes, disk_cache_path= to ArtmCreateMasterModel
I0508 12:18:17.473949    59 c_interface.cc:274] Creating MasterModel (id=8)...
I0508 12:18:17.482965    59 collection_parser.cc:557] CollectionParserConfig.num_threads is automatically set to 2
W0508 12:18:17.586814   434 helpers.cc:221] File already exists: school_batches/aaaaaa.batch
W0508 12:18:17.598264   433 helpers.cc:221] File already exists: school_batches/aaaaab.batch
W0508 12:18:17.714023   433 helpers.cc:221] File already exists: school_batches/aaaaad.batch
W0508 12:18:17.719015   434 helpers.cc:221] File already exists: school_batches/aaaaac.batch
W0508 12:18:17.802433   433 helpers.cc:221] File already exists: school_batches/aaaaae.batch
I0508 12:18:17.819365    59 c_interface.cc:375] Pass 5713224a-5a8a-419f-a072-590fcb6592bf to MN4artm4core15MasterComponentEFvRKSsE
I0508 12:18:17.819519    59 c_interface.cc:389] Pass GatherDictionaryArgs: dictionary_target_name=5713224a-5a8a-419f-a072-590fcb6592bf, data_path=school_batches, symmetric_cooc_values=0 to MN4artm4core15MasterComponentEFvRKNS_20GatherDictionaryArgsEE
I0508 12:18:17.820639    59 dictionary_operations.cc:261] Found 5 batches in 'school_batches' folder
I0508 12:18:17.862993    59 dictionary_operations.cc:325] Find 16099 unique tokens in 476 items
I0508 12:18:17.881562    59 dictionary_operations.cc:589] Dictionary name='5713224a-5a8a-419f-a072-590fcb6592bf' contains entries: text:16099; 
I0508 12:20:55.589257    59 c_interface.cc:375] Pass 5a4424b7-d875-4261-9686-325a912bb20e to MN4artm4core15MasterComponentEFvRKSsE
I0508 12:20:55.589833    59 c_interface.cc:389] Pass GatherDictionaryArgs: dictionary_target_name=5a4424b7-d875-4261-9686-325a912bb20e, data_path=school_batches, symmetric_cooc_values=0 to MN4artm4core15MasterComponentEFvRKNS_20GatherDictionaryArgsEE
I0508 12:20:55.591241    59 dictionary_operations.cc:261] Found 5 batches in 'school_batches' folder
I0508 12:20:55.637210    59 dictionary_operations.cc:325] Find 16099 unique tokens in 476 items
I0508 12:20:55.654611    59 dictionary_operations.cc:589] Dictionary name='5a4424b7-d875-4261-9686-325a912bb20e' contains entries: text:16099; 
I0508 12:20:55.657914    59 dictionary_operations.cc:74] Exporting dictionary 5a4424b7-d875-4261-9686-325a912bb20e to school_batches/dictionary.dict
I0508 12:20:55.665712    59 dictionary_operations.cc:160] Export completed, token_size = 16099
I0508 12:22:14.474010    59 c_interface.cc:271] Pass MasterModelConfig: topic_name_size=0, score_config_size=1, num_processors=0, pwt_name=pwt, nwt_name=nwt, num_document_passes=0, reuse_theta=no, cache_theta=no, opt_for_avx=yes, disk_cache_path= to ArtmCreateMasterModel
I0508 12:22:14.475203    59 c_interface.cc:274] Creating MasterModel (id=9)...
I0508 12:22:14.477111    59 collection_parser.cc:557] CollectionParserConfig.num_threads is automatically set to 2
I0508 12:22:14.801597    59 c_interface.cc:375] Pass e747943a-02d5-45c1-9fbc-304cb0a3ca28 to MN4artm4core15MasterComponentEFvRKSsE
I0508 12:22:14.801759    59 c_interface.cc:389] Pass GatherDictionaryArgs: dictionary_target_name=e747943a-02d5-45c1-9fbc-304cb0a3ca28, data_path=batches, symmetric_cooc_values=0 to MN4artm4core15MasterComponentEFvRKNS_20GatherDictionaryArgsEE
I0508 12:22:14.802397    59 dictionary_operations.cc:261] Found 5 batches in 'batches' folder
I0508 12:22:14.849910    59 dictionary_operations.cc:325] Find 16099 unique tokens in 476 items
I0508 12:22:14.868131    59 dictionary_operations.cc:589] Dictionary name='e747943a-02d5-45c1-9fbc-304cb0a3ca28' contains entries: text:16099; 
I0508 12:22:14.868275    59 c_interface.cc:375] Pass 5713224a-5a8a-419f-a072-590fcb6592bf to MN4artm4core15MasterComponentEFvRKSsE
I0508 12:22:14.873802    59 c_interface.cc:339] Disposing MasterComponent (id=8)...
I0508 12:24:20.785918    59 c_interface.cc:271] Pass MasterModelConfig: topic_name_size=0, score_config_size=1, num_processors=0, pwt_name=pwt, nwt_name=nwt, num_document_passes=0, reuse_theta=no, cache_theta=no, opt_for_avx=yes, disk_cache_path= to ArtmCreateMasterModel
I0508 12:24:20.786231    59 c_interface.cc:274] Creating MasterModel (id=10)...
I0508 12:24:20.786361    59 c_interface.cc:375] Pass 5a4424b7-d875-4261-9686-325a912bb20e to MN4artm4core15MasterComponentEFvRKSsE
I0508 12:24:20.794975    59 c_interface.cc:339] Disposing MasterComponent (id=6)...
I0508 12:24:20.795209    59 c_interface.cc:375] Pass 834b10a8-32f5-432b-9d4c-e15928702ab3 to MN4artm4core15MasterComponentEFvRKSsE
I0508 12:24:20.795388    59 c_interface.cc:389] Pass GatherDictionaryArgs: dictionary_target_name=834b10a8-32f5-432b-9d4c-e15928702ab3, data_path=batches, symmetric_cooc_values=0 to MN4artm4core15MasterComponentEFvRKNS_20GatherDictionaryArgsEE
I0508 12:24:20.796694    59 dictionary_operations.cc:261] Found 5 batches in 'batches' folder
I0508 12:24:20.858341    59 dictionary_operations.cc:325] Find 16099 unique tokens in 476 items
I0508 12:24:20.877841    59 dictionary_operations.cc:589] Dictionary name='834b10a8-32f5-432b-9d4c-e15928702ab3' contains entries: text:16099; 
I0508 12:25:54.257422    59 c_interface.cc:271] Pass MasterModelConfig: topic_name_size=15, score_config_size=1, num_processors=0, pwt_name=pwt, nwt_name=nwt, num_document_passes=10, reuse_theta=no, cache_theta=yes, opt_for_avx=yes, disk_cache_path= to ArtmCreateMasterModel
I0508 12:25:54.257782    59 instance.cc:401] MasterModelConfig.processors_count is automatically set to 2
I0508 12:25:54.257876   523 processor.cc:724] Processor thread started
I0508 12:25:54.257896    59 c_interface.cc:274] Creating MasterModel (id=11)...
I0508 12:25:54.258101    59 c_interface.cc:389] Pass MasterModelConfig: topic_name_size=15, score_config_size=2, num_processors=0, pwt_name=pwt, nwt_name=nwt, num_document_passes=10, reuse_theta=no, cache_theta=yes, opt_for_avx=yes, disk_cache_path= to MN4artm4core15MasterComponentEFvRKNS_17MasterModelConfigEE
I0508 12:25:54.258114    59 instance.cc:401] MasterModelConfig.processors_count is automatically set to 2
I0508 12:25:54.258124    59 perplexity.cc:26] Perplexity score calculator created: model_type=1, dictionary_name=834b10a8-32f5-432b-9d4c-e15928702ab3
I0508 12:25:54.258262    59 c_interface.cc:389] Pass MasterModelConfig: topic_name_size=15, score_config_size=2, num_processors=0, pwt_name=pwt, nwt_name=nwt, num_document_passes=10, regularizer=(SparseTheta:-0.15), reuse_theta=no, cache_theta=yes, opt_for_avx=yes, disk_cache_path= to MN4artm4core15MasterComponentEFvRKNS_17MasterModelConfigEE
I0508 12:25:54.258280    59 instance.cc:401] MasterModelConfig.processors_count is automatically set to 2
I0508 12:25:54.258286    59 perplexity.cc:26] Perplexity score calculator created: model_type=1, dictionary_name=834b10a8-32f5-432b-9d4c-e15928702ab3
I0508 12:25:54.258301    59 instance.cc:226] Regularizer 'SparseTheta' was cold-reconfigured
I0508 12:25:54.258363   524 processor.cc:724] Processor thread started
I0508 12:25:54.259294   402 processor.cc:732] Processor thread stopped
I0508 12:25:54.259305   402 processor.cc:733] Total number of processed batches: 0
I0508 12:25:54.260383   403 processor.cc:732] Processor thread stopped
I0508 12:25:54.260396   403 processor.cc:733] Total number of processed batches: 0
I0508 12:25:54.260555    59 c_interface.cc:339] Disposing MasterComponent (id=7)...
I0508 12:25:54.279052   523 processor.cc:740] No data in processing queue, waiting...
I0508 12:25:54.282408   524 processor.cc:740] No data in processing queue, waiting...
I0508 12:25:57.508062    59 c_interface.cc:375] Pass pwt to MN4artm4core15MasterComponentEFvRKSsE
I0508 12:25:57.508131    59 c_interface.cc:375] Pass nwt to MN4artm4core15MasterComponentEFvRKSsE
I0508 12:25:57.508442    59 c_interface.cc:389] Pass InitializeModelArgs: model_name=pwt, dictionary_name=834b10a8-32f5-432b-9d4c-e15928702ab3, topic_name_size=15, seed=-1 to MN4artm4core15MasterComponentEFvRKNS_19InitializeModelArgsEE
I0508 12:25:57.578892    59 master_component.cc:664] InitializeModel() created matrix pwt with 15 topics and 16099 tokens; 
I0508 12:25:57.579082    59 c_interface.cc:389] Pass InitializeModelArgs: model_name=nwt, dictionary_name=834b10a8-32f5-432b-9d4c-e15928702ab3, topic_name_size=15, seed=-1 to MN4artm4core15MasterComponentEFvRKNS_19InitializeModelArgsEE
I0508 12:25:57.641376    59 master_component.cc:664] InitializeModel() created matrix nwt with 15 topics and 16099 tokens; 
I0508 12:25:57.641784    59 c_interface.cc:231] ArtmCopyRequestedMessage is copying 323 bytes...
I0508 12:25:57.645625    59 c_interface.cc:389] Pass FitOfflineMasterModelArgs, batch_filename_size=5, batch_weight_size=5, num_collection_passes=1, reset_nwt=yes to MN4artm4core15MasterComponentEFvRKNS_25FitOfflineMasterModelArgsEE
I0508 12:25:57.645705    59 master_component.cc:1398] ProcessBatchesArgs: nwt_target_name=nwt, batch_filename_size=5, batch_size=0, batch_weight_size=5, pwt_source_name=pwt, num_document_passes=10, regularizer=(name:SparseTheta, tau:-0.15), reuse_theta=no, opt_for_avx=yes, predict_class_id=, reset_nwt=yes
I0508 12:25:57.651741   524 processor.cc:747] Processing queue has data, processing started
I0508 12:25:57.651849   523 processor.cc:747] Processing queue has data, processing started
I0508 12:25:57.657858   523 processor.cc:820] Processor: start processing batch 4a9a8c53-a69a-41ba-965a-2007fab7bf12 into model nwt
I0508 12:25:57.659955   524 processor.cc:820] Processor: start processing batch 85d6875e-6ee0-4717-a713-f1346c0c1bbc into model nwt
I0508 12:25:57.733047   524 processor.cc:925] Processor: complete processing batch 85d6875e-6ee0-4717-a713-f1346c0c1bbc into model nwt
I0508 12:25:57.734695   524 cuckoo_watch.h:45] 82ms in ProcessBatch(batches/aaaaaa.batch) [including 8ms in LoadMessage; 0ms in InitializeSparseNdw; 0ms in InitializeTheta; 0ms in CreateRegularizerAgents; 33ms in InferThetaAndUpdateNwtSparse; 0ms in UpdateCacheEntry; 22ms in CalculateScore(PerplexityScore); 16ms in CalculateScore(^^^ItemsProcessedScore^^^); ]
I0508 12:25:57.735896   523 processor.cc:925] Processor: complete processing batch 4a9a8c53-a69a-41ba-965a-2007fab7bf12 into model nwt
I0508 12:25:57.737192   523 cuckoo_watch.h:45] 85ms in ProcessBatch(batches/aaaaab.batch) [including 5ms in LoadMessage; 0ms in InitializeSparseNdw; 0ms in InitializeTheta; 0ms in CreateRegularizerAgents; 34ms in InferThetaAndUpdateNwtSparse; 0ms in UpdateCacheEntry; 27ms in CalculateScore(PerplexityScore); 15ms in CalculateScore(^^^ItemsProcessedScore^^^); ]
I0508 12:25:57.739614   524 processor.cc:820] Processor: start processing batch 794b7f07-c530-4b97-ad11-dc6a8619bfd0 into model nwt
I0508 12:25:57.741111   523 processor.cc:820] Processor: start processing batch cde46639-e6ec-449c-ae0c-4a4744af74d1 into model nwt
I0508 12:25:57.808230   523 processor.cc:925] Processor: complete processing batch cde46639-e6ec-449c-ae0c-4a4744af74d1 into model nwt
I0508 12:25:57.809597   524 processor.cc:925] Processor: complete processing batch 794b7f07-c530-4b97-ad11-dc6a8619bfd0 into model nwt
I0508 12:25:57.810155   523 cuckoo_watch.h:45] 72ms in ProcessBatch(batches/aaaaad.batch) [including 3ms in LoadMessage; 0ms in InitializeSparseNdw; 0ms in InitializeTheta; 0ms in CreateRegularizerAgents; 33ms in InferThetaAndUpdateNwtSparse; 0ms in UpdateCacheEntry; 17ms in CalculateScore(PerplexityScore); 15ms in CalculateScore(^^^ItemsProcessedScore^^^); ]
I0508 12:25:57.811683   524 cuckoo_watch.h:45] 76ms in ProcessBatch(batches/aaaaac.batch) [including 4ms in LoadMessage; 0ms in InitializeSparseNdw; 0ms in InitializeTheta; 0ms in CreateRegularizerAgents; 34ms in InferThetaAndUpdateNwtSparse; 0ms in UpdateCacheEntry; 18ms in CalculateScore(PerplexityScore); 16ms in CalculateScore(^^^ItemsProcessedScore^^^); ]
I0508 12:25:57.813839   523 processor.cc:820] Processor: start processing batch 86dbf7db-8091-4acb-ae24-81149e4211aa into model nwt
I0508 12:25:57.832317   524 processor.cc:740] No data in processing queue, waiting...
I0508 12:25:57.860061   523 processor.cc:925] Processor: complete processing batch 86dbf7db-8091-4acb-ae24-81149e4211aa into model nwt
I0508 12:25:57.860847   523 cuckoo_watch.h:45] 50ms in ProcessBatch(batches/aaaaae.batch) [including 3ms in LoadMessage; 0ms in InitializeSparseNdw; 0ms in InitializeTheta; 0ms in CreateRegularizerAgents; 23ms in InferThetaAndUpdateNwtSparse; 0ms in UpdateCacheEntry; 12ms in CalculateScore(PerplexityScore); 10ms in CalculateScore(^^^ItemsProcessedScore^^^); ]
I0508 12:25:57.861819    59 master_component.cc:1436] RegularizeModelArgs: rwt_target_name=rwt, pwt_source_name=pwt, nwt_source_name=nwt
I0508 12:25:57.861889    59 master_component.cc:976] MasterComponent: start regularizing model pwt
I0508 12:25:57.881716   523 processor.cc:740] No data in processing queue, waiting...
I0508 12:25:57.900305    59 master_component.cc:1002] MasterComponent: complete regularizing model pwt
I0508 12:25:57.900341    59 master_component.cc:1449] NormalizeModelArgs: pwt_target_name=pwt, nwt_source_name=nwt, rwt_source_name=rwt
I0508 12:25:57.900346    59 master_component.cc:1006] MasterComponent: start normalizing model nwt
I0508 12:25:57.940851    59 master_component.cc:1034] MasterComponent: complete normalizing model nwt
I0508 12:25:57.940891    59 master_component.cc:1473] DisposeModel rwt
I0508 12:25:57.945387    59 master_component.cc:1059] FitOffline: ItemsProcessed, num_items=476, num_batches=5, token_weight=160411, token_weight_in_effect=160411
I0508 12:25:57.945700    59 c_interface.cc:389] Pass FitOfflineMasterModelArgs, batch_filename_size=5, batch_weight_size=5, num_collection_passes=1, reset_nwt=yes to MN4artm4core15MasterComponentEFvRKNS_25FitOfflineMasterModelArgsEE
I0508 12:25:57.945994    59 master_component.cc:1398] ProcessBatchesArgs: nwt_target_name=nwt, batch_filename_size=5, batch_size=0, batch_weight_size=5, pwt_source_name=pwt, num_document_passes=10, regularizer=(name:SparseTheta, tau:-0.15), reuse_theta=no, opt_for_avx=yes, predict_class_id=, reset_nwt=yes
I0508 12:25:57.952777   524 processor.cc:747] Processing queue has data, processing started
I0508 12:25:57.953016   523 processor.cc:747] Processing queue has data, processing started
I0508 12:25:57.958446   524 processor.cc:820] Processor: start processing batch 85d6875e-6ee0-4717-a713-f1346c0c1bbc into model nwt
I0508 12:25:57.963335   523 processor.cc:820] Processor: start processing batch 4a9a8c53-a69a-41ba-965a-2007fab7bf12 into model nwt
I0508 12:25:58.033331   524 processor.cc:925] Processor: complete processing batch 85d6875e-6ee0-4717-a713-f1346c0c1bbc into model nwt
I0508 12:25:58.034762   524 cuckoo_watch.h:45] 81ms in ProcessBatch(batches/aaaaaa.batch) [including 5ms in LoadMessage; 1ms in InitializeSparseNdw; 0ms in InitializeTheta; 0ms in CreateRegularizerAgents; 38ms in InferThetaAndUpdateNwtSparse; 0ms in UpdateCacheEntry; 18ms in CalculateScore(PerplexityScore); 15ms in CalculateScore(^^^ItemsProcessedScore^^^); ]
I0508 12:25:58.038537   524 processor.cc:820] Processor: start processing batch 794b7f07-c530-4b97-ad11-dc6a8619bfd0 into model nwt
I0508 12:25:58.042376   523 processor.cc:925] Processor: complete processing batch 4a9a8c53-a69a-41ba-965a-2007fab7bf12 into model nwt
I0508 12:25:58.043643   523 cuckoo_watch.h:45] 90ms in ProcessBatch(batches/aaaaab.batch) [including 10ms in LoadMessage; 0ms in InitializeSparseNdw; 0ms in InitializeTheta; 0ms in CreateRegularizerAgents; 42ms in InferThetaAndUpdateNwtSparse; 0ms in UpdateCacheEntry; 17ms in CalculateScore(PerplexityScore); 18ms in CalculateScore(^^^ItemsProcessedScore^^^); ]
I0508 12:25:58.048035   523 processor.cc:820] Processor: start processing batch cde46639-e6ec-449c-ae0c-4a4744af74d1 into model nwt
I0508 12:25:58.107774   524 processor.cc:925] Processor: complete processing batch 794b7f07-c530-4b97-ad11-dc6a8619bfd0 into model nwt
I0508 12:25:58.109122   524 cuckoo_watch.h:45] 74ms in ProcessBatch(batches/aaaaac.batch) [including 3ms in LoadMessage; 0ms in InitializeSparseNdw; 0ms in InitializeTheta; 0ms in CreateRegularizerAgents; 35ms in InferThetaAndUpdateNwtSparse; 0ms in UpdateCacheEntry; 17ms in CalculateScore(PerplexityScore); 15ms in CalculateScore(^^^ItemsProcessedScore^^^); ]
I0508 12:25:58.113493   524 processor.cc:820] Processor: start processing batch 86dbf7db-8091-4acb-ae24-81149e4211aa into model nwt
I0508 12:25:58.116993   523 processor.cc:925] Processor: complete processing batch cde46639-e6ec-449c-ae0c-4a4744af74d1 into model nwt
I0508 12:25:58.118202   523 cuckoo_watch.h:45] 74ms in ProcessBatch(batches/aaaaad.batch) [including 4ms in LoadMessage; 0ms in InitializeSparseNdw; 0ms in InitializeTheta; 0ms in CreateRegularizerAgents; 34ms in InferThetaAndUpdateNwtSparse; 0ms in UpdateCacheEntry; 17ms in CalculateScore(PerplexityScore); 16ms in CalculateScore(^^^ItemsProcessedScore^^^); ]
I0508 12:25:58.138882   523 processor.cc:740] No data in processing queue, waiting...
I0508 12:25:58.159898   524 processor.cc:925] Processor: complete processing batch 86dbf7db-8091-4acb-ae24-81149e4211aa into model nwt
I0508 12:25:58.160686   524 cuckoo_watch.h:45] 51ms in ProcessBatch(batches/aaaaae.batch) [including 4ms in LoadMessage; 0ms in InitializeSparseNdw; 0ms in InitializeTheta; 0ms in CreateRegularizerAgents; 23ms in InferThetaAndUpdateNwtSparse; 0ms in UpdateCacheEntry; 11ms in CalculateScore(PerplexityScore); 10ms in CalculateScore(^^^ItemsProcessedScore^^^); ]
I0508 12:25:58.160800    59 master_component.cc:1436] RegularizeModelArgs: rwt_target_name=rwt, pwt_source_name=pwt, nwt_source_name=nwt
I0508 12:25:58.160809    59 master_component.cc:976] MasterComponent: start regularizing model pwt
I0508 12:25:58.181512   524 processor.cc:740] No data in processing queue, waiting...
I0508 12:25:58.197619    59 master_component.cc:1002] MasterComponent: complete regularizing model pwt
I0508 12:25:58.197649    59 master_component.cc:1449] NormalizeModelArgs: pwt_target_name=pwt, nwt_source_name=nwt, rwt_source_name=rwt
I0508 12:25:58.197652    59 master_component.cc:1006] MasterComponent: start normalizing model nwt
I0508 12:25:58.232352    59 master_component.cc:1034] MasterComponent: complete normalizing model nwt
I0508 12:25:58.232393    59 master_component.cc:1473] DisposeModel rwt
I0508 12:25:58.236843    59 master_component.cc:1059] FitOffline: ItemsProcessed, num_items=476, num_batches=5, token_weight=160411, token_weight_in_effect=160411
I0508 12:25:58.237072    59 c_interface.cc:389] Pass FitOfflineMasterModelArgs, batch_filename_size=5, batch_weight_size=5, num_collection_passes=1, reset_nwt=yes to MN4artm4core15MasterComponentEFvRKNS_25FitOfflineMasterModelArgsEE
I0508 12:25:58.237099    59 master_component.cc:1398] ProcessBatchesArgs: nwt_target_name=nwt, batch_filename_size=5, batch_size=0, batch_weight_size=5, pwt_source_name=pwt, num_document_passes=10, regularizer=(name:SparseTheta, tau:-0.15), reuse_theta=no, opt_for_avx=yes, predict_class_id=, reset_nwt=yes
I0508 12:25:58.251323   524 processor.cc:747] Processing queue has data, processing started
I0508 12:25:58.251375   523 processor.cc:747] Processing queue has data, processing started
I0508 12:25:58.259150   524 processor.cc:820] Processor: start processing batch 85d6875e-6ee0-4717-a713-f1346c0c1bbc into model nwt
I0508 12:25:58.262060   523 processor.cc:820] Processor: start processing batch 4a9a8c53-a69a-41ba-965a-2007fab7bf12 into model nwt
I0508 12:25:58.329807   524 processor.cc:925] Processor: complete processing batch 85d6875e-6ee0-4717-a713-f1346c0c1bbc into model nwt
I0508 12:25:58.331234   524 cuckoo_watch.h:45] 79ms in ProcessBatch(batches/aaaaaa.batch) [including 7ms in LoadMessage; 0ms in InitializeSparseNdw; 0ms in InitializeTheta; 0ms in CreateRegularizerAgents; 35ms in InferThetaAndUpdateNwtSparse; 0ms in UpdateCacheEntry; 17ms in CalculateScore(PerplexityScore); 16ms in CalculateScore(^^^ItemsProcessedScore^^^); ]
I0508 12:25:58.331703   523 processor.cc:925] Processor: complete processing batch 4a9a8c53-a69a-41ba-965a-2007fab7bf12 into model nwt
I0508 12:25:58.333351   523 cuckoo_watch.h:45] 81ms in ProcessBatch(batches/aaaaab.batch) [including 10ms in LoadMessage; 0ms in InitializeSparseNdw; 0ms in InitializeTheta; 0ms in CreateRegularizerAgents; 33ms in InferThetaAndUpdateNwtSparse; 0ms in UpdateCacheEntry; 18ms in CalculateScore(PerplexityScore); 16ms in CalculateScore(^^^ItemsProcessedScore^^^); ]
I0508 12:25:58.336679   524 processor.cc:820] Processor: start processing batch 794b7f07-c530-4b97-ad11-dc6a8619bfd0 into model nwt
I0508 12:25:58.337311   523 processor.cc:820] Processor: start processing batch cde46639-e6ec-449c-ae0c-4a4744af74d1 into model nwt
I0508 12:25:58.411366   524 processor.cc:925] Processor: complete processing batch 794b7f07-c530-4b97-ad11-dc6a8619bfd0 into model nwt
I0508 12:25:58.411923   523 processor.cc:925] Processor: complete processing batch cde46639-e6ec-449c-ae0c-4a4744af74d1 into model nwt
I0508 12:25:58.413017   524 cuckoo_watch.h:45] 81ms in ProcessBatch(batches/aaaaac.batch) [including 5ms in LoadMessage; 0ms in InitializeSparseNdw; 0ms in InitializeTheta; 0ms in CreateRegularizerAgents; 39ms in InferThetaAndUpdateNwtSparse; 0ms in UpdateCacheEntry; 17ms in CalculateScore(PerplexityScore); 16ms in CalculateScore(^^^ItemsProcessedScore^^^); ]
I0508 12:25:58.413244   523 cuckoo_watch.h:45] 79ms in ProcessBatch(batches/aaaaad.batch) [including 3ms in LoadMessage; 0ms in InitializeSparseNdw; 0ms in InitializeTheta; 0ms in CreateRegularizerAgents; 38ms in InferThetaAndUpdateNwtSparse; 0ms in UpdateCacheEntry; 18ms in CalculateScore(PerplexityScore); 17ms in CalculateScore(^^^ItemsProcessedScore^^^); ]
I0508 12:25:58.416043   524 processor.cc:820] Processor: start processing batch 86dbf7db-8091-4acb-ae24-81149e4211aa into model nwt
I0508 12:25:58.434058   523 processor.cc:740] No data in processing queue, waiting...
I0508 12:25:58.466028   524 processor.cc:925] Processor: complete processing batch 86dbf7db-8091-4acb-ae24-81149e4211aa into model nwt
I0508 12:25:58.466920   524 cuckoo_watch.h:45] 53ms in ProcessBatch(batches/aaaaae.batch) [including 2ms in LoadMessage; 0ms in InitializeSparseNdw; 0ms in InitializeTheta; 0ms in CreateRegularizerAgents; 24ms in InferThetaAndUpdateNwtSparse; 0ms in UpdateCacheEntry; 13ms in CalculateScore(PerplexityScore); 11ms in CalculateScore(^^^ItemsProcessedScore^^^); ]
I0508 12:25:58.467664    59 master_component.cc:1436] RegularizeModelArgs: rwt_target_name=rwt, pwt_source_name=pwt, nwt_source_name=nwt
I0508 12:25:58.467671    59 master_component.cc:976] MasterComponent: start regularizing model pwt
I0508 12:25:58.487370   524 processor.cc:740] No data in processing queue, waiting...
I0508 12:25:58.507233    59 master_component.cc:1002] MasterComponent: complete regularizing model pwt
I0508 12:25:58.507272    59 master_component.cc:1449] NormalizeModelArgs: pwt_target_name=pwt, nwt_source_name=nwt, rwt_source_name=rwt
I0508 12:25:58.507277    59 master_component.cc:1006] MasterComponent: start normalizing model nwt
I0508 12:25:58.547854    59 master_component.cc:1034] MasterComponent: complete normalizing model nwt
I0508 12:25:58.547904    59 master_component.cc:1473] DisposeModel rwt
I0508 12:25:58.551918    59 master_component.cc:1059] FitOffline: ItemsProcessed, num_items=476, num_batches=5, token_weight=160411, token_weight_in_effect=160411
I0508 12:25:58.552181    59 c_interface.cc:389] Pass FitOfflineMasterModelArgs, batch_filename_size=5, batch_weight_size=5, num_collection_passes=1, reset_nwt=yes to MN4artm4core15MasterComponentEFvRKNS_25FitOfflineMasterModelArgsEE
I0508 12:25:58.552201    59 master_component.cc:1398] ProcessBatchesArgs: nwt_target_name=nwt, batch_filename_size=5, batch_size=0, batch_weight_size=5, pwt_source_name=pwt, num_document_passes=10, regularizer=(name:SparseTheta, tau:-0.15), reuse_theta=no, opt_for_avx=yes, predict_class_id=, reset_nwt=yes
I0508 12:25:58.559854   523 processor.cc:747] Processing queue has data, processing started
I0508 12:25:58.560092   524 processor.cc:747] Processing queue has data, processing started
I0508 12:25:58.569237   524 processor.cc:820] Processor: start processing batch 4a9a8c53-a69a-41ba-965a-2007fab7bf12 into model nwt
I0508 12:25:58.569283   523 processor.cc:820] Processor: start processing batch 85d6875e-6ee0-4717-a713-f1346c0c1bbc into model nwt
I0508 12:25:58.641578   524 processor.cc:925] Processor: complete processing batch 4a9a8c53-a69a-41ba-965a-2007fab7bf12 into model nwt
I0508 12:25:58.643061   524 cuckoo_watch.h:45] 82ms in ProcessBatch(batches/aaaaab.batch) [including 9ms in LoadMessage; 0ms in InitializeSparseNdw; 0ms in InitializeTheta; 0ms in CreateRegularizerAgents; 34ms in InferThetaAndUpdateNwtSparse; 0ms in UpdateCacheEntry; 19ms in CalculateScore(PerplexityScore); 17ms in CalculateScore(^^^ItemsProcessedScore^^^); ]
I0508 12:25:58.647433   524 processor.cc:820] Processor: start processing batch 794b7f07-c530-4b97-ad11-dc6a8619bfd0 into model nwt
I0508 12:25:58.648025   523 processor.cc:925] Processor: complete processing batch 85d6875e-6ee0-4717-a713-f1346c0c1bbc into model nwt
I0508 12:25:58.649685   523 cuckoo_watch.h:45] 89ms in ProcessBatch(batches/aaaaaa.batch) [including 9ms in LoadMessage; 7ms in InitializeSparseNdw; 0ms in InitializeTheta; 0ms in CreateRegularizerAgents; 35ms in InferThetaAndUpdateNwtSparse; 0ms in UpdateCacheEntry; 17ms in CalculateScore(PerplexityScore); 17ms in CalculateScore(^^^ItemsProcessedScore^^^); ]
I0508 12:25:58.653214   523 processor.cc:820] Processor: start processing batch cde46639-e6ec-449c-ae0c-4a4744af74d1 into model nwt
I0508 12:25:58.726856   524 processor.cc:925] Processor: complete processing batch 794b7f07-c530-4b97-ad11-dc6a8619bfd0 into model nwt
I0508 12:25:58.727963   523 processor.cc:925] Processor: complete processing batch cde46639-e6ec-449c-ae0c-4a4744af74d1 into model nwt
I0508 12:25:58.729358   524 cuckoo_watch.h:45] 86ms in ProcessBatch(batches/aaaaac.batch) [including 4ms in LoadMessage; 0ms in InitializeSparseNdw; 0ms in InitializeTheta; 0ms in CreateRegularizerAgents; 36ms in InferThetaAndUpdateNwtSparse; 0ms in UpdateCacheEntry; 19ms in CalculateScore(PerplexityScore); 23ms in CalculateScore(^^^ItemsProcessedScore^^^); ]
I0508 12:25:58.730005   523 cuckoo_watch.h:45] 80ms in ProcessBatch(batches/aaaaad.batch) [including 3ms in LoadMessage; 0ms in InitializeSparseNdw; 0ms in InitializeTheta; 0ms in CreateRegularizerAgents; 33ms in InferThetaAndUpdateNwtSparse; 0ms in UpdateCacheEntry; 18ms in CalculateScore(PerplexityScore); 22ms in CalculateScore(^^^ItemsProcessedScore^^^); ]
I0508 12:25:58.733165   524 processor.cc:820] Processor: start processing batch 86dbf7db-8091-4acb-ae24-81149e4211aa into model nwt
I0508 12:25:58.750574   523 processor.cc:740] No data in processing queue, waiting...
I0508 12:25:58.781878   524 processor.cc:925] Processor: complete processing batch 86dbf7db-8091-4acb-ae24-81149e4211aa into model nwt
I0508 12:25:58.782701   524 cuckoo_watch.h:45] 53ms in ProcessBatch(batches/aaaaae.batch) [including 3ms in LoadMessage; 0ms in InitializeSparseNdw; 0ms in InitializeTheta; 0ms in CreateRegularizerAgents; 24ms in InferThetaAndUpdateNwtSparse; 0ms in UpdateCacheEntry; 12ms in CalculateScore(PerplexityScore); 11ms in CalculateScore(^^^ItemsProcessedScore^^^); ]
I0508 12:25:58.782899    59 master_component.cc:1436] RegularizeModelArgs: rwt_target_name=rwt, pwt_source_name=pwt, nwt_source_name=nwt
I0508 12:25:58.782903    59 master_component.cc:976] MasterComponent: start regularizing model pwt
I0508 12:25:58.803992   524 processor.cc:740] No data in processing queue, waiting...
I0508 12:25:58.821885    59 master_component.cc:1002] MasterComponent: complete regularizing model pwt
I0508 12:25:58.821915    59 master_component.cc:1449] NormalizeModelArgs: pwt_target_name=pwt, nwt_source_name=nwt, rwt_source_name=rwt
I0508 12:25:58.821918    59 master_component.cc:1006] MasterComponent: start normalizing model nwt
I0508 12:25:58.864063    59 master_component.cc:1034] MasterComponent: complete normalizing model nwt
I0508 12:25:58.864101    59 master_component.cc:1473] DisposeModel rwt
I0508 12:25:58.869037    59 master_component.cc:1059] FitOffline: ItemsProcessed, num_items=476, num_batches=5, token_weight=160411, token_weight_in_effect=160411
I0508 12:25:58.869256    59 c_interface.cc:389] Pass FitOfflineMasterModelArgs, batch_filename_size=5, batch_weight_size=5, num_collection_passes=1, reset_nwt=yes to MN4artm4core15MasterComponentEFvRKNS_25FitOfflineMasterModelArgsEE
I0508 12:25:58.869275    59 master_component.cc:1398] ProcessBatchesArgs: nwt_target_name=nwt, batch_filename_size=5, batch_size=0, batch_weight_size=5, pwt_source_name=pwt, num_document_passes=10, regularizer=(name:SparseTheta, tau:-0.15), reuse_theta=no, opt_for_avx=yes, predict_class_id=, reset_nwt=yes
I0508 12:25:58.876389   524 processor.cc:747] Processing queue has data, processing started
I0508 12:25:58.876628   523 processor.cc:747] Processing queue has data, processing started
I0508 12:25:58.883450   523 processor.cc:820] Processor: start processing batch 4a9a8c53-a69a-41ba-965a-2007fab7bf12 into model nwt
I0508 12:25:58.883533   524 processor.cc:820] Processor: start processing batch 85d6875e-6ee0-4717-a713-f1346c0c1bbc into model nwt
I0508 12:25:58.952464   524 processor.cc:925] Processor: complete processing batch 85d6875e-6ee0-4717-a713-f1346c0c1bbc into model nwt
I0508 12:25:58.953954   524 cuckoo_watch.h:45] 77ms in ProcessBatch(batches/aaaaaa.batch) [including 7ms in LoadMessage; 0ms in InitializeSparseNdw; 0ms in InitializeTheta; 0ms in CreateRegularizerAgents; 33ms in InferThetaAndUpdateNwtSparse; 0ms in UpdateCacheEntry; 18ms in CalculateScore(PerplexityScore); 16ms in CalculateScore(^^^ItemsProcessedScore^^^); ]
I0508 12:25:58.958667   524 processor.cc:820] Processor: start processing batch 794b7f07-c530-4b97-ad11-dc6a8619bfd0 into model nwt
I0508 12:25:58.960569   523 processor.cc:925] Processor: complete processing batch 4a9a8c53-a69a-41ba-965a-2007fab7bf12 into model nwt
I0508 12:25:58.961992   523 cuckoo_watch.h:45] 85ms in ProcessBatch(batches/aaaaab.batch) [including 6ms in LoadMessage; 0ms in InitializeSparseNdw; 0ms in InitializeTheta; 0ms in CreateRegularizerAgents; 35ms in InferThetaAndUpdateNwtSparse; 0ms in UpdateCacheEntry; 18ms in CalculateScore(PerplexityScore); 17ms in CalculateScore(^^^ItemsProcessedScore^^^); ]
I0508 12:25:58.965413   523 processor.cc:820] Processor: start processing batch cde46639-e6ec-449c-ae0c-4a4744af74d1 into model nwt
I0508 12:25:59.036526   524 processor.cc:925] Processor: complete processing batch 794b7f07-c530-4b97-ad11-dc6a8619bfd0 into model nwt
I0508 12:25:59.038117   524 cuckoo_watch.h:45] 84ms in ProcessBatch(batches/aaaaac.batch) [including 4ms in LoadMessage; 0ms in InitializeSparseNdw; 0ms in InitializeTheta; 0ms in CreateRegularizerAgents; 40ms in InferThetaAndUpdateNwtSparse; 0ms in UpdateCacheEntry; 19ms in CalculateScore(PerplexityScore); 17ms in CalculateScore(^^^ItemsProcessedScore^^^); ]
I0508 12:25:59.042593   524 processor.cc:820] Processor: start processing batch 86dbf7db-8091-4acb-ae24-81149e4211aa into model nwt
I0508 12:25:59.051029   523 processor.cc:925] Processor: complete processing batch cde46639-e6ec-449c-ae0c-4a4744af74d1 into model nwt
I0508 12:25:59.052230   523 cuckoo_watch.h:45] 90ms in ProcessBatch(batches/aaaaad.batch) [including 3ms in LoadMessage; 0ms in InitializeSparseNdw; 0ms in InitializeTheta; 0ms in CreateRegularizerAgents; 48ms in InferThetaAndUpdateNwtSparse; 0ms in UpdateCacheEntry; 18ms in CalculateScore(PerplexityScore); 18ms in CalculateScore(^^^ItemsProcessedScore^^^); ]
I0508 12:25:59.072991   523 processor.cc:740] No data in processing queue, waiting...
I0508 12:25:59.096335   524 processor.cc:925] Processor: complete processing batch 86dbf7db-8091-4acb-ae24-81149e4211aa into model nwt
I0508 12:25:59.097131   524 cuckoo_watch.h:45] 58ms in ProcessBatch(batches/aaaaae.batch) [including 4ms in LoadMessage; 0ms in InitializeSparseNdw; 0ms in InitializeTheta; 0ms in CreateRegularizerAgents; 28ms in InferThetaAndUpdateNwtSparse; 0ms in UpdateCacheEntry; 13ms in CalculateScore(PerplexityScore); 11ms in CalculateScore(^^^ItemsProcessedScore^^^); ]
I0508 12:25:59.097509    59 master_component.cc:1436] RegularizeModelArgs: rwt_target_name=rwt, pwt_source_name=pwt, nwt_source_name=nwt
I0508 12:25:59.097523    59 master_component.cc:976] MasterComponent: start regularizing model pwt
I0508 12:25:59.117856   524 processor.cc:740] No data in processing queue, waiting...
I0508 12:25:59.138886    59 master_component.cc:1002] MasterComponent: complete regularizing model pwt
I0508 12:25:59.138940    59 master_component.cc:1449] NormalizeModelArgs: pwt_target_name=pwt, nwt_source_name=nwt, rwt_source_name=rwt
I0508 12:25:59.138942    59 master_component.cc:1006] MasterComponent: start normalizing model nwt
I0508 12:25:59.194237    59 master_component.cc:1034] MasterComponent: complete normalizing model nwt
I0508 12:25:59.194279    59 master_component.cc:1473] DisposeModel rwt
I0508 12:25:59.198607    59 master_component.cc:1059] FitOffline: ItemsProcessed, num_items=476, num_batches=5, token_weight=160411, token_weight_in_effect=160411
I0508 12:25:59.198865    59 c_interface.cc:389] Pass FitOfflineMasterModelArgs, batch_filename_size=5, batch_weight_size=5, num_collection_passes=1, reset_nwt=yes to MN4artm4core15MasterComponentEFvRKNS_25FitOfflineMasterModelArgsEE
I0508 12:25:59.198886    59 master_component.cc:1398] ProcessBatchesArgs: nwt_target_name=nwt, batch_filename_size=5, batch_size=0, batch_weight_size=5, pwt_source_name=pwt, num_document_passes=10, regularizer=(name:SparseTheta, tau:-0.15), reuse_theta=no, opt_for_avx=yes, predict_class_id=, reset_nwt=yes
I0508 12:25:59.206708   523 processor.cc:747] Processing queue has data, processing started
I0508 12:25:59.206969   524 processor.cc:747] Processing queue has data, processing started
I0508 12:25:59.213336   524 processor.cc:820] Processor: start processing batch 4a9a8c53-a69a-41ba-965a-2007fab7bf12 into model nwt
I0508 12:25:59.214803   523 processor.cc:820] Processor: start processing batch 85d6875e-6ee0-4717-a713-f1346c0c1bbc into model nwt
I0508 12:25:59.283951   524 processor.cc:925] Processor: complete processing batch 4a9a8c53-a69a-41ba-965a-2007fab7bf12 into model nwt
I0508 12:25:59.285619   524 cuckoo_watch.h:45] 78ms in ProcessBatch(batches/aaaaab.batch) [including 6ms in LoadMessage; 0ms in InitializeSparseNdw; 0ms in InitializeTheta; 0ms in CreateRegularizerAgents; 34ms in InferThetaAndUpdateNwtSparse; 0ms in UpdateCacheEntry; 18ms in CalculateScore(PerplexityScore); 16ms in CalculateScore(^^^ItemsProcessedScore^^^); ]
I0508 12:25:59.285640   523 processor.cc:925] Processor: complete processing batch 85d6875e-6ee0-4717-a713-f1346c0c1bbc into model nwt
I0508 12:25:59.287533   523 cuckoo_watch.h:45] 80ms in ProcessBatch(batches/aaaaaa.batch) [including 8ms in LoadMessage; 0ms in InitializeSparseNdw; 0ms in InitializeTheta; 0ms in CreateRegularizerAgents; 34ms in InferThetaAndUpdateNwtSparse; 0ms in UpdateCacheEntry; 18ms in CalculateScore(PerplexityScore); 17ms in CalculateScore(^^^ItemsProcessedScore^^^); ]
I0508 12:25:59.291064   524 processor.cc:820] Processor: start processing batch 794b7f07-c530-4b97-ad11-dc6a8619bfd0 into model nwt
I0508 12:25:59.291431   523 processor.cc:820] Processor: start processing batch cde46639-e6ec-449c-ae0c-4a4744af74d1 into model nwt
I0508 12:25:59.362916   524 processor.cc:925] Processor: complete processing batch 794b7f07-c530-4b97-ad11-dc6a8619bfd0 into model nwt
I0508 12:25:59.363931   523 processor.cc:925] Processor: complete processing batch cde46639-e6ec-449c-ae0c-4a4744af74d1 into model nwt
I0508 12:25:59.364599   524 cuckoo_watch.h:45] 78ms in ProcessBatch(batches/aaaaac.batch) [including 5ms in LoadMessage; 0ms in InitializeSparseNdw; 0ms in InitializeTheta; 0ms in CreateRegularizerAgents; 34ms in InferThetaAndUpdateNwtSparse; 0ms in UpdateCacheEntry; 18ms in CalculateScore(PerplexityScore); 17ms in CalculateScore(^^^ItemsProcessedScore^^^); ]
I0508 12:25:59.365558   523 cuckoo_watch.h:45] 77ms in ProcessBatch(batches/aaaaad.batch) [including 3ms in LoadMessage; 0ms in InitializeSparseNdw; 0ms in InitializeTheta; 0ms in CreateRegularizerAgents; 34ms in InferThetaAndUpdateNwtSparse; 0ms in UpdateCacheEntry; 19ms in CalculateScore(PerplexityScore); 17ms in CalculateScore(^^^ItemsProcessedScore^^^); ]
I0508 12:25:59.368063   524 processor.cc:820] Processor: start processing batch 86dbf7db-8091-4acb-ae24-81149e4211aa into model nwt
I0508 12:25:59.386198   523 processor.cc:740] No data in processing queue, waiting...
I0508 12:25:59.415184   524 processor.cc:925] Processor: complete processing batch 86dbf7db-8091-4acb-ae24-81149e4211aa into model nwt
I0508 12:25:59.415982   524 cuckoo_watch.h:45] 51ms in ProcessBatch(batches/aaaaae.batch) [including 3ms in LoadMessage; 0ms in InitializeSparseNdw; 0ms in InitializeTheta; 0ms in CreateRegularizerAgents; 23ms in InferThetaAndUpdateNwtSparse; 0ms in UpdateCacheEntry; 12ms in CalculateScore(PerplexityScore); 10ms in CalculateScore(^^^ItemsProcessedScore^^^); ]
I0508 12:25:59.416767    59 master_component.cc:1436] RegularizeModelArgs: rwt_target_name=rwt, pwt_source_name=pwt, nwt_source_name=nwt
I0508 12:25:59.416774    59 master_component.cc:976] MasterComponent: start regularizing model pwt
I0508 12:25:59.438455   524 processor.cc:740] No data in processing queue, waiting...
I0508 12:25:59.457989    59 master_component.cc:1002] MasterComponent: complete regularizing model pwt
I0508 12:25:59.458021    59 master_component.cc:1449] NormalizeModelArgs: pwt_target_name=pwt, nwt_source_name=nwt, rwt_source_name=rwt
I0508 12:25:59.458024    59 master_component.cc:1006] MasterComponent: start normalizing model nwt
I0508 12:25:59.499698    59 master_component.cc:1034] MasterComponent: complete normalizing model nwt
I0508 12:25:59.499753    59 master_component.cc:1473] DisposeModel rwt
I0508 12:25:59.504307    59 master_component.cc:1059] FitOffline: ItemsProcessed, num_items=476, num_batches=5, token_weight=160411, token_weight_in_effect=160411
I0508 12:25:59.504714    59 c_interface.cc:389] Pass FitOfflineMasterModelArgs, batch_filename_size=5, batch_weight_size=5, num_collection_passes=1, reset_nwt=yes to MN4artm4core15MasterComponentEFvRKNS_25FitOfflineMasterModelArgsEE
I0508 12:25:59.504755    59 master_component.cc:1398] ProcessBatchesArgs: nwt_target_name=nwt, batch_filename_size=5, batch_size=0, batch_weight_size=5, pwt_source_name=pwt, num_document_passes=10, regularizer=(name:SparseTheta, tau:-0.15), reuse_theta=no, opt_for_avx=yes, predict_class_id=, reset_nwt=yes
I0508 12:25:59.513168   524 processor.cc:747] Processing queue has data, processing started
I0508 12:25:59.513361   523 processor.cc:747] Processing queue has data, processing started
I0508 12:25:59.519100   524 processor.cc:820] Processor: start processing batch 85d6875e-6ee0-4717-a713-f1346c0c1bbc into model nwt
I0508 12:25:59.519282   523 processor.cc:820] Processor: start processing batch 4a9a8c53-a69a-41ba-965a-2007fab7bf12 into model nwt
I0508 12:25:59.594506   524 processor.cc:925] Processor: complete processing batch 85d6875e-6ee0-4717-a713-f1346c0c1bbc into model nwt
I0508 12:25:59.594491   523 processor.cc:925] Processor: complete processing batch 4a9a8c53-a69a-41ba-965a-2007fab7bf12 into model nwt
I0508 12:25:59.596583   524 cuckoo_watch.h:45] 83ms in ProcessBatch(batches/aaaaaa.batch) [including 5ms in LoadMessage; 0ms in InitializeSparseNdw; 0ms in InitializeTheta; 0ms in CreateRegularizerAgents; 37ms in InferThetaAndUpdateNwtSparse; 0ms in UpdateCacheEntry; 19ms in CalculateScore(PerplexityScore); 17ms in CalculateScore(^^^ItemsProcessedScore^^^); ]
I0508 12:25:59.597237   523 cuckoo_watch.h:45] 83ms in ProcessBatch(batches/aaaaab.batch) [including 5ms in LoadMessage; 0ms in InitializeSparseNdw; 0ms in InitializeTheta; 0ms in CreateRegularizerAgents; 37ms in InferThetaAndUpdateNwtSparse; 0ms in UpdateCacheEntry; 18ms in CalculateScore(PerplexityScore); 17ms in CalculateScore(^^^ItemsProcessedScore^^^); ]
I0508 12:25:59.602442   524 processor.cc:820] Processor: start processing batch 794b7f07-c530-4b97-ad11-dc6a8619bfd0 into model nwt
I0508 12:25:59.603111   523 processor.cc:820] Processor: start processing batch cde46639-e6ec-449c-ae0c-4a4744af74d1 into model nwt
I0508 12:25:59.675143   523 processor.cc:925] Processor: complete processing batch cde46639-e6ec-449c-ae0c-4a4744af74d1 into model nwt
