I0508 12:26:37.478142   524 cuckoo_watch.h:45] 84ms in ProcessBatch(batches/aaaaad.batch) [including 6ms in LoadMessage; 0ms in InitializeSparseNdw; 0ms in InitializeTheta; 0ms in CreateRegularizerAgents; 36ms in InferThetaAndUpdateNwtSparse; 0ms in UpdateCacheEntry; 20ms in CalculateScore(PerplexityScore); 19ms in CalculateScore(^^^ItemsProcessedScore^^^); ]
I0508 12:26:37.480103   523 cuckoo_watch.h:45] 87ms in ProcessBatch(batches/aaaaac.batch) [including 7ms in LoadMessage; 0ms in InitializeSparseNdw; 0ms in InitializeTheta; 0ms in CreateRegularizerAgents; 36ms in InferThetaAndUpdateNwtSparse; 0ms in UpdateCacheEntry; 20ms in CalculateScore(PerplexityScore); 19ms in CalculateScore(^^^ItemsProcessedScore^^^); ]
I0508 12:26:37.482331   524 processor.cc:820] Processor: start processing batch 86dbf7db-8091-4acb-ae24-81149e4211aa into model nwt
I0508 12:26:37.500890   523 processor.cc:740] No data in processing queue, waiting...
I0508 12:26:37.539161   524 processor.cc:925] Processor: complete processing batch 86dbf7db-8091-4acb-ae24-81149e4211aa into model nwt
I0508 12:26:37.540403   524 cuckoo_watch.h:45] 62ms in ProcessBatch(batches/aaaaae.batch) [including 4ms in LoadMessage; 0ms in InitializeSparseNdw; 0ms in InitializeTheta; 0ms in CreateRegularizerAgents; 26ms in InferThetaAndUpdateNwtSparse; 0ms in UpdateCacheEntry; 13ms in CalculateScore(PerplexityScore); 15ms in CalculateScore(^^^ItemsProcessedScore^^^); ]
I0508 12:26:37.540982    59 master_component.cc:1436] RegularizeModelArgs: rwt_target_name=rwt, pwt_source_name=pwt, nwt_source_name=nwt
I0508 12:26:37.540992    59 master_component.cc:976] MasterComponent: start regularizing model pwt
I0508 12:26:37.561399   524 processor.cc:740] No data in processing queue, waiting...
I0508 12:26:37.582746    59 master_component.cc:1002] MasterComponent: complete regularizing model pwt
I0508 12:26:37.582777    59 master_component.cc:1449] NormalizeModelArgs: pwt_target_name=pwt, nwt_source_name=nwt, rwt_source_name=rwt
I0508 12:26:37.582780    59 master_component.cc:1006] MasterComponent: start normalizing model nwt
I0508 12:26:37.633468    59 master_component.cc:1034] MasterComponent: complete normalizing model nwt
I0508 12:26:37.633508    59 master_component.cc:1473] DisposeModel rwt
I0508 12:26:37.639467    59 master_component.cc:1059] FitOffline: ItemsProcessed, num_items=476, num_batches=5, token_weight=160411, token_weight_in_effect=160411
I0508 12:26:37.639742    59 c_interface.cc:389] Pass FitOfflineMasterModelArgs, batch_filename_size=5, batch_weight_size=5, num_collection_passes=1, reset_nwt=yes to MN4artm4core15MasterComponentEFvRKNS_25FitOfflineMasterModelArgsEE
I0508 12:26:37.639770    59 master_component.cc:1398] ProcessBatchesArgs: nwt_target_name=nwt, batch_filename_size=5, batch_size=0, batch_weight_size=5, pwt_source_name=pwt, num_document_passes=10, regularizer=(name:SparseTheta, tau:-0.15), reuse_theta=no, opt_for_avx=yes, predict_class_id=, reset_nwt=yes
I0508 12:26:37.648281   523 processor.cc:747] Processing queue has data, processing started
I0508 12:26:37.648805   524 processor.cc:747] Processing queue has data, processing started
I0508 12:26:37.653043   523 processor.cc:820] Processor: start processing batch 85d6875e-6ee0-4717-a713-f1346c0c1bbc into model nwt
I0508 12:26:37.655814   524 processor.cc:820] Processor: start processing batch 4a9a8c53-a69a-41ba-965a-2007fab7bf12 into model nwt
I0508 12:26:37.730404   524 processor.cc:925] Processor: complete processing batch 4a9a8c53-a69a-41ba-965a-2007fab7bf12 into model nwt
I0508 12:26:37.730674   523 processor.cc:925] Processor: complete processing batch 85d6875e-6ee0-4717-a713-f1346c0c1bbc into model nwt
I0508 12:26:37.732154   524 cuckoo_watch.h:45] 83ms in ProcessBatch(batches/aaaaab.batch) [including 6ms in LoadMessage; 0ms in InitializeSparseNdw; 0ms in InitializeTheta; 0ms in CreateRegularizerAgents; 35ms in InferThetaAndUpdateNwtSparse; 0ms in UpdateCacheEntry; 19ms in CalculateScore(PerplexityScore); 18ms in CalculateScore(^^^ItemsProcessedScore^^^); ]
I0508 12:26:37.732407   523 cuckoo_watch.h:45] 84ms in ProcessBatch(batches/aaaaaa.batch) [including 4ms in LoadMessage; 0ms in InitializeSparseNdw; 0ms in InitializeTheta; 0ms in CreateRegularizerAgents; 38ms in InferThetaAndUpdateNwtSparse; 0ms in UpdateCacheEntry; 19ms in CalculateScore(PerplexityScore); 18ms in CalculateScore(^^^ItemsProcessedScore^^^); ]
I0508 12:26:37.738366   524 processor.cc:820] Processor: start processing batch 794b7f07-c530-4b97-ad11-dc6a8619bfd0 into model nwt
I0508 12:26:37.738519   523 processor.cc:820] Processor: start processing batch cde46639-e6ec-449c-ae0c-4a4744af74d1 into model nwt
I0508 12:26:37.816324   523 processor.cc:925] Processor: complete processing batch cde46639-e6ec-449c-ae0c-4a4744af74d1 into model nwt
I0508 12:26:37.817243   524 processor.cc:925] Processor: complete processing batch 794b7f07-c530-4b97-ad11-dc6a8619bfd0 into model nwt
I0508 12:26:37.818214   523 cuckoo_watch.h:45] 85ms in ProcessBatch(batches/aaaaad.batch) [including 6ms in LoadMessage; 0ms in InitializeSparseNdw; 0ms in InitializeTheta; 0ms in CreateRegularizerAgents; 35ms in InferThetaAndUpdateNwtSparse; 0ms in UpdateCacheEntry; 21ms in CalculateScore(PerplexityScore); 20ms in CalculateScore(^^^ItemsProcessedScore^^^); ]
I0508 12:26:37.819424   524 cuckoo_watch.h:45] 87ms in ProcessBatch(batches/aaaaac.batch) [including 6ms in LoadMessage; 0ms in InitializeSparseNdw; 0ms in InitializeTheta; 0ms in CreateRegularizerAgents; 35ms in InferThetaAndUpdateNwtSparse; 0ms in UpdateCacheEntry; 21ms in CalculateScore(PerplexityScore); 20ms in CalculateScore(^^^ItemsProcessedScore^^^); ]
I0508 12:26:37.821812   523 processor.cc:820] Processor: start processing batch 86dbf7db-8091-4acb-ae24-81149e4211aa into model nwt
I0508 12:26:37.840126   524 processor.cc:740] No data in processing queue, waiting...
I0508 12:26:37.875166   523 processor.cc:925] Processor: complete processing batch 86dbf7db-8091-4acb-ae24-81149e4211aa into model nwt
I0508 12:26:37.876452   523 cuckoo_watch.h:45] 58ms in ProcessBatch(batches/aaaaae.batch) [including 3ms in LoadMessage; 0ms in InitializeSparseNdw; 0ms in InitializeTheta; 0ms in CreateRegularizerAgents; 25ms in InferThetaAndUpdateNwtSparse; 0ms in UpdateCacheEntry; 13ms in CalculateScore(PerplexityScore); 13ms in CalculateScore(^^^ItemsProcessedScore^^^); ]
I0508 12:26:37.877024    59 master_component.cc:1436] RegularizeModelArgs: rwt_target_name=rwt, pwt_source_name=pwt, nwt_source_name=nwt
I0508 12:26:37.877038    59 master_component.cc:976] MasterComponent: start regularizing model pwt
I0508 12:26:37.899549   523 processor.cc:740] No data in processing queue, waiting...
I0508 12:26:37.921875    59 master_component.cc:1002] MasterComponent: complete regularizing model pwt
I0508 12:26:37.921903    59 master_component.cc:1449] NormalizeModelArgs: pwt_target_name=pwt, nwt_source_name=nwt, rwt_source_name=rwt
I0508 12:26:37.921906    59 master_component.cc:1006] MasterComponent: start normalizing model nwt
I0508 12:26:37.967334    59 master_component.cc:1034] MasterComponent: complete normalizing model nwt
I0508 12:26:37.967375    59 master_component.cc:1473] DisposeModel rwt
I0508 12:26:37.972833    59 master_component.cc:1059] FitOffline: ItemsProcessed, num_items=476, num_batches=5, token_weight=160411, token_weight_in_effect=160411
I0508 12:26:37.973062    59 c_interface.cc:389] Pass FitOfflineMasterModelArgs, batch_filename_size=5, batch_weight_size=5, num_collection_passes=1, reset_nwt=yes to MN4artm4core15MasterComponentEFvRKNS_25FitOfflineMasterModelArgsEE
I0508 12:26:37.973081    59 master_component.cc:1398] ProcessBatchesArgs: nwt_target_name=nwt, batch_filename_size=5, batch_size=0, batch_weight_size=5, pwt_source_name=pwt, num_document_passes=10, regularizer=(name:SparseTheta, tau:-0.15), reuse_theta=no, opt_for_avx=yes, predict_class_id=, reset_nwt=yes
I0508 12:26:37.982060   524 processor.cc:747] Processing queue has data, processing started
I0508 12:26:37.982465   523 processor.cc:747] Processing queue has data, processing started
I0508 12:26:37.986598   524 processor.cc:820] Processor: start processing batch 85d6875e-6ee0-4717-a713-f1346c0c1bbc into model nwt
I0508 12:26:37.995934   523 processor.cc:820] Processor: start processing batch 4a9a8c53-a69a-41ba-965a-2007fab7bf12 into model nwt
I0508 12:26:38.070863   524 processor.cc:925] Processor: complete processing batch 85d6875e-6ee0-4717-a713-f1346c0c1bbc into model nwt
I0508 12:26:38.072886   524 cuckoo_watch.h:45] 90ms in ProcessBatch(batches/aaaaaa.batch) [including 4ms in LoadMessage; 0ms in InitializeSparseNdw; 0ms in InitializeTheta; 0ms in CreateRegularizerAgents; 41ms in InferThetaAndUpdateNwtSparse; 0ms in UpdateCacheEntry; 22ms in CalculateScore(PerplexityScore); 20ms in CalculateScore(^^^ItemsProcessedScore^^^); ]
I0508 12:26:38.077951   524 processor.cc:820] Processor: start processing batch 794b7f07-c530-4b97-ad11-dc6a8619bfd0 into model nwt
I0508 12:26:38.086935   523 processor.cc:925] Processor: complete processing batch 4a9a8c53-a69a-41ba-965a-2007fab7bf12 into model nwt
I0508 12:26:38.088711   523 cuckoo_watch.h:45] 106ms in ProcessBatch(batches/aaaaab.batch) [including 13ms in LoadMessage; 0ms in InitializeSparseNdw; 0ms in InitializeTheta; 0ms in CreateRegularizerAgents; 49ms in InferThetaAndUpdateNwtSparse; 0ms in UpdateCacheEntry; 20ms in CalculateScore(PerplexityScore); 20ms in CalculateScore(^^^ItemsProcessedScore^^^); ]
I0508 12:26:38.092984   523 processor.cc:820] Processor: start processing batch cde46639-e6ec-449c-ae0c-4a4744af74d1 into model nwt
I0508 12:26:38.160411   524 processor.cc:925] Processor: complete processing batch 794b7f07-c530-4b97-ad11-dc6a8619bfd0 into model nwt
I0508 12:26:38.162405   524 cuckoo_watch.h:45] 89ms in ProcessBatch(batches/aaaaac.batch) [including 5ms in LoadMessage; 0ms in InitializeSparseNdw; 0ms in InitializeTheta; 0ms in CreateRegularizerAgents; 39ms in InferThetaAndUpdateNwtSparse; 0ms in UpdateCacheEntry; 21ms in CalculateScore(PerplexityScore); 20ms in CalculateScore(^^^ItemsProcessedScore^^^); ]
I0508 12:26:38.166996   524 processor.cc:820] Processor: start processing batch 86dbf7db-8091-4acb-ae24-81149e4211aa into model nwt
I0508 12:26:38.176355   523 processor.cc:925] Processor: complete processing batch cde46639-e6ec-449c-ae0c-4a4744af74d1 into model nwt
I0508 12:26:38.178493   523 cuckoo_watch.h:45] 89ms in ProcessBatch(batches/aaaaad.batch) [including 4ms in LoadMessage; 0ms in InitializeSparseNdw; 0ms in InitializeTheta; 0ms in CreateRegularizerAgents; 39ms in InferThetaAndUpdateNwtSparse; 0ms in UpdateCacheEntry; 20ms in CalculateScore(PerplexityScore); 22ms in CalculateScore(^^^ItemsProcessedScore^^^); ]
I0508 12:26:38.198997   523 processor.cc:740] No data in processing queue, waiting...
I0508 12:26:38.230748   524 processor.cc:925] Processor: complete processing batch 86dbf7db-8091-4acb-ae24-81149e4211aa into model nwt
I0508 12:26:38.232014   524 cuckoo_watch.h:45] 69ms in ProcessBatch(batches/aaaaae.batch) [including 4ms in LoadMessage; 0ms in InitializeSparseNdw; 0ms in InitializeTheta; 0ms in CreateRegularizerAgents; 36ms in InferThetaAndUpdateNwtSparse; 0ms in UpdateCacheEntry; 12ms in CalculateScore(PerplexityScore); 13ms in CalculateScore(^^^ItemsProcessedScore^^^); ]
I0508 12:26:38.232254    59 master_component.cc:1436] RegularizeModelArgs: rwt_target_name=rwt, pwt_source_name=pwt, nwt_source_name=nwt
I0508 12:26:38.232260    59 master_component.cc:976] MasterComponent: start regularizing model pwt
I0508 12:26:38.253839   524 processor.cc:740] No data in processing queue, waiting...
I0508 12:26:38.275748    59 master_component.cc:1002] MasterComponent: complete regularizing model pwt
I0508 12:26:38.275785    59 master_component.cc:1449] NormalizeModelArgs: pwt_target_name=pwt, nwt_source_name=nwt, rwt_source_name=rwt
I0508 12:26:38.275789    59 master_component.cc:1006] MasterComponent: start normalizing model nwt
I0508 12:26:38.322921    59 master_component.cc:1034] MasterComponent: complete normalizing model nwt
I0508 12:26:38.322962    59 master_component.cc:1473] DisposeModel rwt
I0508 12:26:38.328840    59 master_component.cc:1059] FitOffline: ItemsProcessed, num_items=476, num_batches=5, token_weight=160411, token_weight_in_effect=160411
I0508 12:26:38.329124    59 c_interface.cc:389] Pass FitOfflineMasterModelArgs, batch_filename_size=5, batch_weight_size=5, num_collection_passes=1, reset_nwt=yes to MN4artm4core15MasterComponentEFvRKNS_25FitOfflineMasterModelArgsEE
I0508 12:26:38.329147    59 master_component.cc:1398] ProcessBatchesArgs: nwt_target_name=nwt, batch_filename_size=5, batch_size=0, batch_weight_size=5, pwt_source_name=pwt, num_document_passes=10, regularizer=(name:SparseTheta, tau:-0.15), reuse_theta=no, opt_for_avx=yes, predict_class_id=, reset_nwt=yes
I0508 12:26:38.337605   523 processor.cc:747] Processing queue has data, processing started
I0508 12:26:38.337997   524 processor.cc:747] Processing queue has data, processing started
I0508 12:26:38.342648   523 processor.cc:820] Processor: start processing batch 85d6875e-6ee0-4717-a713-f1346c0c1bbc into model nwt
I0508 12:26:38.344504   524 processor.cc:820] Processor: start processing batch 4a9a8c53-a69a-41ba-965a-2007fab7bf12 into model nwt
I0508 12:26:38.423563   523 processor.cc:925] Processor: complete processing batch 85d6875e-6ee0-4717-a713-f1346c0c1bbc into model nwt
I0508 12:26:38.423822   524 processor.cc:925] Processor: complete processing batch 4a9a8c53-a69a-41ba-965a-2007fab7bf12 into model nwt
I0508 12:26:38.425762   523 cuckoo_watch.h:45] 88ms in ProcessBatch(batches/aaaaaa.batch) [including 5ms in LoadMessage; 0ms in InitializeSparseNdw; 0ms in InitializeTheta; 0ms in CreateRegularizerAgents; 37ms in InferThetaAndUpdateNwtSparse; 0ms in UpdateCacheEntry; 21ms in CalculateScore(PerplexityScore); 21ms in CalculateScore(^^^ItemsProcessedScore^^^); ]
I0508 12:26:38.425956   524 cuckoo_watch.h:45] 87ms in ProcessBatch(batches/aaaaab.batch) [including 6ms in LoadMessage; 0ms in InitializeSparseNdw; 0ms in InitializeTheta; 0ms in CreateRegularizerAgents; 36ms in InferThetaAndUpdateNwtSparse; 0ms in UpdateCacheEntry; 21ms in CalculateScore(PerplexityScore); 20ms in CalculateScore(^^^ItemsProcessedScore^^^); ]
I0508 12:26:38.432008   523 processor.cc:820] Processor: start processing batch 794b7f07-c530-4b97-ad11-dc6a8619bfd0 into model nwt
I0508 12:26:38.432055   524 processor.cc:820] Processor: start processing batch cde46639-e6ec-449c-ae0c-4a4744af74d1 into model nwt
I0508 12:26:38.520140   523 processor.cc:925] Processor: complete processing batch 794b7f07-c530-4b97-ad11-dc6a8619bfd0 into model nwt
I0508 12:26:38.522018   523 cuckoo_watch.h:45] 96ms in ProcessBatch(batches/aaaaac.batch) [including 6ms in LoadMessage; 0ms in InitializeSparseNdw; 0ms in InitializeTheta; 0ms in CreateRegularizerAgents; 45ms in InferThetaAndUpdateNwtSparse; 0ms in UpdateCacheEntry; 20ms in CalculateScore(PerplexityScore); 20ms in CalculateScore(^^^ItemsProcessedScore^^^); ]
I0508 12:26:38.526974   523 processor.cc:820] Processor: start processing batch 86dbf7db-8091-4acb-ae24-81149e4211aa into model nwt
I0508 12:26:38.529914   524 processor.cc:925] Processor: complete processing batch cde46639-e6ec-449c-ae0c-4a4744af74d1 into model nwt
I0508 12:26:38.531957   524 cuckoo_watch.h:45] 105ms in ProcessBatch(batches/aaaaad.batch) [including 5ms in LoadMessage; 0ms in InitializeSparseNdw; 0ms in InitializeTheta; 0ms in CreateRegularizerAgents; 55ms in InferThetaAndUpdateNwtSparse; 0ms in UpdateCacheEntry; 21ms in CalculateScore(PerplexityScore); 20ms in CalculateScore(^^^ItemsProcessedScore^^^); ]
I0508 12:26:38.552752   524 processor.cc:740] No data in processing queue, waiting...
I0508 12:26:38.579584   523 processor.cc:925] Processor: complete processing batch 86dbf7db-8091-4acb-ae24-81149e4211aa into model nwt
I0508 12:26:38.580549   523 cuckoo_watch.h:45] 58ms in ProcessBatch(batches/aaaaae.batch) [including 4ms in LoadMessage; 0ms in InitializeSparseNdw; 0ms in InitializeTheta; 0ms in CreateRegularizerAgents; 27ms in InferThetaAndUpdateNwtSparse; 0ms in UpdateCacheEntry; 13ms in CalculateScore(PerplexityScore); 11ms in CalculateScore(^^^ItemsProcessedScore^^^); ]
I0508 12:26:38.581045    59 master_component.cc:1436] RegularizeModelArgs: rwt_target_name=rwt, pwt_source_name=pwt, nwt_source_name=nwt
I0508 12:26:38.581053    59 master_component.cc:976] MasterComponent: start regularizing model pwt
I0508 12:26:38.601306   523 processor.cc:740] No data in processing queue, waiting...
I0508 12:26:38.621937    59 master_component.cc:1002] MasterComponent: complete regularizing model pwt
I0508 12:26:38.621965    59 master_component.cc:1449] NormalizeModelArgs: pwt_target_name=pwt, nwt_source_name=nwt, rwt_source_name=rwt
I0508 12:26:38.621968    59 master_component.cc:1006] MasterComponent: start normalizing model nwt
I0508 12:26:38.667137    59 master_component.cc:1034] MasterComponent: complete normalizing model nwt
I0508 12:26:38.667178    59 master_component.cc:1473] DisposeModel rwt
I0508 12:26:38.672938    59 master_component.cc:1059] FitOffline: ItemsProcessed, num_items=476, num_batches=5, token_weight=160411, token_weight_in_effect=160411
I0508 12:26:41.544129    59 c_interface.cc:231] ArtmCopyRequestedMessage is copying 2400 bytes...
I0508 12:27:45.068167    59 c_interface.cc:231] ArtmCopyRequestedMessage is copying 2400 bytes...
I0508 12:28:03.669831    59 c_interface.cc:231] ArtmCopyRequestedMessage is copying 2400 bytes...
I0508 12:28:21.157090    59 c_interface.cc:375] Pass pwt to MN4artm4core15MasterComponentEFvRKSsE
I0508 12:28:21.167760    59 c_interface.cc:375] Pass nwt to MN4artm4core15MasterComponentEFvRKSsE
I0508 12:28:21.175957    59 c_interface.cc:389] Pass InitializeModelArgs: model_name=pwt, dictionary_name=834b10a8-32f5-432b-9d4c-e15928702ab3, topic_name_size=15, seed=-1 to MN4artm4core15MasterComponentEFvRKNS_19InitializeModelArgsEE
I0508 12:28:21.244328    59 master_component.cc:664] InitializeModel() created matrix pwt with 15 topics and 16099 tokens; 
I0508 12:28:21.244532    59 c_interface.cc:389] Pass InitializeModelArgs: model_name=nwt, dictionary_name=834b10a8-32f5-432b-9d4c-e15928702ab3, topic_name_size=15, seed=-1 to MN4artm4core15MasterComponentEFvRKNS_19InitializeModelArgsEE
I0508 12:28:21.307693    59 master_component.cc:664] InitializeModel() created matrix nwt with 15 topics and 16099 tokens; 
I0508 12:28:21.307919    59 c_interface.cc:231] ArtmCopyRequestedMessage is copying 323 bytes...
I0508 12:28:21.308429    59 c_interface.cc:389] Pass FitOfflineMasterModelArgs, batch_filename_size=5, batch_weight_size=5, num_collection_passes=1, reset_nwt=yes to MN4artm4core15MasterComponentEFvRKNS_25FitOfflineMasterModelArgsEE
I0508 12:28:21.308517    59 master_component.cc:1398] ProcessBatchesArgs: nwt_target_name=nwt, batch_filename_size=5, batch_size=0, batch_weight_size=5, pwt_source_name=pwt, num_document_passes=10, regularizer=(name:SparseTheta, tau:-0.15), reuse_theta=no, opt_for_avx=yes, predict_class_id=, reset_nwt=yes
I0508 12:28:21.315740   524 processor.cc:747] Processing queue has data, processing started
I0508 12:28:21.315793   523 processor.cc:747] Processing queue has data, processing started
I0508 12:28:21.321844   523 processor.cc:820] Processor: start processing batch 4a9a8c53-a69a-41ba-965a-2007fab7bf12 into model nwt
I0508 12:28:21.322427   524 processor.cc:820] Processor: start processing batch 85d6875e-6ee0-4717-a713-f1346c0c1bbc into model nwt
I0508 12:28:21.396832   523 processor.cc:925] Processor: complete processing batch 4a9a8c53-a69a-41ba-965a-2007fab7bf12 into model nwt
I0508 12:28:21.397742   524 processor.cc:925] Processor: complete processing batch 85d6875e-6ee0-4717-a713-f1346c0c1bbc into model nwt
I0508 12:28:21.398712   523 cuckoo_watch.h:45] 82ms in ProcessBatch(batches/aaaaab.batch) [including 6ms in LoadMessage; 0ms in InitializeSparseNdw; 0ms in InitializeTheta; 0ms in CreateRegularizerAgents; 36ms in InferThetaAndUpdateNwtSparse; 0ms in UpdateCacheEntry; 19ms in CalculateScore(PerplexityScore); 18ms in CalculateScore(^^^ItemsProcessedScore^^^); ]
I0508 12:28:21.400600   524 cuckoo_watch.h:45] 84ms in ProcessBatch(batches/aaaaaa.batch) [including 6ms in LoadMessage; 0ms in InitializeSparseNdw; 0ms in InitializeTheta; 0ms in CreateRegularizerAgents; 37ms in InferThetaAndUpdateNwtSparse; 0ms in UpdateCacheEntry; 18ms in CalculateScore(PerplexityScore); 18ms in CalculateScore(^^^ItemsProcessedScore^^^); ]
I0508 12:28:21.403532   523 processor.cc:820] Processor: start processing batch 794b7f07-c530-4b97-ad11-dc6a8619bfd0 into model nwt
I0508 12:28:21.405531   524 processor.cc:820] Processor: start processing batch cde46639-e6ec-449c-ae0c-4a4744af74d1 into model nwt
I0508 12:28:21.477509   524 processor.cc:925] Processor: complete processing batch cde46639-e6ec-449c-ae0c-4a4744af74d1 into model nwt
I0508 12:28:21.478173   523 processor.cc:925] Processor: complete processing batch 794b7f07-c530-4b97-ad11-dc6a8619bfd0 into model nwt
I0508 12:28:21.479183   524 cuckoo_watch.h:45] 78ms in ProcessBatch(batches/aaaaad.batch) [including 4ms in LoadMessage; 0ms in InitializeSparseNdw; 0ms in InitializeTheta; 0ms in CreateRegularizerAgents; 34ms in InferThetaAndUpdateNwtSparse; 0ms in UpdateCacheEntry; 19ms in CalculateScore(PerplexityScore); 17ms in CalculateScore(^^^ItemsProcessedScore^^^); ]
I0508 12:28:21.480038   523 cuckoo_watch.h:45] 81ms in ProcessBatch(batches/aaaaac.batch) [including 4ms in LoadMessage; 0ms in InitializeSparseNdw; 0ms in InitializeTheta; 0ms in CreateRegularizerAgents; 36ms in InferThetaAndUpdateNwtSparse; 0ms in UpdateCacheEntry; 19ms in CalculateScore(PerplexityScore); 18ms in CalculateScore(^^^ItemsProcessedScore^^^); ]
I0508 12:28:21.482441   524 processor.cc:820] Processor: start processing batch 86dbf7db-8091-4acb-ae24-81149e4211aa into model nwt
I0508 12:28:21.501001   523 processor.cc:740] No data in processing queue, waiting...
I0508 12:28:21.536123   524 processor.cc:925] Processor: complete processing batch 86dbf7db-8091-4acb-ae24-81149e4211aa into model nwt
I0508 12:28:21.537179   524 cuckoo_watch.h:45] 57ms in ProcessBatch(batches/aaaaae.batch) [including 3ms in LoadMessage; 0ms in InitializeSparseNdw; 0ms in InitializeTheta; 0ms in CreateRegularizerAgents; 24ms in InferThetaAndUpdateNwtSparse; 0ms in UpdateCacheEntry; 13ms in CalculateScore(PerplexityScore); 15ms in CalculateScore(^^^ItemsProcessedScore^^^); ]
I0508 12:28:21.537925    59 master_component.cc:1436] RegularizeModelArgs: rwt_target_name=rwt, pwt_source_name=pwt, nwt_source_name=nwt
I0508 12:28:21.537935    59 master_component.cc:976] MasterComponent: start regularizing model pwt
I0508 12:28:21.559522   524 processor.cc:740] No data in processing queue, waiting...
I0508 12:28:21.577245    59 master_component.cc:1002] MasterComponent: complete regularizing model pwt
I0508 12:28:21.577275    59 master_component.cc:1449] NormalizeModelArgs: pwt_target_name=pwt, nwt_source_name=nwt, rwt_source_name=rwt
I0508 12:28:21.577277    59 master_component.cc:1006] MasterComponent: start normalizing model nwt
I0508 12:28:21.614706    59 master_component.cc:1034] MasterComponent: complete normalizing model nwt
I0508 12:28:21.614756    59 master_component.cc:1473] DisposeModel rwt
I0508 12:28:21.619907    59 master_component.cc:1059] FitOffline: ItemsProcessed, num_items=476, num_batches=5, token_weight=160411, token_weight_in_effect=160411
I0508 12:28:21.620172    59 c_interface.cc:389] Pass FitOfflineMasterModelArgs, batch_filename_size=5, batch_weight_size=5, num_collection_passes=1, reset_nwt=yes to MN4artm4core15MasterComponentEFvRKNS_25FitOfflineMasterModelArgsEE
I0508 12:28:21.620193    59 master_component.cc:1398] ProcessBatchesArgs: nwt_target_name=nwt, batch_filename_size=5, batch_size=0, batch_weight_size=5, pwt_source_name=pwt, num_document_passes=10, regularizer=(name:SparseTheta, tau:-0.15), reuse_theta=no, opt_for_avx=yes, predict_class_id=, reset_nwt=yes
I0508 12:28:21.628034   523 processor.cc:747] Processing queue has data, processing started
I0508 12:28:21.628088   524 processor.cc:747] Processing queue has data, processing started
I0508 12:28:21.632582   523 processor.cc:820] Processor: start processing batch 85d6875e-6ee0-4717-a713-f1346c0c1bbc into model nwt
I0508 12:28:21.635375   524 processor.cc:820] Processor: start processing batch 4a9a8c53-a69a-41ba-965a-2007fab7bf12 into model nwt
I0508 12:28:21.709424   523 processor.cc:925] Processor: complete processing batch 85d6875e-6ee0-4717-a713-f1346c0c1bbc into model nwt
I0508 12:28:21.710422   524 processor.cc:925] Processor: complete processing batch 4a9a8c53-a69a-41ba-965a-2007fab7bf12 into model nwt
I0508 12:28:21.711441   523 cuckoo_watch.h:45] 83ms in ProcessBatch(batches/aaaaaa.batch) [including 4ms in LoadMessage; 0ms in InitializeSparseNdw; 0ms in InitializeTheta; 0ms in CreateRegularizerAgents; 38ms in InferThetaAndUpdateNwtSparse; 0ms in UpdateCacheEntry; 18ms in CalculateScore(PerplexityScore); 18ms in CalculateScore(^^^ItemsProcessedScore^^^); ]
I0508 12:28:21.713284   524 cuckoo_watch.h:45] 85ms in ProcessBatch(batches/aaaaab.batch) [including 7ms in LoadMessage; 0ms in InitializeSparseNdw; 0ms in InitializeTheta; 0ms in CreateRegularizerAgents; 37ms in InferThetaAndUpdateNwtSparse; 0ms in UpdateCacheEntry; 18ms in CalculateScore(PerplexityScore); 18ms in CalculateScore(^^^ItemsProcessedScore^^^); ]
I0508 12:28:21.716383   523 processor.cc:820] Processor: start processing batch 794b7f07-c530-4b97-ad11-dc6a8619bfd0 into model nwt
I0508 12:28:21.718401   524 processor.cc:820] Processor: start processing batch cde46639-e6ec-449c-ae0c-4a4744af74d1 into model nwt
I0508 12:28:21.790715   523 processor.cc:925] Processor: complete processing batch 794b7f07-c530-4b97-ad11-dc6a8619bfd0 into model nwt
I0508 12:28:21.791776   524 processor.cc:925] Processor: complete processing batch cde46639-e6ec-449c-ae0c-4a4744af74d1 into model nwt
I0508 12:28:21.793088   523 cuckoo_watch.h:45] 81ms in ProcessBatch(batches/aaaaac.batch) [including 4ms in LoadMessage; 0ms in InitializeSparseNdw; 0ms in InitializeTheta; 0ms in CreateRegularizerAgents; 35ms in InferThetaAndUpdateNwtSparse; 0ms in UpdateCacheEntry; 19ms in CalculateScore(PerplexityScore); 19ms in CalculateScore(^^^ItemsProcessedScore^^^); ]
I0508 12:28:21.795346   524 cuckoo_watch.h:45] 82ms in ProcessBatch(batches/aaaaad.batch) [including 5ms in LoadMessage; 0ms in InitializeSparseNdw; 0ms in InitializeTheta; 0ms in CreateRegularizerAgents; 34ms in InferThetaAndUpdateNwtSparse; 0ms in UpdateCacheEntry; 18ms in CalculateScore(PerplexityScore); 19ms in CalculateScore(^^^ItemsProcessedScore^^^); ]
I0508 12:28:21.797199   523 processor.cc:820] Processor: start processing batch 86dbf7db-8091-4acb-ae24-81149e4211aa into model nwt
I0508 12:28:21.816105   524 processor.cc:740] No data in processing queue, waiting...
I0508 12:28:21.847133   523 processor.cc:925] Processor: complete processing batch 86dbf7db-8091-4acb-ae24-81149e4211aa into model nwt
I0508 12:28:21.848140   523 cuckoo_watch.h:45] 55ms in ProcessBatch(batches/aaaaae.batch) [including 4ms in LoadMessage; 0ms in InitializeSparseNdw; 0ms in InitializeTheta; 0ms in CreateRegularizerAgents; 25ms in InferThetaAndUpdateNwtSparse; 0ms in UpdateCacheEntry; 12ms in CalculateScore(PerplexityScore); 11ms in CalculateScore(^^^ItemsProcessedScore^^^); ]
I0508 12:28:21.848894    59 master_component.cc:1436] RegularizeModelArgs: rwt_target_name=rwt, pwt_source_name=pwt, nwt_source_name=nwt
I0508 12:28:21.848902    59 master_component.cc:976] MasterComponent: start regularizing model pwt
I0508 12:28:21.869011   523 processor.cc:740] No data in processing queue, waiting...
I0508 12:28:21.888600    59 master_component.cc:1002] MasterComponent: complete regularizing model pwt
I0508 12:28:21.888636    59 master_component.cc:1449] NormalizeModelArgs: pwt_target_name=pwt, nwt_source_name=nwt, rwt_source_name=rwt
I0508 12:28:21.888639    59 master_component.cc:1006] MasterComponent: start normalizing model nwt
I0508 12:28:21.928457    59 master_component.cc:1034] MasterComponent: complete normalizing model nwt
I0508 12:28:21.928498    59 master_component.cc:1473] DisposeModel rwt
I0508 12:28:21.934518    59 master_component.cc:1059] FitOffline: ItemsProcessed, num_items=476, num_batches=5, token_weight=160411, token_weight_in_effect=160411
I0508 12:28:21.934813    59 c_interface.cc:389] Pass FitOfflineMasterModelArgs, batch_filename_size=5, batch_weight_size=5, num_collection_passes=1, reset_nwt=yes to MN4artm4core15MasterComponentEFvRKNS_25FitOfflineMasterModelArgsEE
I0508 12:28:21.934834    59 master_component.cc:1398] ProcessBatchesArgs: nwt_target_name=nwt, batch_filename_size=5, batch_size=0, batch_weight_size=5, pwt_source_name=pwt, num_document_passes=10, regularizer=(name:SparseTheta, tau:-0.15), reuse_theta=no, opt_for_avx=yes, predict_class_id=, reset_nwt=yes
I0508 12:28:21.942117   523 processor.cc:747] Processing queue has data, processing started
I0508 12:28:21.942158   524 processor.cc:747] Processing queue has data, processing started
I0508 12:28:21.947834   523 processor.cc:820] Processor: start processing batch 85d6875e-6ee0-4717-a713-f1346c0c1bbc into model nwt
I0508 12:28:21.948024   524 processor.cc:820] Processor: start processing batch 4a9a8c53-a69a-41ba-965a-2007fab7bf12 into model nwt
I0508 12:28:22.021869   524 processor.cc:925] Processor: complete processing batch 4a9a8c53-a69a-41ba-965a-2007fab7bf12 into model nwt
I0508 12:28:22.023098   523 processor.cc:925] Processor: complete processing batch 85d6875e-6ee0-4717-a713-f1346c0c1bbc into model nwt
I0508 12:28:22.023599   524 cuckoo_watch.h:45] 81ms in ProcessBatch(batches/aaaaab.batch) [including 5ms in LoadMessage; 0ms in InitializeSparseNdw; 0ms in InitializeTheta; 0ms in CreateRegularizerAgents; 35ms in InferThetaAndUpdateNwtSparse; 0ms in UpdateCacheEntry; 19ms in CalculateScore(PerplexityScore); 17ms in CalculateScore(^^^ItemsProcessedScore^^^); ]
I0508 12:28:22.025221   523 cuckoo_watch.h:45] 83ms in ProcessBatch(batches/aaaaaa.batch) [including 5ms in LoadMessage; 0ms in InitializeSparseNdw; 0ms in InitializeTheta; 0ms in CreateRegularizerAgents; 36ms in InferThetaAndUpdateNwtSparse; 0ms in UpdateCacheEntry; 19ms in CalculateScore(PerplexityScore); 17ms in CalculateScore(^^^ItemsProcessedScore^^^); ]
I0508 12:28:22.029570   524 processor.cc:820] Processor: start processing batch 794b7f07-c530-4b97-ad11-dc6a8619bfd0 into model nwt
I0508 12:28:22.029812   523 processor.cc:820] Processor: start processing batch cde46639-e6ec-449c-ae0c-4a4744af74d1 into model nwt
I0508 12:28:22.105649   524 processor.cc:925] Processor: complete processing batch 794b7f07-c530-4b97-ad11-dc6a8619bfd0 into model nwt
I0508 12:28:22.106349   523 processor.cc:925] Processor: complete processing batch cde46639-e6ec-449c-ae0c-4a4744af74d1 into model nwt
I0508 12:28:22.107489   524 cuckoo_watch.h:45] 83ms in ProcessBatch(batches/aaaaac.batch) [including 5ms in LoadMessage; 0ms in InitializeSparseNdw; 0ms in InitializeTheta; 0ms in CreateRegularizerAgents; 36ms in InferThetaAndUpdateNwtSparse; 0ms in UpdateCacheEntry; 20ms in CalculateScore(PerplexityScore); 18ms in CalculateScore(^^^ItemsProcessedScore^^^); ]
I0508 12:28:22.108407   523 cuckoo_watch.h:45] 83ms in ProcessBatch(batches/aaaaad.batch) [including 4ms in LoadMessage; 0ms in InitializeSparseNdw; 0ms in InitializeTheta; 0ms in CreateRegularizerAgents; 36ms in InferThetaAndUpdateNwtSparse; 0ms in UpdateCacheEntry; 20ms in CalculateScore(PerplexityScore); 19ms in CalculateScore(^^^ItemsProcessedScore^^^); ]
I0508 12:28:22.110860   524 processor.cc:820] Processor: start processing batch 86dbf7db-8091-4acb-ae24-81149e4211aa into model nwt
I0508 12:28:22.129004   523 processor.cc:740] No data in processing queue, waiting...
I0508 12:28:22.165274   524 processor.cc:925] Processor: complete processing batch 86dbf7db-8091-4acb-ae24-81149e4211aa into model nwt
I0508 12:28:22.166759   524 cuckoo_watch.h:45] 59ms in ProcessBatch(batches/aaaaae.batch) [including 3ms in LoadMessage; 0ms in InitializeSparseNdw; 0ms in InitializeTheta; 0ms in CreateRegularizerAgents; 25ms in InferThetaAndUpdateNwtSparse; 0ms in UpdateCacheEntry; 13ms in CalculateScore(PerplexityScore); 15ms in CalculateScore(^^^ItemsProcessedScore^^^); ]
I0508 12:28:22.167091    59 master_component.cc:1436] RegularizeModelArgs: rwt_target_name=rwt, pwt_source_name=pwt, nwt_source_name=nwt
I0508 12:28:22.167104    59 master_component.cc:976] MasterComponent: start regularizing model pwt
I0508 12:28:22.187556   524 processor.cc:740] No data in processing queue, waiting...
I0508 12:28:22.213472    59 master_component.cc:1002] MasterComponent: complete regularizing model pwt
I0508 12:28:22.213508    59 master_component.cc:1449] NormalizeModelArgs: pwt_target_name=pwt, nwt_source_name=nwt, rwt_source_name=rwt
I0508 12:28:22.213512    59 master_component.cc:1006] MasterComponent: start normalizing model nwt
I0508 12:28:22.255184    59 master_component.cc:1034] MasterComponent: complete normalizing model nwt
I0508 12:28:22.255229    59 master_component.cc:1473] DisposeModel rwt
I0508 12:28:22.261940    59 master_component.cc:1059] FitOffline: ItemsProcessed, num_items=476, num_batches=5, token_weight=160411, token_weight_in_effect=160411
I0508 12:28:22.262173    59 c_interface.cc:389] Pass FitOfflineMasterModelArgs, batch_filename_size=5, batch_weight_size=5, num_collection_passes=1, reset_nwt=yes to MN4artm4core15MasterComponentEFvRKNS_25FitOfflineMasterModelArgsEE
I0508 12:28:22.262194    59 master_component.cc:1398] ProcessBatchesArgs: nwt_target_name=nwt, batch_filename_size=5, batch_size=0, batch_weight_size=5, pwt_source_name=pwt, num_document_passes=10, regularizer=(name:SparseTheta, tau:-0.15), reuse_theta=no, opt_for_avx=yes, predict_class_id=, reset_nwt=yes
I0508 12:28:22.269865   524 processor.cc:747] Processing queue has data, processing started
I0508 12:28:22.269898   523 processor.cc:747] Processing queue has data, processing started
I0508 12:28:22.275905   523 processor.cc:820] Processor: start processing batch 4a9a8c53-a69a-41ba-965a-2007fab7bf12 into model nwt
I0508 12:28:22.277968   524 processor.cc:820] Processor: start processing batch 85d6875e-6ee0-4717-a713-f1346c0c1bbc into model nwt
I0508 12:28:22.353482   524 processor.cc:925] Processor: complete processing batch 85d6875e-6ee0-4717-a713-f1346c0c1bbc into model nwt
I0508 12:28:22.355154   524 cuckoo_watch.h:45] 85ms in ProcessBatch(batches/aaaaaa.batch) [including 7ms in LoadMessage; 0ms in InitializeSparseNdw; 0ms in InitializeTheta; 0ms in CreateRegularizerAgents; 36ms in InferThetaAndUpdateNwtSparse; 0ms in UpdateCacheEntry; 19ms in CalculateScore(PerplexityScore); 18ms in CalculateScore(^^^ItemsProcessedScore^^^); ]
I0508 12:28:22.355325   523 processor.cc:925] Processor: complete processing batch 4a9a8c53-a69a-41ba-965a-2007fab7bf12 into model nwt
I0508 12:28:22.357461   523 cuckoo_watch.h:45] 87ms in ProcessBatch(batches/aaaaab.batch) [including 5ms in LoadMessage; 0ms in InitializeSparseNdw; 0ms in InitializeTheta; 0ms in CreateRegularizerAgents; 42ms in InferThetaAndUpdateNwtSparse; 0ms in UpdateCacheEntry; 19ms in CalculateScore(PerplexityScore); 17ms in CalculateScore(^^^ItemsProcessedScore^^^); ]
I0508 12:28:22.360925   524 processor.cc:820] Processor: start processing batch 794b7f07-c530-4b97-ad11-dc6a8619bfd0 into model nwt
I0508 12:28:22.361694   523 processor.cc:820] Processor: start processing batch cde46639-e6ec-449c-ae0c-4a4744af74d1 into model nwt
I0508 12:28:22.435367   523 processor.cc:925] Processor: complete processing batch cde46639-e6ec-449c-ae0c-4a4744af74d1 into model nwt
I0508 12:28:22.436123   524 processor.cc:925] Processor: complete processing batch 794b7f07-c530-4b97-ad11-dc6a8619bfd0 into model nwt
I0508 12:28:22.437281   523 cuckoo_watch.h:45] 79ms in ProcessBatch(batches/aaaaad.batch) [including 4ms in LoadMessage; 0ms in InitializeSparseNdw; 0ms in InitializeTheta; 0ms in CreateRegularizerAgents; 35ms in InferThetaAndUpdateNwtSparse; 0ms in UpdateCacheEntry; 19ms in CalculateScore(PerplexityScore); 18ms in CalculateScore(^^^ItemsProcessedScore^^^); ]
I0508 12:28:22.439160   524 cuckoo_watch.h:45] 83ms in ProcessBatch(batches/aaaaac.batch) [including 5ms in LoadMessage; 0ms in InitializeSparseNdw; 0ms in InitializeTheta; 0ms in CreateRegularizerAgents; 36ms in InferThetaAndUpdateNwtSparse; 0ms in UpdateCacheEntry; 19ms in CalculateScore(PerplexityScore); 19ms in CalculateScore(^^^ItemsProcessedScore^^^); ]
I0508 12:28:22.440892   523 processor.cc:820] Processor: start processing batch 86dbf7db-8091-4acb-ae24-81149e4211aa into model nwt
I0508 12:28:22.459817   524 processor.cc:740] No data in processing queue, waiting...
I0508 12:28:22.490085   523 processor.cc:925] Processor: complete processing batch 86dbf7db-8091-4acb-ae24-81149e4211aa into model nwt
I0508 12:28:22.491070   523 cuckoo_watch.h:45] 53ms in ProcessBatch(batches/aaaaae.batch) [including 3ms in LoadMessage; 0ms in InitializeSparseNdw; 0ms in InitializeTheta; 0ms in CreateRegularizerAgents; 24ms in InferThetaAndUpdateNwtSparse; 0ms in UpdateCacheEntry; 12ms in CalculateScore(PerplexityScore); 11ms in CalculateScore(^^^ItemsProcessedScore^^^); ]
I0508 12:28:22.491508    59 master_component.cc:1436] RegularizeModelArgs: rwt_target_name=rwt, pwt_source_name=pwt, nwt_source_name=nwt
I0508 12:28:22.491514    59 master_component.cc:976] MasterComponent: start regularizing model pwt
I0508 12:28:22.511895   523 processor.cc:740] No data in processing queue, waiting...
I0508 12:28:22.532251    59 master_component.cc:1002] MasterComponent: complete regularizing model pwt
I0508 12:28:22.532282    59 master_component.cc:1449] NormalizeModelArgs: pwt_target_name=pwt, nwt_source_name=nwt, rwt_source_name=rwt
I0508 12:28:22.532284    59 master_component.cc:1006] MasterComponent: start normalizing model nwt
I0508 12:28:22.572788    59 master_component.cc:1034] MasterComponent: complete normalizing model nwt
I0508 12:28:22.572825    59 master_component.cc:1473] DisposeModel rwt
I0508 12:28:22.578065    59 master_component.cc:1059] FitOffline: ItemsProcessed, num_items=476, num_batches=5, token_weight=160411, token_weight_in_effect=160411
I0508 12:28:22.578294    59 c_interface.cc:389] Pass FitOfflineMasterModelArgs, batch_filename_size=5, batch_weight_size=5, num_collection_passes=1, reset_nwt=yes to MN4artm4core15MasterComponentEFvRKNS_25FitOfflineMasterModelArgsEE
I0508 12:28:22.578312    59 master_component.cc:1398] ProcessBatchesArgs: nwt_target_name=nwt, batch_filename_size=5, batch_size=0, batch_weight_size=5, pwt_source_name=pwt, num_document_passes=10, regularizer=(name:SparseTheta, tau:-0.15), reuse_theta=no, opt_for_avx=yes, predict_class_id=, reset_nwt=yes
I0508 12:28:22.586452   523 processor.cc:747] Processing queue has data, processing started
I0508 12:28:22.586613   524 processor.cc:747] Processing queue has data, processing started
I0508 12:28:22.593719   524 processor.cc:820] Processor: start processing batch 4a9a8c53-a69a-41ba-965a-2007fab7bf12 into model nwt
I0508 12:28:22.593852   523 processor.cc:820] Processor: start processing batch 85d6875e-6ee0-4717-a713-f1346c0c1bbc into model nwt
I0508 12:28:22.670591   524 processor.cc:925] Processor: complete processing batch 4a9a8c53-a69a-41ba-965a-2007fab7bf12 into model nwt
I0508 12:28:22.671754   523 processor.cc:925] Processor: complete processing batch 85d6875e-6ee0-4717-a713-f1346c0c1bbc into model nwt
I0508 12:28:22.672322   524 cuckoo_watch.h:45] 85ms in ProcessBatch(batches/aaaaab.batch) [including 7ms in LoadMessage; 2ms in InitializeSparseNdw; 0ms in InitializeTheta; 0ms in CreateRegularizerAgents; 35ms in InferThetaAndUpdateNwtSparse; 0ms in UpdateCacheEntry; 20ms in CalculateScore(PerplexityScore); 18ms in CalculateScore(^^^ItemsProcessedScore^^^); ]
I0508 12:28:22.675335   523 cuckoo_watch.h:45] 88ms in ProcessBatch(batches/aaaaaa.batch) [including 7ms in LoadMessage; 0ms in InitializeSparseNdw; 0ms in InitializeTheta; 0ms in CreateRegularizerAgents; 38ms in InferThetaAndUpdateNwtSparse; 0ms in UpdateCacheEntry; 20ms in CalculateScore(PerplexityScore); 18ms in CalculateScore(^^^ItemsProcessedScore^^^); ]
I0508 12:28:22.679534   524 processor.cc:820] Processor: start processing batch 794b7f07-c530-4b97-ad11-dc6a8619bfd0 into model nwt
I0508 12:28:22.687770   523 processor.cc:820] Processor: start processing batch cde46639-e6ec-449c-ae0c-4a4744af74d1 into model nwt
I0508 12:28:22.765101   523 processor.cc:925] Processor: complete processing batch cde46639-e6ec-449c-ae0c-4a4744af74d1 into model nwt
I0508 12:28:22.766686   524 processor.cc:925] Processor: complete processing batch 794b7f07-c530-4b97-ad11-dc6a8619bfd0 into model nwt
I0508 12:28:22.767199   523 cuckoo_watch.h:45] 91ms in ProcessBatch(batches/aaaaad.batch) [including 12ms in LoadMessage; 0ms in InitializeSparseNdw; 0ms in InitializeTheta; 0ms in CreateRegularizerAgents; 36ms in InferThetaAndUpdateNwtSparse; 0ms in UpdateCacheEntry; 20ms in CalculateScore(PerplexityScore); 19ms in CalculateScore(^^^ItemsProcessedScore^^^); ]
I0508 12:28:22.770112   524 cuckoo_watch.h:45] 97ms in ProcessBatch(batches/aaaaac.batch) [including 7ms in LoadMessage; 3ms in InitializeSparseNdw; 0ms in InitializeTheta; 0ms in CreateRegularizerAgents; 41ms in InferThetaAndUpdateNwtSparse; 0ms in UpdateCacheEntry; 21ms in CalculateScore(PerplexityScore); 20ms in CalculateScore(^^^ItemsProcessedScore^^^); ]
I0508 12:28:22.771067   523 processor.cc:820] Processor: start processing batch 86dbf7db-8091-4acb-ae24-81149e4211aa into model nwt
I0508 12:28:22.791000   524 processor.cc:740] No data in processing queue, waiting...
I0508 12:28:22.824657   523 processor.cc:925] Processor: complete processing batch 86dbf7db-8091-4acb-ae24-81149e4211aa into model nwt
I0508 12:28:22.825927   523 cuckoo_watch.h:45] 58ms in ProcessBatch(batches/aaaaae.batch) [including 3ms in LoadMessage; 0ms in InitializeSparseNdw; 0ms in InitializeTheta; 0ms in CreateRegularizerAgents; 25ms in InferThetaAndUpdateNwtSparse; 0ms in UpdateCacheEntry; 14ms in CalculateScore(PerplexityScore); 13ms in CalculateScore(^^^ItemsProcessedScore^^^); ]
I0508 12:28:22.825973    59 master_component.cc:1436] RegularizeModelArgs: rwt_target_name=rwt, pwt_source_name=pwt, nwt_source_name=nwt
I0508 12:28:22.826228    59 master_component.cc:976] MasterComponent: start regularizing model pwt
I0508 12:28:22.846926   523 processor.cc:740] No data in processing queue, waiting...
I0508 12:28:22.870651    59 master_component.cc:1002] MasterComponent: complete regularizing model pwt
I0508 12:28:22.870682    59 master_component.cc:1449] NormalizeModelArgs: pwt_target_name=pwt, nwt_source_name=nwt, rwt_source_name=rwt
I0508 12:28:22.870685    59 master_component.cc:1006] MasterComponent: start normalizing model nwt
I0508 12:28:22.913578    59 master_component.cc:1034] MasterComponent: complete normalizing model nwt
I0508 12:28:22.913621    59 master_component.cc:1473] DisposeModel rwt
I0508 12:28:22.918854    59 master_component.cc:1059] FitOffline: ItemsProcessed, num_items=476, num_batches=5, token_weight=160411, token_weight_in_effect=160411
I0508 12:28:22.919082    59 c_interface.cc:389] Pass FitOfflineMasterModelArgs, batch_filename_size=5, batch_weight_size=5, num_collection_passes=1, reset_nwt=yes to MN4artm4core15MasterComponentEFvRKNS_25FitOfflineMasterModelArgsEE
I0508 12:28:22.919101    59 master_component.cc:1398] ProcessBatchesArgs: nwt_target_name=nwt, batch_filename_size=5, batch_size=0, batch_weight_size=5, pwt_source_name=pwt, num_document_passes=10, regularizer=(name:SparseTheta, tau:-0.15), reuse_theta=no, opt_for_avx=yes, predict_class_id=, reset_nwt=yes
I0508 12:28:22.927309   524 processor.cc:747] Processing queue has data, processing started
I0508 12:28:22.927546   523 processor.cc:747] Processing queue has data, processing started
I0508 12:28:22.932751   524 processor.cc:820] Processor: start processing batch 85d6875e-6ee0-4717-a713-f1346c0c1bbc into model nwt
I0508 12:28:22.933554   523 processor.cc:820] Processor: start processing batch 4a9a8c53-a69a-41ba-965a-2007fab7bf12 into model nwt
I0508 12:28:23.011057   523 processor.cc:925] Processor: complete processing batch 4a9a8c53-a69a-41ba-965a-2007fab7bf12 into model nwt
I0508 12:28:23.011332   524 processor.cc:925] Processor: complete processing batch 85d6875e-6ee0-4717-a713-f1346c0c1bbc into model nwt
I0508 12:28:23.013216   523 cuckoo_watch.h:45] 85ms in ProcessBatch(batches/aaaaab.batch) [including 5ms in LoadMessage; 0ms in InitializeSparseNdw; 0ms in InitializeTheta; 0ms in CreateRegularizerAgents; 35ms in InferThetaAndUpdateNwtSparse; 0ms in UpdateCacheEntry; 20ms in CalculateScore(PerplexityScore); 20ms in CalculateScore(^^^ItemsProcessedScore^^^); ]
I0508 12:28:23.013458   524 cuckoo_watch.h:45] 86ms in ProcessBatch(batches/aaaaaa.batch) [including 5ms in LoadMessage; 0ms in InitializeSparseNdw; 0ms in InitializeTheta; 0ms in CreateRegularizerAgents; 37ms in InferThetaAndUpdateNwtSparse; 0ms in UpdateCacheEntry; 20ms in CalculateScore(PerplexityScore); 20ms in CalculateScore(^^^ItemsProcessedScore^^^); ]
I0508 12:28:23.019502   524 processor.cc:820] Processor: start processing batch cde46639-e6ec-449c-ae0c-4a4744af74d1 into model nwt
I0508 12:28:23.020287   523 processor.cc:820] Processor: start processing batch 794b7f07-c530-4b97-ad11-dc6a8619bfd0 into model nwt
I0508 12:28:23.096899   523 processor.cc:925] Processor: complete processing batch 794b7f07-c530-4b97-ad11-dc6a8619bfd0 into model nwt
I0508 12:28:23.097833   524 processor.cc:925] Processor: complete processing batch cde46639-e6ec-449c-ae0c-4a4744af74d1 into model nwt
I0508 12:28:23.098927   523 cuckoo_watch.h:45] 85ms in ProcessBatch(batches/aaaaac.batch) [including 6ms in LoadMessage; 0ms in InitializeSparseNdw; 0ms in InitializeTheta; 0ms in CreateRegularizerAgents; 36ms in InferThetaAndUpdateNwtSparse; 0ms in UpdateCacheEntry; 20ms in CalculateScore(PerplexityScore); 18ms in CalculateScore(^^^ItemsProcessedScore^^^); ]
I0508 12:28:23.100212   524 cuckoo_watch.h:45] 86ms in ProcessBatch(batches/aaaaad.batch) [including 5ms in LoadMessage; 0ms in InitializeSparseNdw; 0ms in InitializeTheta; 0ms in CreateRegularizerAgents; 37ms in InferThetaAndUpdateNwtSparse; 0ms in UpdateCacheEntry; 21ms in CalculateScore(PerplexityScore); 19ms in CalculateScore(^^^ItemsProcessedScore^^^); ]
I0508 12:28:23.103078   523 processor.cc:820] Processor: start processing batch 86dbf7db-8091-4acb-ae24-81149e4211aa into model nwt
I0508 12:28:23.121564   524 processor.cc:740] No data in processing queue, waiting...
I0508 12:28:23.165941   523 processor.cc:925] Processor: complete processing batch 86dbf7db-8091-4acb-ae24-81149e4211aa into model nwt
I0508 12:28:23.167389   523 cuckoo_watch.h:45] 68ms in ProcessBatch(batches/aaaaae.batch) [including 4ms in LoadMessage; 0ms in InitializeSparseNdw; 0ms in InitializeTheta; 0ms in CreateRegularizerAgents; 27ms in InferThetaAndUpdateNwtSparse; 0ms in UpdateCacheEntry; 13ms in CalculateScore(PerplexityScore); 21ms in CalculateScore(^^^ItemsProcessedScore^^^); ]
I0508 12:28:23.168395    59 master_component.cc:1436] RegularizeModelArgs: rwt_target_name=rwt, pwt_source_name=pwt, nwt_source_name=nwt
I0508 12:28:23.168409    59 master_component.cc:976] MasterComponent: start regularizing model pwt
I0508 12:28:23.188289   523 processor.cc:740] No data in processing queue, waiting...
I0508 12:28:23.215656    59 master_component.cc:1002] MasterComponent: complete regularizing model pwt
I0508 12:28:23.215693    59 master_component.cc:1449] NormalizeModelArgs: pwt_target_name=pwt, nwt_source_name=nwt, rwt_source_name=rwt
I0508 12:28:23.215698    59 master_component.cc:1006] MasterComponent: start normalizing model nwt
I0508 12:28:23.261967    59 master_component.cc:1034] MasterComponent: complete normalizing model nwt
I0508 12:28:23.262006    59 master_component.cc:1473] DisposeModel rwt
I0508 12:28:23.267168    59 master_component.cc:1059] FitOffline: ItemsProcessed, num_items=476, num_batches=5, token_weight=160411, token_weight_in_effect=160411
I0508 12:28:23.267396    59 c_interface.cc:389] Pass FitOfflineMasterModelArgs, batch_filename_size=5, batch_weight_size=5, num_collection_passes=1, reset_nwt=yes to MN4artm4core15MasterComponentEFvRKNS_25FitOfflineMasterModelArgsEE
I0508 12:28:23.267416    59 master_component.cc:1398] ProcessBatchesArgs: nwt_target_name=nwt, batch_filename_size=5, batch_size=0, batch_weight_size=5, pwt_source_name=pwt, num_document_passes=10, regularizer=(name:SparseTheta, tau:-0.15), reuse_theta=no, opt_for_avx=yes, predict_class_id=, reset_nwt=yes
I0508 12:28:23.275478   524 processor.cc:747] Processing queue has data, processing started
I0508 12:28:23.275720   523 processor.cc:747] Processing queue has data, processing started
I0508 12:28:23.281636   524 processor.cc:820] Processor: start processing batch 85d6875e-6ee0-4717-a713-f1346c0c1bbc into model nwt
I0508 12:28:23.282971   523 processor.cc:820] Processor: start processing batch 4a9a8c53-a69a-41ba-965a-2007fab7bf12 into model nwt
I0508 12:28:23.359041   524 processor.cc:925] Processor: complete processing batch 85d6875e-6ee0-4717-a713-f1346c0c1bbc into model nwt
I0508 12:28:23.359889   523 processor.cc:925] Processor: complete processing batch 4a9a8c53-a69a-41ba-965a-2007fab7bf12 into model nwt
I0508 12:28:23.360852   524 cuckoo_watch.h:45] 85ms in ProcessBatch(batches/aaaaaa.batch) [including 6ms in LoadMessage; 0ms in InitializeSparseNdw; 0ms in InitializeTheta; 0ms in CreateRegularizerAgents; 39ms in InferThetaAndUpdateNwtSparse; 0ms in UpdateCacheEntry; 19ms in CalculateScore(PerplexityScore); 18ms in CalculateScore(^^^ItemsProcessedScore^^^); ]
