I0508 12:26:06.362120   523 cuckoo_watch.h:45] 85ms in ProcessBatch(batches/aaaaac.batch) [including 4ms in LoadMessage; 0ms in InitializeSparseNdw; 0ms in InitializeTheta; 0ms in CreateRegularizerAgents; 38ms in InferThetaAndUpdateNwtSparse; 0ms in UpdateCacheEntry; 20ms in CalculateScore(PerplexityScore); 19ms in CalculateScore(^^^ItemsProcessedScore^^^); ]
I0508 12:26:06.364297   524 processor.cc:820] Processor: start processing batch 86dbf7db-8091-4acb-ae24-81149e4211aa into model nwt
I0508 12:26:06.382558   523 processor.cc:740] No data in processing queue, waiting...
I0508 12:26:06.415134   524 processor.cc:925] Processor: complete processing batch 86dbf7db-8091-4acb-ae24-81149e4211aa into model nwt
I0508 12:26:06.416105   524 cuckoo_watch.h:45] 55ms in ProcessBatch(batches/aaaaae.batch) [including 3ms in LoadMessage; 0ms in InitializeSparseNdw; 0ms in InitializeTheta; 0ms in CreateRegularizerAgents; 25ms in InferThetaAndUpdateNwtSparse; 0ms in UpdateCacheEntry; 13ms in CalculateScore(PerplexityScore); 11ms in CalculateScore(^^^ItemsProcessedScore^^^); ]
I0508 12:26:06.417141    59 master_component.cc:1436] RegularizeModelArgs: rwt_target_name=rwt, pwt_source_name=pwt, nwt_source_name=nwt
I0508 12:26:06.417148    59 master_component.cc:976] MasterComponent: start regularizing model pwt
I0508 12:26:06.436866   524 processor.cc:740] No data in processing queue, waiting...
I0508 12:26:06.460363    59 master_component.cc:1002] MasterComponent: complete regularizing model pwt
I0508 12:26:06.460393    59 master_component.cc:1449] NormalizeModelArgs: pwt_target_name=pwt, nwt_source_name=nwt, rwt_source_name=rwt
I0508 12:26:06.460395    59 master_component.cc:1006] MasterComponent: start normalizing model nwt
I0508 12:26:06.506888    59 master_component.cc:1034] MasterComponent: complete normalizing model nwt
I0508 12:26:06.506935    59 master_component.cc:1473] DisposeModel rwt
I0508 12:26:06.513260    59 master_component.cc:1059] FitOffline: ItemsProcessed, num_items=476, num_batches=5, token_weight=160411, token_weight_in_effect=160411
I0508 12:26:06.513522    59 c_interface.cc:389] Pass FitOfflineMasterModelArgs, batch_filename_size=5, batch_weight_size=5, num_collection_passes=1, reset_nwt=yes to MN4artm4core15MasterComponentEFvRKNS_25FitOfflineMasterModelArgsEE
I0508 12:26:06.513547    59 master_component.cc:1398] ProcessBatchesArgs: nwt_target_name=nwt, batch_filename_size=5, batch_size=0, batch_weight_size=5, pwt_source_name=pwt, num_document_passes=10, regularizer=(name:SparseTheta, tau:-0.15), reuse_theta=no, opt_for_avx=yes, predict_class_id=, reset_nwt=yes
I0508 12:26:06.521100   524 processor.cc:747] Processing queue has data, processing started
I0508 12:26:06.522511   523 processor.cc:747] Processing queue has data, processing started
I0508 12:26:06.527619   523 processor.cc:820] Processor: start processing batch 4a9a8c53-a69a-41ba-965a-2007fab7bf12 into model nwt
I0508 12:26:06.527796   524 processor.cc:820] Processor: start processing batch 85d6875e-6ee0-4717-a713-f1346c0c1bbc into model nwt
I0508 12:26:06.605782   524 processor.cc:925] Processor: complete processing batch 85d6875e-6ee0-4717-a713-f1346c0c1bbc into model nwt
I0508 12:26:06.607470   523 processor.cc:925] Processor: complete processing batch 4a9a8c53-a69a-41ba-965a-2007fab7bf12 into model nwt
I0508 12:26:06.607599   524 cuckoo_watch.h:45] 86ms in ProcessBatch(batches/aaaaaa.batch) [including 6ms in LoadMessage; 0ms in InitializeSparseNdw; 0ms in InitializeTheta; 0ms in CreateRegularizerAgents; 38ms in InferThetaAndUpdateNwtSparse; 0ms in UpdateCacheEntry; 20ms in CalculateScore(PerplexityScore); 19ms in CalculateScore(^^^ItemsProcessedScore^^^); ]
I0508 12:26:06.609781   523 cuckoo_watch.h:45] 87ms in ProcessBatch(batches/aaaaab.batch) [including 5ms in LoadMessage; 2ms in InitializeSparseNdw; 0ms in InitializeTheta; 0ms in CreateRegularizerAgents; 37ms in InferThetaAndUpdateNwtSparse; 0ms in UpdateCacheEntry; 19ms in CalculateScore(PerplexityScore); 19ms in CalculateScore(^^^ItemsProcessedScore^^^); ]
I0508 12:26:06.613682   524 processor.cc:820] Processor: start processing batch 794b7f07-c530-4b97-ad11-dc6a8619bfd0 into model nwt
I0508 12:26:06.614213   523 processor.cc:820] Processor: start processing batch cde46639-e6ec-449c-ae0c-4a4744af74d1 into model nwt
I0508 12:26:06.690588   524 processor.cc:925] Processor: complete processing batch 794b7f07-c530-4b97-ad11-dc6a8619bfd0 into model nwt
I0508 12:26:06.691417   523 processor.cc:925] Processor: complete processing batch cde46639-e6ec-449c-ae0c-4a4744af74d1 into model nwt
I0508 12:26:06.692625   524 cuckoo_watch.h:45] 85ms in ProcessBatch(batches/aaaaac.batch) [including 6ms in LoadMessage; 0ms in InitializeSparseNdw; 0ms in InitializeTheta; 0ms in CreateRegularizerAgents; 37ms in InferThetaAndUpdateNwtSparse; 0ms in UpdateCacheEntry; 20ms in CalculateScore(PerplexityScore); 18ms in CalculateScore(^^^ItemsProcessedScore^^^); ]
I0508 12:26:06.693670   523 cuckoo_watch.h:45] 83ms in ProcessBatch(batches/aaaaad.batch) [including 4ms in LoadMessage; 0ms in InitializeSparseNdw; 0ms in InitializeTheta; 0ms in CreateRegularizerAgents; 37ms in InferThetaAndUpdateNwtSparse; 0ms in UpdateCacheEntry; 20ms in CalculateScore(PerplexityScore); 18ms in CalculateScore(^^^ItemsProcessedScore^^^); ]
I0508 12:26:06.696177   524 processor.cc:820] Processor: start processing batch 86dbf7db-8091-4acb-ae24-81149e4211aa into model nwt
I0508 12:26:06.715173   523 processor.cc:740] No data in processing queue, waiting...
I0508 12:26:06.749006   524 processor.cc:925] Processor: complete processing batch 86dbf7db-8091-4acb-ae24-81149e4211aa into model nwt
I0508 12:26:06.750190   524 cuckoo_watch.h:45] 57ms in ProcessBatch(batches/aaaaae.batch) [including 3ms in LoadMessage; 0ms in InitializeSparseNdw; 0ms in InitializeTheta; 0ms in CreateRegularizerAgents; 26ms in InferThetaAndUpdateNwtSparse; 0ms in UpdateCacheEntry; 13ms in CalculateScore(PerplexityScore); 12ms in CalculateScore(^^^ItemsProcessedScore^^^); ]
I0508 12:26:06.751219    59 master_component.cc:1436] RegularizeModelArgs: rwt_target_name=rwt, pwt_source_name=pwt, nwt_source_name=nwt
I0508 12:26:06.751230    59 master_component.cc:976] MasterComponent: start regularizing model pwt
I0508 12:26:06.770959   524 processor.cc:740] No data in processing queue, waiting...
I0508 12:26:06.793891    59 master_component.cc:1002] MasterComponent: complete regularizing model pwt
I0508 12:26:06.793928    59 master_component.cc:1449] NormalizeModelArgs: pwt_target_name=pwt, nwt_source_name=nwt, rwt_source_name=rwt
I0508 12:26:06.793932    59 master_component.cc:1006] MasterComponent: start normalizing model nwt
I0508 12:26:06.844321    59 master_component.cc:1034] MasterComponent: complete normalizing model nwt
I0508 12:26:06.844362    59 master_component.cc:1473] DisposeModel rwt
I0508 12:26:06.850306    59 master_component.cc:1059] FitOffline: ItemsProcessed, num_items=476, num_batches=5, token_weight=160411, token_weight_in_effect=160411
I0508 12:26:06.850565    59 c_interface.cc:389] Pass FitOfflineMasterModelArgs, batch_filename_size=5, batch_weight_size=5, num_collection_passes=1, reset_nwt=yes to MN4artm4core15MasterComponentEFvRKNS_25FitOfflineMasterModelArgsEE
I0508 12:26:06.850586    59 master_component.cc:1398] ProcessBatchesArgs: nwt_target_name=nwt, batch_filename_size=5, batch_size=0, batch_weight_size=5, pwt_source_name=pwt, num_document_passes=10, regularizer=(name:SparseTheta, tau:-0.15), reuse_theta=no, opt_for_avx=yes, predict_class_id=, reset_nwt=yes
I0508 12:26:06.858536   523 processor.cc:747] Processing queue has data, processing started
I0508 12:26:06.858595   524 processor.cc:747] Processing queue has data, processing started
I0508 12:26:06.863214   523 processor.cc:820] Processor: start processing batch 85d6875e-6ee0-4717-a713-f1346c0c1bbc into model nwt
I0508 12:26:06.866372   524 processor.cc:820] Processor: start processing batch 4a9a8c53-a69a-41ba-965a-2007fab7bf12 into model nwt
I0508 12:26:06.942309   523 processor.cc:925] Processor: complete processing batch 85d6875e-6ee0-4717-a713-f1346c0c1bbc into model nwt
I0508 12:26:06.944023   524 processor.cc:925] Processor: complete processing batch 4a9a8c53-a69a-41ba-965a-2007fab7bf12 into model nwt
I0508 12:26:06.944231   523 cuckoo_watch.h:45] 85ms in ProcessBatch(batches/aaaaaa.batch) [including 4ms in LoadMessage; 0ms in InitializeSparseNdw; 0ms in InitializeTheta; 0ms in CreateRegularizerAgents; 39ms in InferThetaAndUpdateNwtSparse; 0ms in UpdateCacheEntry; 20ms in CalculateScore(PerplexityScore); 19ms in CalculateScore(^^^ItemsProcessedScore^^^); ]
I0508 12:26:06.946691   524 cuckoo_watch.h:45] 88ms in ProcessBatch(batches/aaaaab.batch) [including 7ms in LoadMessage; 0ms in InitializeSparseNdw; 0ms in InitializeTheta; 0ms in CreateRegularizerAgents; 37ms in InferThetaAndUpdateNwtSparse; 0ms in UpdateCacheEntry; 20ms in CalculateScore(PerplexityScore); 19ms in CalculateScore(^^^ItemsProcessedScore^^^); ]
I0508 12:26:06.949044   523 processor.cc:820] Processor: start processing batch 794b7f07-c530-4b97-ad11-dc6a8619bfd0 into model nwt
I0508 12:26:06.952010   524 processor.cc:820] Processor: start processing batch cde46639-e6ec-449c-ae0c-4a4744af74d1 into model nwt
I0508 12:26:07.029058   524 processor.cc:925] Processor: complete processing batch cde46639-e6ec-449c-ae0c-4a4744af74d1 into model nwt
I0508 12:26:07.029866   523 processor.cc:925] Processor: complete processing batch 794b7f07-c530-4b97-ad11-dc6a8619bfd0 into model nwt
I0508 12:26:07.031167   524 cuckoo_watch.h:45] 84ms in ProcessBatch(batches/aaaaad.batch) [including 5ms in LoadMessage; 0ms in InitializeSparseNdw; 0ms in InitializeTheta; 0ms in CreateRegularizerAgents; 36ms in InferThetaAndUpdateNwtSparse; 0ms in UpdateCacheEntry; 20ms in CalculateScore(PerplexityScore); 19ms in CalculateScore(^^^ItemsProcessedScore^^^); ]
I0508 12:26:07.031925   523 cuckoo_watch.h:45] 87ms in ProcessBatch(batches/aaaaac.batch) [including 4ms in LoadMessage; 0ms in InitializeSparseNdw; 0ms in InitializeTheta; 0ms in CreateRegularizerAgents; 38ms in InferThetaAndUpdateNwtSparse; 0ms in UpdateCacheEntry; 21ms in CalculateScore(PerplexityScore); 20ms in CalculateScore(^^^ItemsProcessedScore^^^); ]
I0508 12:26:07.034782   524 processor.cc:820] Processor: start processing batch 86dbf7db-8091-4acb-ae24-81149e4211aa into model nwt
I0508 12:26:07.052390   523 processor.cc:740] No data in processing queue, waiting...
I0508 12:26:07.088304   524 processor.cc:925] Processor: complete processing batch 86dbf7db-8091-4acb-ae24-81149e4211aa into model nwt
I0508 12:26:07.089390   524 cuckoo_watch.h:45] 58ms in ProcessBatch(batches/aaaaae.batch) [including 3ms in LoadMessage; 0ms in InitializeSparseNdw; 0ms in InitializeTheta; 0ms in CreateRegularizerAgents; 26ms in InferThetaAndUpdateNwtSparse; 0ms in UpdateCacheEntry; 13ms in CalculateScore(PerplexityScore); 12ms in CalculateScore(^^^ItemsProcessedScore^^^); ]
I0508 12:26:07.089756    59 master_component.cc:1436] RegularizeModelArgs: rwt_target_name=rwt, pwt_source_name=pwt, nwt_source_name=nwt
I0508 12:26:07.089763    59 master_component.cc:976] MasterComponent: start regularizing model pwt
I0508 12:26:07.110106   524 processor.cc:740] No data in processing queue, waiting...
I0508 12:26:07.132781    59 master_component.cc:1002] MasterComponent: complete regularizing model pwt
I0508 12:26:07.132812    59 master_component.cc:1449] NormalizeModelArgs: pwt_target_name=pwt, nwt_source_name=nwt, rwt_source_name=rwt
I0508 12:26:07.132814    59 master_component.cc:1006] MasterComponent: start normalizing model nwt
I0508 12:26:07.178583    59 master_component.cc:1034] MasterComponent: complete normalizing model nwt
I0508 12:26:07.178624    59 master_component.cc:1473] DisposeModel rwt
I0508 12:26:07.185588    59 master_component.cc:1059] FitOffline: ItemsProcessed, num_items=476, num_batches=5, token_weight=160411, token_weight_in_effect=160411
I0508 12:26:07.185849    59 c_interface.cc:389] Pass FitOfflineMasterModelArgs, batch_filename_size=5, batch_weight_size=5, num_collection_passes=1, reset_nwt=yes to MN4artm4core15MasterComponentEFvRKNS_25FitOfflineMasterModelArgsEE
I0508 12:26:07.185873    59 master_component.cc:1398] ProcessBatchesArgs: nwt_target_name=nwt, batch_filename_size=5, batch_size=0, batch_weight_size=5, pwt_source_name=pwt, num_document_passes=10, regularizer=(name:SparseTheta, tau:-0.15), reuse_theta=no, opt_for_avx=yes, predict_class_id=, reset_nwt=yes
I0508 12:26:07.193776   524 processor.cc:747] Processing queue has data, processing started
I0508 12:26:07.194015   523 processor.cc:747] Processing queue has data, processing started
I0508 12:26:07.198899   524 processor.cc:820] Processor: start processing batch 85d6875e-6ee0-4717-a713-f1346c0c1bbc into model nwt
I0508 12:26:07.200632   523 processor.cc:820] Processor: start processing batch 4a9a8c53-a69a-41ba-965a-2007fab7bf12 into model nwt
I0508 12:26:07.278864   524 processor.cc:925] Processor: complete processing batch 85d6875e-6ee0-4717-a713-f1346c0c1bbc into model nwt
I0508 12:26:07.279831   523 processor.cc:925] Processor: complete processing batch 4a9a8c53-a69a-41ba-965a-2007fab7bf12 into model nwt
I0508 12:26:07.280902   524 cuckoo_watch.h:45] 87ms in ProcessBatch(batches/aaaaaa.batch) [including 5ms in LoadMessage; 0ms in InitializeSparseNdw; 0ms in InitializeTheta; 0ms in CreateRegularizerAgents; 38ms in InferThetaAndUpdateNwtSparse; 0ms in UpdateCacheEntry; 20ms in CalculateScore(PerplexityScore); 20ms in CalculateScore(^^^ItemsProcessedScore^^^); ]
I0508 12:26:07.282426   523 cuckoo_watch.h:45] 88ms in ProcessBatch(batches/aaaaab.batch) [including 6ms in LoadMessage; 0ms in InitializeSparseNdw; 0ms in InitializeTheta; 0ms in CreateRegularizerAgents; 36ms in InferThetaAndUpdateNwtSparse; 0ms in UpdateCacheEntry; 22ms in CalculateScore(PerplexityScore); 19ms in CalculateScore(^^^ItemsProcessedScore^^^); ]
I0508 12:26:07.285383   524 processor.cc:820] Processor: start processing batch 794b7f07-c530-4b97-ad11-dc6a8619bfd0 into model nwt
I0508 12:26:07.287601   523 processor.cc:820] Processor: start processing batch cde46639-e6ec-449c-ae0c-4a4744af74d1 into model nwt
I0508 12:26:07.366853   523 processor.cc:925] Processor: complete processing batch cde46639-e6ec-449c-ae0c-4a4744af74d1 into model nwt
I0508 12:26:07.367516   524 processor.cc:925] Processor: complete processing batch 794b7f07-c530-4b97-ad11-dc6a8619bfd0 into model nwt
I0508 12:26:07.369061   523 cuckoo_watch.h:45] 86ms in ProcessBatch(batches/aaaaad.batch) [including 5ms in LoadMessage; 1ms in InitializeSparseNdw; 0ms in InitializeTheta; 0ms in CreateRegularizerAgents; 36ms in InferThetaAndUpdateNwtSparse; 0ms in UpdateCacheEntry; 20ms in CalculateScore(PerplexityScore); 20ms in CalculateScore(^^^ItemsProcessedScore^^^); ]
I0508 12:26:07.369758   524 cuckoo_watch.h:45] 88ms in ProcessBatch(batches/aaaaac.batch) [including 4ms in LoadMessage; 0ms in InitializeSparseNdw; 0ms in InitializeTheta; 0ms in CreateRegularizerAgents; 39ms in InferThetaAndUpdateNwtSparse; 0ms in UpdateCacheEntry; 21ms in CalculateScore(PerplexityScore); 20ms in CalculateScore(^^^ItemsProcessedScore^^^); ]
I0508 12:26:07.372988   523 processor.cc:820] Processor: start processing batch 86dbf7db-8091-4acb-ae24-81149e4211aa into model nwt
I0508 12:26:07.390547   524 processor.cc:740] No data in processing queue, waiting...
I0508 12:26:07.429236   523 processor.cc:925] Processor: complete processing batch 86dbf7db-8091-4acb-ae24-81149e4211aa into model nwt
I0508 12:26:07.430558   523 cuckoo_watch.h:45] 61ms in ProcessBatch(batches/aaaaae.batch) [including 3ms in LoadMessage; 0ms in InitializeSparseNdw; 0ms in InitializeTheta; 0ms in CreateRegularizerAgents; 27ms in InferThetaAndUpdateNwtSparse; 0ms in UpdateCacheEntry; 14ms in CalculateScore(PerplexityScore); 13ms in CalculateScore(^^^ItemsProcessedScore^^^); ]
I0508 12:26:07.430984    59 master_component.cc:1436] RegularizeModelArgs: rwt_target_name=rwt, pwt_source_name=pwt, nwt_source_name=nwt
I0508 12:26:07.431025    59 master_component.cc:976] MasterComponent: start regularizing model pwt
I0508 12:26:07.451341   523 processor.cc:740] No data in processing queue, waiting...
I0508 12:26:07.478641    59 master_component.cc:1002] MasterComponent: complete regularizing model pwt
I0508 12:26:07.478673    59 master_component.cc:1449] NormalizeModelArgs: pwt_target_name=pwt, nwt_source_name=nwt, rwt_source_name=rwt
I0508 12:26:07.478675    59 master_component.cc:1006] MasterComponent: start normalizing model nwt
I0508 12:26:07.525831    59 master_component.cc:1034] MasterComponent: complete normalizing model nwt
I0508 12:26:07.525871    59 master_component.cc:1473] DisposeModel rwt
I0508 12:26:07.535065    59 master_component.cc:1059] FitOffline: ItemsProcessed, num_items=476, num_batches=5, token_weight=160411, token_weight_in_effect=160411
I0508 12:26:07.535301    59 c_interface.cc:389] Pass FitOfflineMasterModelArgs, batch_filename_size=5, batch_weight_size=5, num_collection_passes=1, reset_nwt=yes to MN4artm4core15MasterComponentEFvRKNS_25FitOfflineMasterModelArgsEE
I0508 12:26:07.535322    59 master_component.cc:1398] ProcessBatchesArgs: nwt_target_name=nwt, batch_filename_size=5, batch_size=0, batch_weight_size=5, pwt_source_name=pwt, num_document_passes=10, regularizer=(name:SparseTheta, tau:-0.15), reuse_theta=no, opt_for_avx=yes, predict_class_id=, reset_nwt=yes
I0508 12:26:07.543059   523 processor.cc:747] Processing queue has data, processing started
I0508 12:26:07.543321   524 processor.cc:747] Processing queue has data, processing started
I0508 12:26:07.550112   523 processor.cc:820] Processor: start processing batch 85d6875e-6ee0-4717-a713-f1346c0c1bbc into model nwt
I0508 12:26:07.550981   524 processor.cc:820] Processor: start processing batch 4a9a8c53-a69a-41ba-965a-2007fab7bf12 into model nwt
I0508 12:26:07.628896   523 processor.cc:925] Processor: complete processing batch 85d6875e-6ee0-4717-a713-f1346c0c1bbc into model nwt
I0508 12:26:07.629858   524 processor.cc:925] Processor: complete processing batch 4a9a8c53-a69a-41ba-965a-2007fab7bf12 into model nwt
I0508 12:26:07.631088   523 cuckoo_watch.h:45] 87ms in ProcessBatch(batches/aaaaaa.batch) [including 7ms in LoadMessage; 0ms in InitializeSparseNdw; 0ms in InitializeTheta; 0ms in CreateRegularizerAgents; 38ms in InferThetaAndUpdateNwtSparse; 0ms in UpdateCacheEntry; 20ms in CalculateScore(PerplexityScore); 19ms in CalculateScore(^^^ItemsProcessedScore^^^); ]
I0508 12:26:07.632220   524 cuckoo_watch.h:45] 88ms in ProcessBatch(batches/aaaaab.batch) [including 7ms in LoadMessage; 0ms in InitializeSparseNdw; 0ms in InitializeTheta; 0ms in CreateRegularizerAgents; 38ms in InferThetaAndUpdateNwtSparse; 0ms in UpdateCacheEntry; 20ms in CalculateScore(PerplexityScore); 19ms in CalculateScore(^^^ItemsProcessedScore^^^); ]
I0508 12:26:07.635890   523 processor.cc:820] Processor: start processing batch 794b7f07-c530-4b97-ad11-dc6a8619bfd0 into model nwt
I0508 12:26:07.638085   524 processor.cc:820] Processor: start processing batch cde46639-e6ec-449c-ae0c-4a4744af74d1 into model nwt
I0508 12:26:07.716575   523 processor.cc:925] Processor: complete processing batch 794b7f07-c530-4b97-ad11-dc6a8619bfd0 into model nwt
I0508 12:26:07.717608   524 processor.cc:925] Processor: complete processing batch cde46639-e6ec-449c-ae0c-4a4744af74d1 into model nwt
I0508 12:26:07.718900   523 cuckoo_watch.h:45] 87ms in ProcessBatch(batches/aaaaac.batch) [including 4ms in LoadMessage; 0ms in InitializeSparseNdw; 0ms in InitializeTheta; 0ms in CreateRegularizerAgents; 38ms in InferThetaAndUpdateNwtSparse; 0ms in UpdateCacheEntry; 21ms in CalculateScore(PerplexityScore); 20ms in CalculateScore(^^^ItemsProcessedScore^^^); ]
I0508 12:26:07.720671   524 cuckoo_watch.h:45] 88ms in ProcessBatch(batches/aaaaad.batch) [including 5ms in LoadMessage; 0ms in InitializeSparseNdw; 0ms in InitializeTheta; 0ms in CreateRegularizerAgents; 37ms in InferThetaAndUpdateNwtSparse; 0ms in UpdateCacheEntry; 20ms in CalculateScore(PerplexityScore); 20ms in CalculateScore(^^^ItemsProcessedScore^^^); ]
I0508 12:26:07.723237   523 processor.cc:820] Processor: start processing batch 86dbf7db-8091-4acb-ae24-81149e4211aa into model nwt
I0508 12:26:07.741081   524 processor.cc:740] No data in processing queue, waiting...
I0508 12:26:07.782332   523 processor.cc:925] Processor: complete processing batch 86dbf7db-8091-4acb-ae24-81149e4211aa into model nwt
I0508 12:26:07.783672   523 cuckoo_watch.h:45] 64ms in ProcessBatch(batches/aaaaae.batch) [including 4ms in LoadMessage; 0ms in InitializeSparseNdw; 0ms in InitializeTheta; 0ms in CreateRegularizerAgents; 27ms in InferThetaAndUpdateNwtSparse; 0ms in UpdateCacheEntry; 15ms in CalculateScore(PerplexityScore); 15ms in CalculateScore(^^^ItemsProcessedScore^^^); ]
I0508 12:26:07.783772    59 master_component.cc:1436] RegularizeModelArgs: rwt_target_name=rwt, pwt_source_name=pwt, nwt_source_name=nwt
I0508 12:26:07.783913    59 master_component.cc:976] MasterComponent: start regularizing model pwt
I0508 12:26:07.804760   523 processor.cc:740] No data in processing queue, waiting...
I0508 12:26:07.831787    59 master_component.cc:1002] MasterComponent: complete regularizing model pwt
I0508 12:26:07.831823    59 master_component.cc:1449] NormalizeModelArgs: pwt_target_name=pwt, nwt_source_name=nwt, rwt_source_name=rwt
I0508 12:26:07.831826    59 master_component.cc:1006] MasterComponent: start normalizing model nwt
I0508 12:26:07.884706    59 master_component.cc:1034] MasterComponent: complete normalizing model nwt
I0508 12:26:07.884753    59 master_component.cc:1473] DisposeModel rwt
I0508 12:26:07.890941    59 master_component.cc:1059] FitOffline: ItemsProcessed, num_items=476, num_batches=5, token_weight=160411, token_weight_in_effect=160411
I0508 12:26:07.891203    59 c_interface.cc:389] Pass FitOfflineMasterModelArgs, batch_filename_size=5, batch_weight_size=5, num_collection_passes=1, reset_nwt=yes to MN4artm4core15MasterComponentEFvRKNS_25FitOfflineMasterModelArgsEE
I0508 12:26:07.891225    59 master_component.cc:1398] ProcessBatchesArgs: nwt_target_name=nwt, batch_filename_size=5, batch_size=0, batch_weight_size=5, pwt_source_name=pwt, num_document_passes=10, regularizer=(name:SparseTheta, tau:-0.15), reuse_theta=no, opt_for_avx=yes, predict_class_id=, reset_nwt=yes
I0508 12:26:07.899516   523 processor.cc:747] Processing queue has data, processing started
I0508 12:26:07.899574   524 processor.cc:747] Processing queue has data, processing started
I0508 12:26:07.906602   523 processor.cc:820] Processor: start processing batch 85d6875e-6ee0-4717-a713-f1346c0c1bbc into model nwt
I0508 12:26:07.906551   524 processor.cc:820] Processor: start processing batch 4a9a8c53-a69a-41ba-965a-2007fab7bf12 into model nwt
I0508 12:26:07.989228   524 processor.cc:925] Processor: complete processing batch 4a9a8c53-a69a-41ba-965a-2007fab7bf12 into model nwt
I0508 12:26:07.992103   524 cuckoo_watch.h:45] 92ms in ProcessBatch(batches/aaaaab.batch) [including 6ms in LoadMessage; 0ms in InitializeSparseNdw; 0ms in InitializeTheta; 0ms in CreateRegularizerAgents; 37ms in InferThetaAndUpdateNwtSparse; 0ms in UpdateCacheEntry; 20ms in CalculateScore(PerplexityScore); 20ms in CalculateScore(^^^ItemsProcessedScore^^^); ]
I0508 12:26:07.997237   524 processor.cc:820] Processor: start processing batch 794b7f07-c530-4b97-ad11-dc6a8619bfd0 into model nwt
I0508 12:26:07.998956   523 processor.cc:925] Processor: complete processing batch 85d6875e-6ee0-4717-a713-f1346c0c1bbc into model nwt
I0508 12:26:08.001101   523 cuckoo_watch.h:45] 101ms in ProcessBatch(batches/aaaaaa.batch) [including 7ms in LoadMessage; 0ms in InitializeSparseNdw; 0ms in InitializeTheta; 0ms in CreateRegularizerAgents; 38ms in InferThetaAndUpdateNwtSparse; 0ms in UpdateCacheEntry; 21ms in CalculateScore(PerplexityScore); 31ms in CalculateScore(^^^ItemsProcessedScore^^^); ]
I0508 12:26:08.006218   523 processor.cc:820] Processor: start processing batch cde46639-e6ec-449c-ae0c-4a4744af74d1 into model nwt
I0508 12:26:08.079249   524 processor.cc:925] Processor: complete processing batch 794b7f07-c530-4b97-ad11-dc6a8619bfd0 into model nwt
I0508 12:26:08.081459   524 cuckoo_watch.h:45] 89ms in ProcessBatch(batches/aaaaac.batch) [including 5ms in LoadMessage; 0ms in InitializeSparseNdw; 0ms in InitializeTheta; 0ms in CreateRegularizerAgents; 39ms in InferThetaAndUpdateNwtSparse; 0ms in UpdateCacheEntry; 21ms in CalculateScore(PerplexityScore); 20ms in CalculateScore(^^^ItemsProcessedScore^^^); ]
I0508 12:26:08.085675   523 processor.cc:925] Processor: complete processing batch cde46639-e6ec-449c-ae0c-4a4744af74d1 into model nwt
I0508 12:26:08.086611   524 processor.cc:820] Processor: start processing batch 86dbf7db-8091-4acb-ae24-81149e4211aa into model nwt
I0508 12:26:08.087772   523 cuckoo_watch.h:45] 86ms in ProcessBatch(batches/aaaaad.batch) [including 5ms in LoadMessage; 0ms in InitializeSparseNdw; 0ms in InitializeTheta; 0ms in CreateRegularizerAgents; 38ms in InferThetaAndUpdateNwtSparse; 0ms in UpdateCacheEntry; 20ms in CalculateScore(PerplexityScore); 20ms in CalculateScore(^^^ItemsProcessedScore^^^); ]
I0508 12:26:08.108417   523 processor.cc:740] No data in processing queue, waiting...
I0508 12:26:08.142565   524 processor.cc:925] Processor: complete processing batch 86dbf7db-8091-4acb-ae24-81149e4211aa into model nwt
I0508 12:26:08.143832   524 cuckoo_watch.h:45] 62ms in ProcessBatch(batches/aaaaae.batch) [including 5ms in LoadMessage; 0ms in InitializeSparseNdw; 0ms in InitializeTheta; 0ms in CreateRegularizerAgents; 27ms in InferThetaAndUpdateNwtSparse; 0ms in UpdateCacheEntry; 14ms in CalculateScore(PerplexityScore); 13ms in CalculateScore(^^^ItemsProcessedScore^^^); ]
I0508 12:26:08.144345    59 master_component.cc:1436] RegularizeModelArgs: rwt_target_name=rwt, pwt_source_name=pwt, nwt_source_name=nwt
I0508 12:26:08.144358    59 master_component.cc:976] MasterComponent: start regularizing model pwt
I0508 12:26:08.165877   524 processor.cc:740] No data in processing queue, waiting...
I0508 12:26:08.191040    59 master_component.cc:1002] MasterComponent: complete regularizing model pwt
I0508 12:26:08.191078    59 master_component.cc:1449] NormalizeModelArgs: pwt_target_name=pwt, nwt_source_name=nwt, rwt_source_name=rwt
I0508 12:26:08.191083    59 master_component.cc:1006] MasterComponent: start normalizing model nwt
I0508 12:26:08.237704    59 master_component.cc:1034] MasterComponent: complete normalizing model nwt
I0508 12:26:08.237753    59 master_component.cc:1473] DisposeModel rwt
I0508 12:26:08.244184    59 master_component.cc:1059] FitOffline: ItemsProcessed, num_items=476, num_batches=5, token_weight=160411, token_weight_in_effect=160411
I0508 12:26:08.244455    59 c_interface.cc:389] Pass FitOfflineMasterModelArgs, batch_filename_size=5, batch_weight_size=5, num_collection_passes=1, reset_nwt=yes to MN4artm4core15MasterComponentEFvRKNS_25FitOfflineMasterModelArgsEE
I0508 12:26:08.244482    59 master_component.cc:1398] ProcessBatchesArgs: nwt_target_name=nwt, batch_filename_size=5, batch_size=0, batch_weight_size=5, pwt_source_name=pwt, num_document_passes=10, regularizer=(name:SparseTheta, tau:-0.15), reuse_theta=no, opt_for_avx=yes, predict_class_id=, reset_nwt=yes
I0508 12:26:08.262771   524 processor.cc:747] Processing queue has data, processing started
I0508 12:26:08.263025   523 processor.cc:747] Processing queue has data, processing started
I0508 12:26:08.270941   524 processor.cc:820] Processor: start processing batch 85d6875e-6ee0-4717-a713-f1346c0c1bbc into model nwt
I0508 12:26:08.277755   523 processor.cc:820] Processor: start processing batch 4a9a8c53-a69a-41ba-965a-2007fab7bf12 into model nwt
I0508 12:26:08.349577   524 processor.cc:925] Processor: complete processing batch 85d6875e-6ee0-4717-a713-f1346c0c1bbc into model nwt
I0508 12:26:08.351644   524 cuckoo_watch.h:45] 88ms in ProcessBatch(batches/aaaaaa.batch) [including 8ms in LoadMessage; 0ms in InitializeSparseNdw; 0ms in InitializeTheta; 0ms in CreateRegularizerAgents; 37ms in InferThetaAndUpdateNwtSparse; 0ms in UpdateCacheEntry; 20ms in CalculateScore(PerplexityScore); 20ms in CalculateScore(^^^ItemsProcessedScore^^^); ]
I0508 12:26:08.356278   524 processor.cc:820] Processor: start processing batch 794b7f07-c530-4b97-ad11-dc6a8619bfd0 into model nwt
I0508 12:26:08.356575   523 processor.cc:925] Processor: complete processing batch 4a9a8c53-a69a-41ba-965a-2007fab7bf12 into model nwt
I0508 12:26:08.358626   523 cuckoo_watch.h:45] 95ms in ProcessBatch(batches/aaaaab.batch) [including 7ms in LoadMessage; 0ms in InitializeSparseNdw; 0ms in InitializeTheta; 0ms in CreateRegularizerAgents; 37ms in InferThetaAndUpdateNwtSparse; 0ms in UpdateCacheEntry; 19ms in CalculateScore(PerplexityScore); 21ms in CalculateScore(^^^ItemsProcessedScore^^^); ]
I0508 12:26:08.363421   523 processor.cc:820] Processor: start processing batch cde46639-e6ec-449c-ae0c-4a4744af74d1 into model nwt
I0508 12:26:08.435947   524 processor.cc:925] Processor: complete processing batch 794b7f07-c530-4b97-ad11-dc6a8619bfd0 into model nwt
I0508 12:26:08.437889   523 processor.cc:925] Processor: complete processing batch cde46639-e6ec-449c-ae0c-4a4744af74d1 into model nwt
I0508 12:26:08.437933   524 cuckoo_watch.h:45] 86ms in ProcessBatch(batches/aaaaac.batch) [including 4ms in LoadMessage; 0ms in InitializeSparseNdw; 0ms in InitializeTheta; 0ms in CreateRegularizerAgents; 39ms in InferThetaAndUpdateNwtSparse; 0ms in UpdateCacheEntry; 20ms in CalculateScore(PerplexityScore); 18ms in CalculateScore(^^^ItemsProcessedScore^^^); ]
I0508 12:26:08.440469   523 cuckoo_watch.h:45] 81ms in ProcessBatch(batches/aaaaad.batch) [including 4ms in LoadMessage; 0ms in InitializeSparseNdw; 0ms in InitializeTheta; 0ms in CreateRegularizerAgents; 36ms in InferThetaAndUpdateNwtSparse; 0ms in UpdateCacheEntry; 19ms in CalculateScore(PerplexityScore); 18ms in CalculateScore(^^^ItemsProcessedScore^^^); ]
I0508 12:26:08.442335   524 processor.cc:820] Processor: start processing batch 86dbf7db-8091-4acb-ae24-81149e4211aa into model nwt
I0508 12:26:08.461859   523 processor.cc:740] No data in processing queue, waiting...
I0508 12:26:08.496778   524 processor.cc:925] Processor: complete processing batch 86dbf7db-8091-4acb-ae24-81149e4211aa into model nwt
I0508 12:26:08.497829   524 cuckoo_watch.h:45] 59ms in ProcessBatch(batches/aaaaae.batch) [including 4ms in LoadMessage; 0ms in InitializeSparseNdw; 0ms in InitializeTheta; 0ms in CreateRegularizerAgents; 28ms in InferThetaAndUpdateNwtSparse; 0ms in UpdateCacheEntry; 13ms in CalculateScore(PerplexityScore); 12ms in CalculateScore(^^^ItemsProcessedScore^^^); ]
I0508 12:26:08.497922    59 master_component.cc:1436] RegularizeModelArgs: rwt_target_name=rwt, pwt_source_name=pwt, nwt_source_name=nwt
I0508 12:26:08.497928    59 master_component.cc:976] MasterComponent: start regularizing model pwt
I0508 12:26:08.518306   524 processor.cc:740] No data in processing queue, waiting...
I0508 12:26:08.541291    59 master_component.cc:1002] MasterComponent: complete regularizing model pwt
I0508 12:26:08.541323    59 master_component.cc:1449] NormalizeModelArgs: pwt_target_name=pwt, nwt_source_name=nwt, rwt_source_name=rwt
I0508 12:26:08.541326    59 master_component.cc:1006] MasterComponent: start normalizing model nwt
I0508 12:26:08.586985    59 master_component.cc:1034] MasterComponent: complete normalizing model nwt
I0508 12:26:08.587024    59 master_component.cc:1473] DisposeModel rwt
I0508 12:26:08.592590    59 master_component.cc:1059] FitOffline: ItemsProcessed, num_items=476, num_batches=5, token_weight=160411, token_weight_in_effect=160411
I0508 12:26:08.592855    59 c_interface.cc:389] Pass FitOfflineMasterModelArgs, batch_filename_size=5, batch_weight_size=5, num_collection_passes=1, reset_nwt=yes to MN4artm4core15MasterComponentEFvRKNS_25FitOfflineMasterModelArgsEE
I0508 12:26:08.592876    59 master_component.cc:1398] ProcessBatchesArgs: nwt_target_name=nwt, batch_filename_size=5, batch_size=0, batch_weight_size=5, pwt_source_name=pwt, num_document_passes=10, regularizer=(name:SparseTheta, tau:-0.15), reuse_theta=no, opt_for_avx=yes, predict_class_id=, reset_nwt=yes
I0508 12:26:08.601236   523 processor.cc:747] Processing queue has data, processing started
I0508 12:26:08.601492   524 processor.cc:747] Processing queue has data, processing started
I0508 12:26:08.606690   524 processor.cc:820] Processor: start processing batch 4a9a8c53-a69a-41ba-965a-2007fab7bf12 into model nwt
I0508 12:26:08.607448   523 processor.cc:820] Processor: start processing batch 85d6875e-6ee0-4717-a713-f1346c0c1bbc into model nwt
I0508 12:26:08.685518   523 processor.cc:925] Processor: complete processing batch 85d6875e-6ee0-4717-a713-f1346c0c1bbc into model nwt
I0508 12:26:08.685756   524 processor.cc:925] Processor: complete processing batch 4a9a8c53-a69a-41ba-965a-2007fab7bf12 into model nwt
I0508 12:26:08.687655   523 cuckoo_watch.h:45] 86ms in ProcessBatch(batches/aaaaaa.batch) [including 6ms in LoadMessage; 0ms in InitializeSparseNdw; 0ms in InitializeTheta; 0ms in CreateRegularizerAgents; 37ms in InferThetaAndUpdateNwtSparse; 0ms in UpdateCacheEntry; 20ms in CalculateScore(PerplexityScore); 19ms in CalculateScore(^^^ItemsProcessedScore^^^); ]
I0508 12:26:08.687855   524 cuckoo_watch.h:45] 86ms in ProcessBatch(batches/aaaaab.batch) [including 5ms in LoadMessage; 0ms in InitializeSparseNdw; 0ms in InitializeTheta; 0ms in CreateRegularizerAgents; 37ms in InferThetaAndUpdateNwtSparse; 0ms in UpdateCacheEntry; 21ms in CalculateScore(PerplexityScore); 19ms in CalculateScore(^^^ItemsProcessedScore^^^); ]
I0508 12:26:08.693784   523 processor.cc:820] Processor: start processing batch 794b7f07-c530-4b97-ad11-dc6a8619bfd0 into model nwt
I0508 12:26:08.694281   524 processor.cc:820] Processor: start processing batch cde46639-e6ec-449c-ae0c-4a4744af74d1 into model nwt
I0508 12:26:08.773108   524 processor.cc:925] Processor: complete processing batch cde46639-e6ec-449c-ae0c-4a4744af74d1 into model nwt
I0508 12:26:08.773993   523 processor.cc:925] Processor: complete processing batch 794b7f07-c530-4b97-ad11-dc6a8619bfd0 into model nwt
I0508 12:26:08.775171   524 cuckoo_watch.h:45] 87ms in ProcessBatch(batches/aaaaad.batch) [including 6ms in LoadMessage; 0ms in InitializeSparseNdw; 0ms in InitializeTheta; 0ms in CreateRegularizerAgents; 37ms in InferThetaAndUpdateNwtSparse; 0ms in UpdateCacheEntry; 20ms in CalculateScore(PerplexityScore); 19ms in CalculateScore(^^^ItemsProcessedScore^^^); ]
I0508 12:26:08.776332   523 cuckoo_watch.h:45] 88ms in ProcessBatch(batches/aaaaac.batch) [including 6ms in LoadMessage; 0ms in InitializeSparseNdw; 0ms in InitializeTheta; 0ms in CreateRegularizerAgents; 38ms in InferThetaAndUpdateNwtSparse; 0ms in UpdateCacheEntry; 20ms in CalculateScore(PerplexityScore); 20ms in CalculateScore(^^^ItemsProcessedScore^^^); ]
I0508 12:26:08.778818   524 processor.cc:820] Processor: start processing batch 86dbf7db-8091-4acb-ae24-81149e4211aa into model nwt
I0508 12:26:08.796947   523 processor.cc:740] No data in processing queue, waiting...
I0508 12:26:08.834395   524 processor.cc:925] Processor: complete processing batch 86dbf7db-8091-4acb-ae24-81149e4211aa into model nwt
I0508 12:26:08.835500   524 cuckoo_watch.h:45] 60ms in ProcessBatch(batches/aaaaae.batch) [including 3ms in LoadMessage; 0ms in InitializeSparseNdw; 0ms in InitializeTheta; 0ms in CreateRegularizerAgents; 27ms in InferThetaAndUpdateNwtSparse; 0ms in UpdateCacheEntry; 13ms in CalculateScore(PerplexityScore); 14ms in CalculateScore(^^^ItemsProcessedScore^^^); ]
I0508 12:26:08.836222    59 master_component.cc:1436] RegularizeModelArgs: rwt_target_name=rwt, pwt_source_name=pwt, nwt_source_name=nwt
I0508 12:26:08.836233    59 master_component.cc:976] MasterComponent: start regularizing model pwt
I0508 12:26:08.860978   524 processor.cc:740] No data in processing queue, waiting...
I0508 12:26:08.886296    59 master_component.cc:1002] MasterComponent: complete regularizing model pwt
I0508 12:26:08.886328    59 master_component.cc:1449] NormalizeModelArgs: pwt_target_name=pwt, nwt_source_name=nwt, rwt_source_name=rwt
I0508 12:26:08.886330    59 master_component.cc:1006] MasterComponent: start normalizing model nwt
I0508 12:26:08.932665    59 master_component.cc:1034] MasterComponent: complete normalizing model nwt
I0508 12:26:08.932704    59 master_component.cc:1473] DisposeModel rwt
I0508 12:26:08.939254    59 master_component.cc:1059] FitOffline: ItemsProcessed, num_items=476, num_batches=5, token_weight=160411, token_weight_in_effect=160411
I0508 12:26:08.939517    59 c_interface.cc:389] Pass FitOfflineMasterModelArgs, batch_filename_size=5, batch_weight_size=5, num_collection_passes=1, reset_nwt=yes to MN4artm4core15MasterComponentEFvRKNS_25FitOfflineMasterModelArgsEE
I0508 12:26:08.939539    59 master_component.cc:1398] ProcessBatchesArgs: nwt_target_name=nwt, batch_filename_size=5, batch_size=0, batch_weight_size=5, pwt_source_name=pwt, num_document_passes=10, regularizer=(name:SparseTheta, tau:-0.15), reuse_theta=no, opt_for_avx=yes, predict_class_id=, reset_nwt=yes
I0508 12:26:08.948050   524 processor.cc:747] Processing queue has data, processing started
I0508 12:26:08.948093   523 processor.cc:747] Processing queue has data, processing started
I0508 12:26:08.953792   523 processor.cc:820] Processor: start processing batch 4a9a8c53-a69a-41ba-965a-2007fab7bf12 into model nwt
I0508 12:26:08.954813   524 processor.cc:820] Processor: start processing batch 85d6875e-6ee0-4717-a713-f1346c0c1bbc into model nwt
I0508 12:26:09.032904   524 processor.cc:925] Processor: complete processing batch 85d6875e-6ee0-4717-a713-f1346c0c1bbc into model nwt
I0508 12:26:09.033617   523 processor.cc:925] Processor: complete processing batch 4a9a8c53-a69a-41ba-965a-2007fab7bf12 into model nwt
I0508 12:26:09.034997   524 cuckoo_watch.h:45] 86ms in ProcessBatch(batches/aaaaaa.batch) [including 6ms in LoadMessage; 0ms in InitializeSparseNdw; 0ms in InitializeTheta; 0ms in CreateRegularizerAgents; 37ms in InferThetaAndUpdateNwtSparse; 0ms in UpdateCacheEntry; 20ms in CalculateScore(PerplexityScore); 19ms in CalculateScore(^^^ItemsProcessedScore^^^); ]
I0508 12:26:09.035696   523 cuckoo_watch.h:45] 87ms in ProcessBatch(batches/aaaaab.batch) [including 5ms in LoadMessage; 0ms in InitializeSparseNdw; 0ms in InitializeTheta; 0ms in CreateRegularizerAgents; 38ms in InferThetaAndUpdateNwtSparse; 0ms in UpdateCacheEntry; 21ms in CalculateScore(PerplexityScore); 19ms in CalculateScore(^^^ItemsProcessedScore^^^); ]
I0508 12:26:09.040419   523 processor.cc:820] Processor: start processing batch cde46639-e6ec-449c-ae0c-4a4744af74d1 into model nwt
I0508 12:26:09.041251   524 processor.cc:820] Processor: start processing batch 794b7f07-c530-4b97-ad11-dc6a8619bfd0 into model nwt
I0508 12:26:09.121215   524 processor.cc:925] Processor: complete processing batch 794b7f07-c530-4b97-ad11-dc6a8619bfd0 into model nwt
I0508 12:26:09.123239   524 cuckoo_watch.h:45] 88ms in ProcessBatch(batches/aaaaac.batch) [including 6ms in LoadMessage; 0ms in InitializeSparseNdw; 0ms in InitializeTheta; 0ms in CreateRegularizerAgents; 38ms in InferThetaAndUpdateNwtSparse; 0ms in UpdateCacheEntry; 20ms in CalculateScore(PerplexityScore); 19ms in CalculateScore(^^^ItemsProcessedScore^^^); ]
I0508 12:26:09.123692   523 processor.cc:925] Processor: complete processing batch cde46639-e6ec-449c-ae0c-4a4744af74d1 into model nwt
I0508 12:26:09.125823   523 cuckoo_watch.h:45] 90ms in ProcessBatch(batches/aaaaad.batch) [including 4ms in LoadMessage; 0ms in InitializeSparseNdw; 0ms in InitializeTheta; 0ms in CreateRegularizerAgents; 40ms in InferThetaAndUpdateNwtSparse; 0ms in UpdateCacheEntry; 22ms in CalculateScore(PerplexityScore); 19ms in CalculateScore(^^^ItemsProcessedScore^^^); ]
I0508 12:26:09.127416   524 processor.cc:820] Processor: start processing batch 86dbf7db-8091-4acb-ae24-81149e4211aa into model nwt
I0508 12:26:09.146620   523 processor.cc:740] No data in processing queue, waiting...
I0508 12:26:09.181756   524 processor.cc:925] Processor: complete processing batch 86dbf7db-8091-4acb-ae24-81149e4211aa into model nwt
I0508 12:26:09.182802   524 cuckoo_watch.h:45] 59ms in ProcessBatch(batches/aaaaae.batch) [including 4ms in LoadMessage; 0ms in InitializeSparseNdw; 0ms in InitializeTheta; 0ms in CreateRegularizerAgents; 27ms in InferThetaAndUpdateNwtSparse; 0ms in UpdateCacheEntry; 13ms in CalculateScore(PerplexityScore); 12ms in CalculateScore(^^^ItemsProcessedScore^^^); ]
I0508 12:26:09.183686    59 master_component.cc:1436] RegularizeModelArgs: rwt_target_name=rwt, pwt_source_name=pwt, nwt_source_name=nwt
I0508 12:26:09.183694    59 master_component.cc:976] MasterComponent: start regularizing model pwt
I0508 12:26:09.203713   524 processor.cc:740] No data in processing queue, waiting...
I0508 12:26:09.227974    59 master_component.cc:1002] MasterComponent: complete regularizing model pwt
I0508 12:26:09.228008    59 master_component.cc:1449] NormalizeModelArgs: pwt_target_name=pwt, nwt_source_name=nwt, rwt_source_name=rwt
I0508 12:26:09.228010    59 master_component.cc:1006] MasterComponent: start normalizing model nwt
I0508 12:26:09.274808    59 master_component.cc:1034] MasterComponent: complete normalizing model nwt
I0508 12:26:09.274854    59 master_component.cc:1473] DisposeModel rwt
I0508 12:26:09.281715    59 master_component.cc:1059] FitOffline: ItemsProcessed, num_items=476, num_batches=5, token_weight=160411, token_weight_in_effect=160411
I0508 12:26:09.281996    59 c_interface.cc:389] Pass FitOfflineMasterModelArgs, batch_filename_size=5, batch_weight_size=5, num_collection_passes=1, reset_nwt=yes to MN4artm4core15MasterComponentEFvRKNS_25FitOfflineMasterModelArgsEE
I0508 12:26:09.282021    59 master_component.cc:1398] ProcessBatchesArgs: nwt_target_name=nwt, batch_filename_size=5, batch_size=0, batch_weight_size=5, pwt_source_name=pwt, num_document_passes=10, regularizer=(name:SparseTheta, tau:-0.15), reuse_theta=no, opt_for_avx=yes, predict_class_id=, reset_nwt=yes
I0508 12:26:09.290184   523 processor.cc:747] Processing queue has data, processing started
I0508 12:26:09.290454   524 processor.cc:747] Processing queue has data, processing started
I0508 12:26:09.298139   524 processor.cc:820] Processor: start processing batch 4a9a8c53-a69a-41ba-965a-2007fab7bf12 into model nwt
I0508 12:26:09.298084   523 processor.cc:820] Processor: start processing batch 85d6875e-6ee0-4717-a713-f1346c0c1bbc into model nwt
I0508 12:26:09.375842   523 processor.cc:925] Processor: complete processing batch 85d6875e-6ee0-4717-a713-f1346c0c1bbc into model nwt
I0508 12:26:09.377899   523 cuckoo_watch.h:45] 87ms in ProcessBatch(batches/aaaaaa.batch) [including 7ms in LoadMessage; 0ms in InitializeSparseNdw; 0ms in InitializeTheta; 0ms in CreateRegularizerAgents; 37ms in InferThetaAndUpdateNwtSparse; 0ms in UpdateCacheEntry; 20ms in CalculateScore(PerplexityScore); 19ms in CalculateScore(^^^ItemsProcessedScore^^^); ]
I0508 12:26:09.382802   524 processor.cc:925] Processor: complete processing batch 4a9a8c53-a69a-41ba-965a-2007fab7bf12 into model nwt
I0508 12:26:09.383517   523 processor.cc:820] Processor: start processing batch 794b7f07-c530-4b97-ad11-dc6a8619bfd0 into model nwt
I0508 12:26:09.384826   524 cuckoo_watch.h:45] 94ms in ProcessBatch(batches/aaaaab.batch) [including 7ms in LoadMessage; 6ms in InitializeSparseNdw; 0ms in InitializeTheta; 0ms in CreateRegularizerAgents; 38ms in InferThetaAndUpdateNwtSparse; 0ms in UpdateCacheEntry; 20ms in CalculateScore(PerplexityScore); 19ms in CalculateScore(^^^ItemsProcessedScore^^^); ]
I0508 12:26:09.389353   524 processor.cc:820] Processor: start processing batch cde46639-e6ec-449c-ae0c-4a4744af74d1 into model nwt
I0508 12:26:09.467648   523 processor.cc:925] Processor: complete processing batch 794b7f07-c530-4b97-ad11-dc6a8619bfd0 into model nwt
I0508 12:26:09.468653   524 processor.cc:925] Processor: complete processing batch cde46639-e6ec-449c-ae0c-4a4744af74d1 into model nwt
I0508 12:26:09.469936   523 cuckoo_watch.h:45] 91ms in ProcessBatch(batches/aaaaac.batch) [including 5ms in LoadMessage; 0ms in InitializeSparseNdw; 0ms in InitializeTheta; 0ms in CreateRegularizerAgents; 41ms in InferThetaAndUpdateNwtSparse; 0ms in UpdateCacheEntry; 20ms in CalculateScore(PerplexityScore); 21ms in CalculateScore(^^^ItemsProcessedScore^^^); ]
I0508 12:26:09.471011   524 cuckoo_watch.h:45] 86ms in ProcessBatch(batches/aaaaad.batch) [including 4ms in LoadMessage; 0ms in InitializeSparseNdw; 0ms in InitializeTheta; 0ms in CreateRegularizerAgents; 38ms in InferThetaAndUpdateNwtSparse; 0ms in UpdateCacheEntry; 20ms in CalculateScore(PerplexityScore); 20ms in CalculateScore(^^^ItemsProcessedScore^^^); ]
I0508 12:26:09.473749   523 processor.cc:820] Processor: start processing batch 86dbf7db-8091-4acb-ae24-81149e4211aa into model nwt
I0508 12:26:09.491755   524 processor.cc:740] No data in processing queue, waiting...
I0508 12:26:09.529625   523 processor.cc:925] Processor: complete processing batch 86dbf7db-8091-4acb-ae24-81149e4211aa into model nwt
I0508 12:26:09.531754   523 cuckoo_watch.h:45] 61ms in ProcessBatch(batches/aaaaae.batch) [including 3ms in LoadMessage; 0ms in InitializeSparseNdw; 0ms in InitializeTheta; 0ms in CreateRegularizerAgents; 26ms in InferThetaAndUpdateNwtSparse; 0ms in UpdateCacheEntry; 13ms in CalculateScore(PerplexityScore); 14ms in CalculateScore(^^^ItemsProcessedScore^^^); ]
I0508 12:26:09.531968    59 master_component.cc:1436] RegularizeModelArgs: rwt_target_name=rwt, pwt_source_name=pwt, nwt_source_name=nwt
I0508 12:26:09.531975    59 master_component.cc:976] MasterComponent: start regularizing model pwt
I0508 12:26:09.552748   523 processor.cc:740] No data in processing queue, waiting...
I0508 12:26:09.575338    59 master_component.cc:1002] MasterComponent: complete regularizing model pwt
I0508 12:26:09.575369    59 master_component.cc:1449] NormalizeModelArgs: pwt_target_name=pwt, nwt_source_name=nwt, rwt_source_name=rwt
I0508 12:26:09.575372    59 master_component.cc:1006] MasterComponent: start normalizing model nwt
I0508 12:26:09.633558    59 master_component.cc:1034] MasterComponent: complete normalizing model nwt
I0508 12:26:09.633602    59 master_component.cc:1473] DisposeModel rwt
I0508 12:26:09.640282    59 master_component.cc:1059] FitOffline: ItemsProcessed, num_items=476, num_batches=5, token_weight=160411, token_weight_in_effect=160411
I0508 12:26:09.640547    59 c_interface.cc:389] Pass FitOfflineMasterModelArgs, batch_filename_size=5, batch_weight_size=5, num_collection_passes=1, reset_nwt=yes to MN4artm4core15MasterComponentEFvRKNS_25FitOfflineMasterModelArgsEE
I0508 12:26:09.640568    59 master_component.cc:1398] ProcessBatchesArgs: nwt_target_name=nwt, batch_filename_size=5, batch_size=0, batch_weight_size=5, pwt_source_name=pwt, num_document_passes=10, regularizer=(name:SparseTheta, tau:-0.15), reuse_theta=no, opt_for_avx=yes, predict_class_id=, reset_nwt=yes
I0508 12:26:09.648841   523 processor.cc:747] Processing queue has data, processing started
I0508 12:26:09.648896   524 processor.cc:747] Processing queue has data, processing started
I0508 12:26:09.655227   523 processor.cc:820] Processor: start processing batch 85d6875e-6ee0-4717-a713-f1346c0c1bbc into model nwt
I0508 12:26:09.655962   524 processor.cc:820] Processor: start processing batch 4a9a8c53-a69a-41ba-965a-2007fab7bf12 into model nwt
I0508 12:26:09.733495   524 processor.cc:925] Processor: complete processing batch 4a9a8c53-a69a-41ba-965a-2007fab7bf12 into model nwt
I0508 12:26:09.734306   523 processor.cc:925] Processor: complete processing batch 85d6875e-6ee0-4717-a713-f1346c0c1bbc into model nwt
I0508 12:26:09.735532   524 cuckoo_watch.h:45] 86ms in ProcessBatch(batches/aaaaab.batch) [including 6ms in LoadMessage; 0ms in InitializeSparseNdw; 0ms in InitializeTheta; 0ms in CreateRegularizerAgents; 37ms in InferThetaAndUpdateNwtSparse; 0ms in UpdateCacheEntry; 20ms in CalculateScore(PerplexityScore); 19ms in CalculateScore(^^^ItemsProcessedScore^^^); ]
I0508 12:26:09.736534   523 cuckoo_watch.h:45] 87ms in ProcessBatch(batches/aaaaaa.batch) [including 6ms in LoadMessage; 0ms in InitializeSparseNdw; 0ms in InitializeTheta; 0ms in CreateRegularizerAgents; 38ms in InferThetaAndUpdateNwtSparse; 0ms in UpdateCacheEntry; 20ms in CalculateScore(PerplexityScore); 19ms in CalculateScore(^^^ItemsProcessedScore^^^); ]
I0508 12:26:09.741503   523 processor.cc:820] Processor: start processing batch cde46639-e6ec-449c-ae0c-4a4744af74d1 into model nwt
I0508 12:26:09.741930   524 processor.cc:820] Processor: start processing batch 794b7f07-c530-4b97-ad11-dc6a8619bfd0 into model nwt
I0508 12:26:09.822325   524 processor.cc:925] Processor: complete processing batch 794b7f07-c530-4b97-ad11-dc6a8619bfd0 into model nwt
I0508 12:26:09.822594   523 processor.cc:925] Processor: complete processing batch cde46639-e6ec-449c-ae0c-4a4744af74d1 into model nwt
I0508 12:26:09.824465   524 cuckoo_watch.h:45] 88ms in ProcessBatch(batches/aaaaac.batch) [including 6ms in LoadMessage; 0ms in InitializeSparseNdw; 0ms in InitializeTheta; 0ms in CreateRegularizerAgents; 37ms in InferThetaAndUpdateNwtSparse; 0ms in UpdateCacheEntry; 20ms in CalculateScore(PerplexityScore); 20ms in CalculateScore(^^^ItemsProcessedScore^^^); ]
I0508 12:26:09.824606   523 cuckoo_watch.h:45] 88ms in ProcessBatch(batches/aaaaad.batch) [including 4ms in LoadMessage; 0ms in InitializeSparseNdw; 0ms in InitializeTheta; 0ms in CreateRegularizerAgents; 38ms in InferThetaAndUpdateNwtSparse; 0ms in UpdateCacheEntry; 21ms in CalculateScore(PerplexityScore); 21ms in CalculateScore(^^^ItemsProcessedScore^^^); ]
