I0508 12:29:30.261034   575 cuckoo_watch.h:45] 53ms in ProcessBatch(batches/aaaaae.batch) [including 3ms in LoadMessage; 0ms in InitializeSparseNdw; 0ms in InitializeTheta; 0ms in CreateRegularizerAgents; 24ms in InferThetaAndUpdateNwtSparse; 0ms in UpdateCacheEntry; 13ms in CalculateScore(PerplexityScore); 11ms in CalculateScore(^^^ItemsProcessedScore^^^); ]
I0508 12:29:30.261839    59 master_component.cc:1436] RegularizeModelArgs: rwt_target_name=rwt, pwt_source_name=pwt, nwt_source_name=nwt
I0508 12:29:30.261849    59 master_component.cc:976] MasterComponent: start regularizing model pwt
I0508 12:29:30.281760   575 processor.cc:740] No data in processing queue, waiting...
I0508 12:29:30.299082    59 master_component.cc:1002] MasterComponent: complete regularizing model pwt
I0508 12:29:30.299118    59 master_component.cc:1449] NormalizeModelArgs: pwt_target_name=pwt, nwt_source_name=nwt, rwt_source_name=rwt
I0508 12:29:30.299121    59 master_component.cc:1006] MasterComponent: start normalizing model nwt
I0508 12:29:30.333598    59 master_component.cc:1034] MasterComponent: complete normalizing model nwt
I0508 12:29:30.333637    59 master_component.cc:1473] DisposeModel rwt
I0508 12:29:30.337980    59 master_component.cc:1059] FitOffline: ItemsProcessed, num_items=476, num_batches=5, token_weight=160411, token_weight_in_effect=160411
I0508 12:29:30.338227    59 c_interface.cc:389] Pass FitOfflineMasterModelArgs, batch_filename_size=5, batch_weight_size=5, num_collection_passes=1, reset_nwt=yes to MN4artm4core15MasterComponentEFvRKNS_25FitOfflineMasterModelArgsEE
I0508 12:29:30.338248    59 master_component.cc:1398] ProcessBatchesArgs: nwt_target_name=nwt, batch_filename_size=5, batch_size=0, batch_weight_size=5, pwt_source_name=pwt, num_document_passes=10, regularizer=(name:SparseTheta, tau:-0.15), reuse_theta=no, opt_for_avx=yes, predict_class_id=, reset_nwt=yes
I0508 12:29:30.345260   575 processor.cc:747] Processing queue has data, processing started
I0508 12:29:30.345506   574 processor.cc:747] Processing queue has data, processing started
I0508 12:29:30.352543   574 processor.cc:820] Processor: start processing batch 4a9a8c53-a69a-41ba-965a-2007fab7bf12 into model nwt
I0508 12:29:30.352681   575 processor.cc:820] Processor: start processing batch 85d6875e-6ee0-4717-a713-f1346c0c1bbc into model nwt
I0508 12:29:30.422983   575 processor.cc:925] Processor: complete processing batch 85d6875e-6ee0-4717-a713-f1346c0c1bbc into model nwt
I0508 12:29:30.424831   574 processor.cc:925] Processor: complete processing batch 4a9a8c53-a69a-41ba-965a-2007fab7bf12 into model nwt
I0508 12:29:30.424825   575 cuckoo_watch.h:45] 79ms in ProcessBatch(batches/aaaaaa.batch) [including 7ms in LoadMessage; 0ms in InitializeSparseNdw; 0ms in InitializeTheta; 0ms in CreateRegularizerAgents; 34ms in InferThetaAndUpdateNwtSparse; 0ms in UpdateCacheEntry; 17ms in CalculateScore(PerplexityScore); 17ms in CalculateScore(^^^ItemsProcessedScore^^^); ]
I0508 12:29:30.427611   574 cuckoo_watch.h:45] 82ms in ProcessBatch(batches/aaaaab.batch) [including 7ms in LoadMessage; 0ms in InitializeSparseNdw; 0ms in InitializeTheta; 0ms in CreateRegularizerAgents; 33ms in InferThetaAndUpdateNwtSparse; 0ms in UpdateCacheEntry; 17ms in CalculateScore(PerplexityScore); 20ms in CalculateScore(^^^ItemsProcessedScore^^^); ]
I0508 12:29:30.429410   575 processor.cc:820] Processor: start processing batch 794b7f07-c530-4b97-ad11-dc6a8619bfd0 into model nwt
I0508 12:29:30.432101   574 processor.cc:820] Processor: start processing batch cde46639-e6ec-449c-ae0c-4a4744af74d1 into model nwt
I0508 12:29:30.499150   574 processor.cc:925] Processor: complete processing batch cde46639-e6ec-449c-ae0c-4a4744af74d1 into model nwt
I0508 12:29:30.500564   575 processor.cc:925] Processor: complete processing batch 794b7f07-c530-4b97-ad11-dc6a8619bfd0 into model nwt
I0508 12:29:30.500699   574 cuckoo_watch.h:45] 73ms in ProcessBatch(batches/aaaaad.batch) [including 4ms in LoadMessage; 0ms in InitializeSparseNdw; 0ms in InitializeTheta; 0ms in CreateRegularizerAgents; 32ms in InferThetaAndUpdateNwtSparse; 0ms in UpdateCacheEntry; 17ms in CalculateScore(PerplexityScore); 15ms in CalculateScore(^^^ItemsProcessedScore^^^); ]
I0508 12:29:30.502599   575 cuckoo_watch.h:45] 77ms in ProcessBatch(batches/aaaaac.batch) [including 4ms in LoadMessage; 0ms in InitializeSparseNdw; 0ms in InitializeTheta; 0ms in CreateRegularizerAgents; 35ms in InferThetaAndUpdateNwtSparse; 0ms in UpdateCacheEntry; 18ms in CalculateScore(PerplexityScore); 16ms in CalculateScore(^^^ItemsProcessedScore^^^); ]
I0508 12:29:30.504098   574 processor.cc:820] Processor: start processing batch 86dbf7db-8091-4acb-ae24-81149e4211aa into model nwt
I0508 12:29:30.523216   575 processor.cc:740] No data in processing queue, waiting...
I0508 12:29:30.552254   574 processor.cc:925] Processor: complete processing batch 86dbf7db-8091-4acb-ae24-81149e4211aa into model nwt
I0508 12:29:30.553037   574 cuckoo_watch.h:45] 52ms in ProcessBatch(batches/aaaaae.batch) [including 3ms in LoadMessage; 0ms in InitializeSparseNdw; 0ms in InitializeTheta; 0ms in CreateRegularizerAgents; 23ms in InferThetaAndUpdateNwtSparse; 0ms in UpdateCacheEntry; 13ms in CalculateScore(PerplexityScore); 10ms in CalculateScore(^^^ItemsProcessedScore^^^); ]
I0508 12:29:30.553692    59 master_component.cc:1436] RegularizeModelArgs: rwt_target_name=rwt, pwt_source_name=pwt, nwt_source_name=nwt
I0508 12:29:30.553701    59 master_component.cc:976] MasterComponent: start regularizing model pwt
I0508 12:29:30.574206   574 processor.cc:740] No data in processing queue, waiting...
I0508 12:29:30.591022    59 master_component.cc:1002] MasterComponent: complete regularizing model pwt
I0508 12:29:30.591053    59 master_component.cc:1449] NormalizeModelArgs: pwt_target_name=pwt, nwt_source_name=nwt, rwt_source_name=rwt
I0508 12:29:30.591055    59 master_component.cc:1006] MasterComponent: start normalizing model nwt
I0508 12:29:30.626317    59 master_component.cc:1034] MasterComponent: complete normalizing model nwt
I0508 12:29:30.626354    59 master_component.cc:1473] DisposeModel rwt
I0508 12:29:30.631165    59 master_component.cc:1059] FitOffline: ItemsProcessed, num_items=476, num_batches=5, token_weight=160411, token_weight_in_effect=160411
I0508 12:29:30.631397    59 c_interface.cc:389] Pass FitOfflineMasterModelArgs, batch_filename_size=5, batch_weight_size=5, num_collection_passes=1, reset_nwt=yes to MN4artm4core15MasterComponentEFvRKNS_25FitOfflineMasterModelArgsEE
I0508 12:29:30.631417    59 master_component.cc:1398] ProcessBatchesArgs: nwt_target_name=nwt, batch_filename_size=5, batch_size=0, batch_weight_size=5, pwt_source_name=pwt, num_document_passes=10, regularizer=(name:SparseTheta, tau:-0.15), reuse_theta=no, opt_for_avx=yes, predict_class_id=, reset_nwt=yes
I0508 12:29:30.638468   575 processor.cc:747] Processing queue has data, processing started
I0508 12:29:30.638762   574 processor.cc:747] Processing queue has data, processing started
I0508 12:29:30.643091   575 processor.cc:820] Processor: start processing batch 85d6875e-6ee0-4717-a713-f1346c0c1bbc into model nwt
I0508 12:29:30.644591   574 processor.cc:820] Processor: start processing batch 4a9a8c53-a69a-41ba-965a-2007fab7bf12 into model nwt
I0508 12:29:30.716262   574 processor.cc:925] Processor: complete processing batch 4a9a8c53-a69a-41ba-965a-2007fab7bf12 into model nwt
I0508 12:29:30.716948   575 processor.cc:925] Processor: complete processing batch 85d6875e-6ee0-4717-a713-f1346c0c1bbc into model nwt
I0508 12:29:30.718060   574 cuckoo_watch.h:45] 79ms in ProcessBatch(batches/aaaaab.batch) [including 5ms in LoadMessage; 0ms in InitializeSparseNdw; 0ms in InitializeTheta; 0ms in CreateRegularizerAgents; 34ms in InferThetaAndUpdateNwtSparse; 0ms in UpdateCacheEntry; 19ms in CalculateScore(PerplexityScore); 17ms in CalculateScore(^^^ItemsProcessedScore^^^); ]
I0508 12:29:30.718905   575 cuckoo_watch.h:45] 80ms in ProcessBatch(batches/aaaaaa.batch) [including 4ms in LoadMessage; 0ms in InitializeSparseNdw; 0ms in InitializeTheta; 0ms in CreateRegularizerAgents; 35ms in InferThetaAndUpdateNwtSparse; 0ms in UpdateCacheEntry; 19ms in CalculateScore(PerplexityScore); 17ms in CalculateScore(^^^ItemsProcessedScore^^^); ]
I0508 12:29:30.723119   575 processor.cc:820] Processor: start processing batch cde46639-e6ec-449c-ae0c-4a4744af74d1 into model nwt
I0508 12:29:30.723606   574 processor.cc:820] Processor: start processing batch 794b7f07-c530-4b97-ad11-dc6a8619bfd0 into model nwt
I0508 12:29:30.797664   574 processor.cc:925] Processor: complete processing batch 794b7f07-c530-4b97-ad11-dc6a8619bfd0 into model nwt
I0508 12:29:30.798276   575 processor.cc:925] Processor: complete processing batch cde46639-e6ec-449c-ae0c-4a4744af74d1 into model nwt
I0508 12:29:30.799428   574 cuckoo_watch.h:45] 81ms in ProcessBatch(batches/aaaaac.batch) [including 5ms in LoadMessage; 0ms in InitializeSparseNdw; 0ms in InitializeTheta; 0ms in CreateRegularizerAgents; 34ms in InferThetaAndUpdateNwtSparse; 0ms in UpdateCacheEntry; 19ms in CalculateScore(PerplexityScore); 19ms in CalculateScore(^^^ItemsProcessedScore^^^); ]
I0508 12:29:30.800321   575 cuckoo_watch.h:45] 81ms in ProcessBatch(batches/aaaaad.batch) [including 4ms in LoadMessage; 0ms in InitializeSparseNdw; 0ms in InitializeTheta; 0ms in CreateRegularizerAgents; 35ms in InferThetaAndUpdateNwtSparse; 0ms in UpdateCacheEntry; 19ms in CalculateScore(PerplexityScore); 19ms in CalculateScore(^^^ItemsProcessedScore^^^); ]
I0508 12:29:30.803269   574 processor.cc:820] Processor: start processing batch 86dbf7db-8091-4acb-ae24-81149e4211aa into model nwt
I0508 12:29:30.820701   575 processor.cc:740] No data in processing queue, waiting...
I0508 12:29:30.855672   574 processor.cc:925] Processor: complete processing batch 86dbf7db-8091-4acb-ae24-81149e4211aa into model nwt
I0508 12:29:30.856705   574 cuckoo_watch.h:45] 57ms in ProcessBatch(batches/aaaaae.batch) [including 3ms in LoadMessage; 0ms in InitializeSparseNdw; 0ms in InitializeTheta; 0ms in CreateRegularizerAgents; 25ms in InferThetaAndUpdateNwtSparse; 0ms in UpdateCacheEntry; 14ms in CalculateScore(PerplexityScore); 11ms in CalculateScore(^^^ItemsProcessedScore^^^); ]
I0508 12:29:30.857537    59 master_component.cc:1436] RegularizeModelArgs: rwt_target_name=rwt, pwt_source_name=pwt, nwt_source_name=nwt
I0508 12:29:30.857548    59 master_component.cc:976] MasterComponent: start regularizing model pwt
I0508 12:29:30.877499   574 processor.cc:740] No data in processing queue, waiting...
I0508 12:29:30.894898    59 master_component.cc:1002] MasterComponent: complete regularizing model pwt
I0508 12:29:30.894927    59 master_component.cc:1449] NormalizeModelArgs: pwt_target_name=pwt, nwt_source_name=nwt, rwt_source_name=rwt
I0508 12:29:30.894929    59 master_component.cc:1006] MasterComponent: start normalizing model nwt
I0508 12:29:30.938369    59 master_component.cc:1034] MasterComponent: complete normalizing model nwt
I0508 12:29:30.938406    59 master_component.cc:1473] DisposeModel rwt
I0508 12:29:30.943087    59 master_component.cc:1059] FitOffline: ItemsProcessed, num_items=476, num_batches=5, token_weight=160411, token_weight_in_effect=160411
I0508 12:29:30.943326    59 c_interface.cc:389] Pass FitOfflineMasterModelArgs, batch_filename_size=5, batch_weight_size=5, num_collection_passes=1, reset_nwt=yes to MN4artm4core15MasterComponentEFvRKNS_25FitOfflineMasterModelArgsEE
I0508 12:29:30.943351    59 master_component.cc:1398] ProcessBatchesArgs: nwt_target_name=nwt, batch_filename_size=5, batch_size=0, batch_weight_size=5, pwt_source_name=pwt, num_document_passes=10, regularizer=(name:SparseTheta, tau:-0.15), reuse_theta=no, opt_for_avx=yes, predict_class_id=, reset_nwt=yes
I0508 12:29:30.950587   575 processor.cc:747] Processing queue has data, processing started
I0508 12:29:30.950642   574 processor.cc:747] Processing queue has data, processing started
I0508 12:29:30.956282   575 processor.cc:820] Processor: start processing batch 85d6875e-6ee0-4717-a713-f1346c0c1bbc into model nwt
I0508 12:29:30.956786   574 processor.cc:820] Processor: start processing batch 4a9a8c53-a69a-41ba-965a-2007fab7bf12 into model nwt
I0508 12:29:31.031322   574 processor.cc:925] Processor: complete processing batch 4a9a8c53-a69a-41ba-965a-2007fab7bf12 into model nwt
I0508 12:29:31.033185   574 cuckoo_watch.h:45] 82ms in ProcessBatch(batches/aaaaab.batch) [including 6ms in LoadMessage; 0ms in InitializeSparseNdw; 0ms in InitializeTheta; 0ms in CreateRegularizerAgents; 36ms in InferThetaAndUpdateNwtSparse; 0ms in UpdateCacheEntry; 19ms in CalculateScore(PerplexityScore); 18ms in CalculateScore(^^^ItemsProcessedScore^^^); ]
I0508 12:29:31.035604   575 processor.cc:925] Processor: complete processing batch 85d6875e-6ee0-4717-a713-f1346c0c1bbc into model nwt
I0508 12:29:31.037604   575 cuckoo_watch.h:45] 86ms in ProcessBatch(batches/aaaaaa.batch) [including 5ms in LoadMessage; 0ms in InitializeSparseNdw; 0ms in InitializeTheta; 0ms in CreateRegularizerAgents; 42ms in InferThetaAndUpdateNwtSparse; 0ms in UpdateCacheEntry; 18ms in CalculateScore(PerplexityScore); 18ms in CalculateScore(^^^ItemsProcessedScore^^^); ]
I0508 12:29:31.038158   574 processor.cc:820] Processor: start processing batch 794b7f07-c530-4b97-ad11-dc6a8619bfd0 into model nwt
I0508 12:29:31.042026   575 processor.cc:820] Processor: start processing batch cde46639-e6ec-449c-ae0c-4a4744af74d1 into model nwt
I0508 12:29:31.112896   574 processor.cc:925] Processor: complete processing batch 794b7f07-c530-4b97-ad11-dc6a8619bfd0 into model nwt
I0508 12:29:31.115047   574 cuckoo_watch.h:45] 81ms in ProcessBatch(batches/aaaaac.batch) [including 4ms in LoadMessage; 0ms in InitializeSparseNdw; 0ms in InitializeTheta; 0ms in CreateRegularizerAgents; 37ms in InferThetaAndUpdateNwtSparse; 0ms in UpdateCacheEntry; 19ms in CalculateScore(PerplexityScore); 17ms in CalculateScore(^^^ItemsProcessedScore^^^); ]
I0508 12:29:31.117183   575 processor.cc:925] Processor: complete processing batch cde46639-e6ec-449c-ae0c-4a4744af74d1 into model nwt
I0508 12:29:31.119356   575 cuckoo_watch.h:45] 81ms in ProcessBatch(batches/aaaaad.batch) [including 4ms in LoadMessage; 0ms in InitializeSparseNdw; 0ms in InitializeTheta; 0ms in CreateRegularizerAgents; 35ms in InferThetaAndUpdateNwtSparse; 0ms in UpdateCacheEntry; 21ms in CalculateScore(PerplexityScore); 18ms in CalculateScore(^^^ItemsProcessedScore^^^); ]
I0508 12:29:31.119359   574 processor.cc:820] Processor: start processing batch 86dbf7db-8091-4acb-ae24-81149e4211aa into model nwt
I0508 12:29:31.139967   575 processor.cc:740] No data in processing queue, waiting...
I0508 12:29:31.167315   574 processor.cc:925] Processor: complete processing batch 86dbf7db-8091-4acb-ae24-81149e4211aa into model nwt
I0508 12:29:31.168509   574 cuckoo_watch.h:45] 53ms in ProcessBatch(batches/aaaaae.batch) [including 4ms in LoadMessage; 0ms in InitializeSparseNdw; 0ms in InitializeTheta; 0ms in CreateRegularizerAgents; 23ms in InferThetaAndUpdateNwtSparse; 0ms in UpdateCacheEntry; 12ms in CalculateScore(PerplexityScore); 11ms in CalculateScore(^^^ItemsProcessedScore^^^); ]
I0508 12:29:31.168946    59 master_component.cc:1436] RegularizeModelArgs: rwt_target_name=rwt, pwt_source_name=pwt, nwt_source_name=nwt
I0508 12:29:31.168956    59 master_component.cc:976] MasterComponent: start regularizing model pwt
I0508 12:29:31.189153   574 processor.cc:740] No data in processing queue, waiting...
I0508 12:29:31.209664    59 master_component.cc:1002] MasterComponent: complete regularizing model pwt
I0508 12:29:31.209705    59 master_component.cc:1449] NormalizeModelArgs: pwt_target_name=pwt, nwt_source_name=nwt, rwt_source_name=rwt
I0508 12:29:31.209708    59 master_component.cc:1006] MasterComponent: start normalizing model nwt
I0508 12:29:31.250245    59 master_component.cc:1034] MasterComponent: complete normalizing model nwt
I0508 12:29:31.250284    59 master_component.cc:1473] DisposeModel rwt
I0508 12:29:31.255220    59 master_component.cc:1059] FitOffline: ItemsProcessed, num_items=476, num_batches=5, token_weight=160411, token_weight_in_effect=160411
I0508 12:29:31.255475    59 c_interface.cc:389] Pass FitOfflineMasterModelArgs, batch_filename_size=5, batch_weight_size=5, num_collection_passes=1, reset_nwt=yes to MN4artm4core15MasterComponentEFvRKNS_25FitOfflineMasterModelArgsEE
I0508 12:29:31.255501    59 master_component.cc:1398] ProcessBatchesArgs: nwt_target_name=nwt, batch_filename_size=5, batch_size=0, batch_weight_size=5, pwt_source_name=pwt, num_document_passes=10, regularizer=(name:SparseTheta, tau:-0.15), reuse_theta=no, opt_for_avx=yes, predict_class_id=, reset_nwt=yes
I0508 12:29:31.262962   574 processor.cc:747] Processing queue has data, processing started
I0508 12:29:31.263211   575 processor.cc:747] Processing queue has data, processing started
I0508 12:29:31.267763   574 processor.cc:820] Processor: start processing batch 85d6875e-6ee0-4717-a713-f1346c0c1bbc into model nwt
I0508 12:29:31.269816   575 processor.cc:820] Processor: start processing batch 4a9a8c53-a69a-41ba-965a-2007fab7bf12 into model nwt
I0508 12:29:31.346386   575 processor.cc:925] Processor: complete processing batch 4a9a8c53-a69a-41ba-965a-2007fab7bf12 into model nwt
I0508 12:29:31.348666   575 cuckoo_watch.h:45] 85ms in ProcessBatch(batches/aaaaab.batch) [including 6ms in LoadMessage; 0ms in InitializeSparseNdw; 0ms in InitializeTheta; 0ms in CreateRegularizerAgents; 35ms in InferThetaAndUpdateNwtSparse; 0ms in UpdateCacheEntry; 19ms in CalculateScore(PerplexityScore); 21ms in CalculateScore(^^^ItemsProcessedScore^^^); ]
I0508 12:29:31.352023   574 processor.cc:925] Processor: complete processing batch 85d6875e-6ee0-4717-a713-f1346c0c1bbc into model nwt
I0508 12:29:31.353492   575 processor.cc:820] Processor: start processing batch 794b7f07-c530-4b97-ad11-dc6a8619bfd0 into model nwt
I0508 12:29:31.354137   574 cuckoo_watch.h:45] 91ms in ProcessBatch(batches/aaaaaa.batch) [including 4ms in LoadMessage; 0ms in InitializeSparseNdw; 0ms in InitializeTheta; 0ms in CreateRegularizerAgents; 36ms in InferThetaAndUpdateNwtSparse; 0ms in UpdateCacheEntry; 19ms in CalculateScore(PerplexityScore); 27ms in CalculateScore(^^^ItemsProcessedScore^^^); ]
I0508 12:29:31.358038   574 processor.cc:820] Processor: start processing batch cde46639-e6ec-449c-ae0c-4a4744af74d1 into model nwt
I0508 12:29:31.428658   575 processor.cc:925] Processor: complete processing batch 794b7f07-c530-4b97-ad11-dc6a8619bfd0 into model nwt
I0508 12:29:31.429594   574 processor.cc:925] Processor: complete processing batch cde46639-e6ec-449c-ae0c-4a4744af74d1 into model nwt
I0508 12:29:31.430685   575 cuckoo_watch.h:45] 81ms in ProcessBatch(batches/aaaaac.batch) [including 4ms in LoadMessage; 0ms in InitializeSparseNdw; 0ms in InitializeTheta; 0ms in CreateRegularizerAgents; 37ms in InferThetaAndUpdateNwtSparse; 0ms in UpdateCacheEntry; 19ms in CalculateScore(PerplexityScore); 17ms in CalculateScore(^^^ItemsProcessedScore^^^); ]
I0508 12:29:31.431381   574 cuckoo_watch.h:45] 77ms in ProcessBatch(batches/aaaaad.batch) [including 3ms in LoadMessage; 0ms in InitializeSparseNdw; 0ms in InitializeTheta; 0ms in CreateRegularizerAgents; 34ms in InferThetaAndUpdateNwtSparse; 0ms in UpdateCacheEntry; 18ms in CalculateScore(PerplexityScore); 17ms in CalculateScore(^^^ItemsProcessedScore^^^); ]
I0508 12:29:31.434103   575 processor.cc:820] Processor: start processing batch 86dbf7db-8091-4acb-ae24-81149e4211aa into model nwt
I0508 12:29:31.451815   574 processor.cc:740] No data in processing queue, waiting...
I0508 12:29:31.483419   575 processor.cc:925] Processor: complete processing batch 86dbf7db-8091-4acb-ae24-81149e4211aa into model nwt
I0508 12:29:31.484448   575 cuckoo_watch.h:45] 53ms in ProcessBatch(batches/aaaaae.batch) [including 3ms in LoadMessage; 0ms in InitializeSparseNdw; 0ms in InitializeTheta; 0ms in CreateRegularizerAgents; 24ms in InferThetaAndUpdateNwtSparse; 0ms in UpdateCacheEntry; 12ms in CalculateScore(PerplexityScore); 11ms in CalculateScore(^^^ItemsProcessedScore^^^); ]
I0508 12:29:31.484970    59 master_component.cc:1436] RegularizeModelArgs: rwt_target_name=rwt, pwt_source_name=pwt, nwt_source_name=nwt
I0508 12:29:31.484982    59 master_component.cc:976] MasterComponent: start regularizing model pwt
I0508 12:29:31.506654   575 processor.cc:740] No data in processing queue, waiting...
I0508 12:29:31.524118    59 master_component.cc:1002] MasterComponent: complete regularizing model pwt
I0508 12:29:31.524150    59 master_component.cc:1449] NormalizeModelArgs: pwt_target_name=pwt, nwt_source_name=nwt, rwt_source_name=rwt
I0508 12:29:31.524152    59 master_component.cc:1006] MasterComponent: start normalizing model nwt
I0508 12:29:31.566468    59 master_component.cc:1034] MasterComponent: complete normalizing model nwt
I0508 12:29:31.566509    59 master_component.cc:1473] DisposeModel rwt
I0508 12:29:31.571755    59 master_component.cc:1059] FitOffline: ItemsProcessed, num_items=476, num_batches=5, token_weight=160411, token_weight_in_effect=160411
I0508 12:29:31.571995    59 c_interface.cc:389] Pass FitOfflineMasterModelArgs, batch_filename_size=5, batch_weight_size=5, num_collection_passes=1, reset_nwt=yes to MN4artm4core15MasterComponentEFvRKNS_25FitOfflineMasterModelArgsEE
I0508 12:29:31.572016    59 master_component.cc:1398] ProcessBatchesArgs: nwt_target_name=nwt, batch_filename_size=5, batch_size=0, batch_weight_size=5, pwt_source_name=pwt, num_document_passes=10, regularizer=(name:SparseTheta, tau:-0.15), reuse_theta=no, opt_for_avx=yes, predict_class_id=, reset_nwt=yes
I0508 12:29:31.579937   574 processor.cc:747] Processing queue has data, processing started
I0508 12:29:31.580299   575 processor.cc:747] Processing queue has data, processing started
I0508 12:29:31.584420   574 processor.cc:820] Processor: start processing batch 85d6875e-6ee0-4717-a713-f1346c0c1bbc into model nwt
I0508 12:29:31.595767   575 processor.cc:820] Processor: start processing batch 4a9a8c53-a69a-41ba-965a-2007fab7bf12 into model nwt
I0508 12:29:31.658746   574 processor.cc:925] Processor: complete processing batch 85d6875e-6ee0-4717-a713-f1346c0c1bbc into model nwt
I0508 12:29:31.660804   574 cuckoo_watch.h:45] 80ms in ProcessBatch(batches/aaaaaa.batch) [including 4ms in LoadMessage; 0ms in InitializeSparseNdw; 0ms in InitializeTheta; 0ms in CreateRegularizerAgents; 35ms in InferThetaAndUpdateNwtSparse; 0ms in UpdateCacheEntry; 19ms in CalculateScore(PerplexityScore); 18ms in CalculateScore(^^^ItemsProcessedScore^^^); ]
I0508 12:29:31.665712   574 processor.cc:820] Processor: start processing batch 794b7f07-c530-4b97-ad11-dc6a8619bfd0 into model nwt
I0508 12:29:31.672547   575 processor.cc:925] Processor: complete processing batch 4a9a8c53-a69a-41ba-965a-2007fab7bf12 into model nwt
I0508 12:29:31.674573   575 cuckoo_watch.h:45] 94ms in ProcessBatch(batches/aaaaab.batch) [including 15ms in LoadMessage; 0ms in InitializeSparseNdw; 0ms in InitializeTheta; 0ms in CreateRegularizerAgents; 37ms in InferThetaAndUpdateNwtSparse; 0ms in UpdateCacheEntry; 19ms in CalculateScore(PerplexityScore); 19ms in CalculateScore(^^^ItemsProcessedScore^^^); ]
I0508 12:29:31.678643   575 processor.cc:820] Processor: start processing batch cde46639-e6ec-449c-ae0c-4a4744af74d1 into model nwt
I0508 12:29:31.744287   574 processor.cc:925] Processor: complete processing batch 794b7f07-c530-4b97-ad11-dc6a8619bfd0 into model nwt
I0508 12:29:31.746618   574 cuckoo_watch.h:45] 85ms in ProcessBatch(batches/aaaaac.batch) [including 4ms in LoadMessage; 0ms in InitializeSparseNdw; 0ms in InitializeTheta; 0ms in CreateRegularizerAgents; 38ms in InferThetaAndUpdateNwtSparse; 0ms in UpdateCacheEntry; 19ms in CalculateScore(PerplexityScore); 19ms in CalculateScore(^^^ItemsProcessedScore^^^); ]
I0508 12:29:31.751268   574 processor.cc:820] Processor: start processing batch 86dbf7db-8091-4acb-ae24-81149e4211aa into model nwt
I0508 12:29:31.756625   575 processor.cc:925] Processor: complete processing batch cde46639-e6ec-449c-ae0c-4a4744af74d1 into model nwt
I0508 12:29:31.758109   575 cuckoo_watch.h:45] 83ms in ProcessBatch(batches/aaaaad.batch) [including 4ms in LoadMessage; 0ms in InitializeSparseNdw; 0ms in InitializeTheta; 0ms in CreateRegularizerAgents; 37ms in InferThetaAndUpdateNwtSparse; 0ms in UpdateCacheEntry; 19ms in CalculateScore(PerplexityScore); 20ms in CalculateScore(^^^ItemsProcessedScore^^^); ]
I0508 12:29:31.778563   575 processor.cc:740] No data in processing queue, waiting...
I0508 12:29:31.804627   574 processor.cc:925] Processor: complete processing batch 86dbf7db-8091-4acb-ae24-81149e4211aa into model nwt
I0508 12:29:31.805652   574 cuckoo_watch.h:45] 59ms in ProcessBatch(batches/aaaaae.batch) [including 4ms in LoadMessage; 0ms in InitializeSparseNdw; 0ms in InitializeTheta; 0ms in CreateRegularizerAgents; 27ms in InferThetaAndUpdateNwtSparse; 0ms in UpdateCacheEntry; 13ms in CalculateScore(PerplexityScore); 11ms in CalculateScore(^^^ItemsProcessedScore^^^); ]
I0508 12:29:31.806486    59 master_component.cc:1436] RegularizeModelArgs: rwt_target_name=rwt, pwt_source_name=pwt, nwt_source_name=nwt
I0508 12:29:31.806494    59 master_component.cc:976] MasterComponent: start regularizing model pwt
I0508 12:29:31.827513   574 processor.cc:740] No data in processing queue, waiting...
I0508 12:29:31.846334    59 master_component.cc:1002] MasterComponent: complete regularizing model pwt
I0508 12:29:31.846369    59 master_component.cc:1449] NormalizeModelArgs: pwt_target_name=pwt, nwt_source_name=nwt, rwt_source_name=rwt
I0508 12:29:31.846371    59 master_component.cc:1006] MasterComponent: start normalizing model nwt
I0508 12:29:31.889394    59 master_component.cc:1034] MasterComponent: complete normalizing model nwt
I0508 12:29:31.889434    59 master_component.cc:1473] DisposeModel rwt
I0508 12:29:31.895619    59 master_component.cc:1059] FitOffline: ItemsProcessed, num_items=476, num_batches=5, token_weight=160411, token_weight_in_effect=160411
I0508 12:29:31.895961    59 c_interface.cc:389] Pass FitOfflineMasterModelArgs, batch_filename_size=5, batch_weight_size=5, num_collection_passes=1, reset_nwt=yes to MN4artm4core15MasterComponentEFvRKNS_25FitOfflineMasterModelArgsEE
I0508 12:29:31.896014    59 master_component.cc:1398] ProcessBatchesArgs: nwt_target_name=nwt, batch_filename_size=5, batch_size=0, batch_weight_size=5, pwt_source_name=pwt, num_document_passes=10, regularizer=(name:SparseTheta, tau:-0.15), reuse_theta=no, opt_for_avx=yes, predict_class_id=, reset_nwt=yes
I0508 12:29:31.907438   575 processor.cc:747] Processing queue has data, processing started
I0508 12:29:31.907850   574 processor.cc:747] Processing queue has data, processing started
I0508 12:29:31.913646   574 processor.cc:820] Processor: start processing batch 4a9a8c53-a69a-41ba-965a-2007fab7bf12 into model nwt
I0508 12:29:31.914033   575 processor.cc:820] Processor: start processing batch 85d6875e-6ee0-4717-a713-f1346c0c1bbc into model nwt
I0508 12:29:31.997416   574 processor.cc:925] Processor: complete processing batch 4a9a8c53-a69a-41ba-965a-2007fab7bf12 into model nwt
I0508 12:29:32.000077   574 cuckoo_watch.h:45] 92ms in ProcessBatch(batches/aaaaab.batch) [including 5ms in LoadMessage; 0ms in InitializeSparseNdw; 0ms in InitializeTheta; 0ms in CreateRegularizerAgents; 42ms in InferThetaAndUpdateNwtSparse; 0ms in UpdateCacheEntry; 19ms in CalculateScore(PerplexityScore); 20ms in CalculateScore(^^^ItemsProcessedScore^^^); ]
I0508 12:29:32.005038   574 processor.cc:820] Processor: start processing batch 794b7f07-c530-4b97-ad11-dc6a8619bfd0 into model nwt
I0508 12:29:32.007500   575 processor.cc:925] Processor: complete processing batch 85d6875e-6ee0-4717-a713-f1346c0c1bbc into model nwt
I0508 12:29:32.010270   575 cuckoo_watch.h:45] 102ms in ProcessBatch(batches/aaaaaa.batch) [including 6ms in LoadMessage; 0ms in InitializeSparseNdw; 0ms in InitializeTheta; 0ms in CreateRegularizerAgents; 49ms in InferThetaAndUpdateNwtSparse; 0ms in UpdateCacheEntry; 19ms in CalculateScore(PerplexityScore); 23ms in CalculateScore(^^^ItemsProcessedScore^^^); ]
I0508 12:29:32.015252   575 processor.cc:820] Processor: start processing batch cde46639-e6ec-449c-ae0c-4a4744af74d1 into model nwt
I0508 12:29:32.085076   574 processor.cc:925] Processor: complete processing batch 794b7f07-c530-4b97-ad11-dc6a8619bfd0 into model nwt
I0508 12:29:32.087298   574 cuckoo_watch.h:45] 87ms in ProcessBatch(batches/aaaaac.batch) [including 4ms in LoadMessage; 0ms in InitializeSparseNdw; 0ms in InitializeTheta; 0ms in CreateRegularizerAgents; 39ms in InferThetaAndUpdateNwtSparse; 0ms in UpdateCacheEntry; 20ms in CalculateScore(PerplexityScore); 19ms in CalculateScore(^^^ItemsProcessedScore^^^); ]
I0508 12:29:32.091779   575 processor.cc:925] Processor: complete processing batch cde46639-e6ec-449c-ae0c-4a4744af74d1 into model nwt
I0508 12:29:32.091836   574 processor.cc:820] Processor: start processing batch 86dbf7db-8091-4acb-ae24-81149e4211aa into model nwt
I0508 12:29:32.093684   575 cuckoo_watch.h:45] 83ms in ProcessBatch(batches/aaaaad.batch) [including 4ms in LoadMessage; 0ms in InitializeSparseNdw; 0ms in InitializeTheta; 0ms in CreateRegularizerAgents; 38ms in InferThetaAndUpdateNwtSparse; 0ms in UpdateCacheEntry; 18ms in CalculateScore(PerplexityScore); 18ms in CalculateScore(^^^ItemsProcessedScore^^^); ]
I0508 12:29:32.114315   575 processor.cc:740] No data in processing queue, waiting...
I0508 12:29:32.144327   574 processor.cc:925] Processor: complete processing batch 86dbf7db-8091-4acb-ae24-81149e4211aa into model nwt
I0508 12:29:32.145539   574 cuckoo_watch.h:45] 58ms in ProcessBatch(batches/aaaaae.batch) [including 4ms in LoadMessage; 0ms in InitializeSparseNdw; 0ms in InitializeTheta; 0ms in CreateRegularizerAgents; 25ms in InferThetaAndUpdateNwtSparse; 0ms in UpdateCacheEntry; 13ms in CalculateScore(PerplexityScore); 12ms in CalculateScore(^^^ItemsProcessedScore^^^); ]
I0508 12:29:32.146174    59 master_component.cc:1436] RegularizeModelArgs: rwt_target_name=rwt, pwt_source_name=pwt, nwt_source_name=nwt
I0508 12:29:32.146186    59 master_component.cc:976] MasterComponent: start regularizing model pwt
I0508 12:29:32.166370   574 processor.cc:740] No data in processing queue, waiting...
I0508 12:29:32.188891    59 master_component.cc:1002] MasterComponent: complete regularizing model pwt
I0508 12:29:32.188921    59 master_component.cc:1449] NormalizeModelArgs: pwt_target_name=pwt, nwt_source_name=nwt, rwt_source_name=rwt
I0508 12:29:32.188925    59 master_component.cc:1006] MasterComponent: start normalizing model nwt
I0508 12:29:32.232676    59 master_component.cc:1034] MasterComponent: complete normalizing model nwt
I0508 12:29:32.232715    59 master_component.cc:1473] DisposeModel rwt
I0508 12:29:32.238229    59 master_component.cc:1059] FitOffline: ItemsProcessed, num_items=476, num_batches=5, token_weight=160411, token_weight_in_effect=160411
I0508 12:29:32.238481    59 c_interface.cc:389] Pass FitOfflineMasterModelArgs, batch_filename_size=5, batch_weight_size=5, num_collection_passes=1, reset_nwt=yes to MN4artm4core15MasterComponentEFvRKNS_25FitOfflineMasterModelArgsEE
I0508 12:29:32.238505    59 master_component.cc:1398] ProcessBatchesArgs: nwt_target_name=nwt, batch_filename_size=5, batch_size=0, batch_weight_size=5, pwt_source_name=pwt, num_document_passes=10, regularizer=(name:SparseTheta, tau:-0.15), reuse_theta=no, opt_for_avx=yes, predict_class_id=, reset_nwt=yes
I0508 12:29:32.245908   575 processor.cc:747] Processing queue has data, processing started
I0508 12:29:32.246140   574 processor.cc:747] Processing queue has data, processing started
I0508 12:29:32.254482   575 processor.cc:820] Processor: start processing batch 85d6875e-6ee0-4717-a713-f1346c0c1bbc into model nwt
I0508 12:29:32.254424   574 processor.cc:820] Processor: start processing batch 4a9a8c53-a69a-41ba-965a-2007fab7bf12 into model nwt
I0508 12:29:32.334980   574 processor.cc:925] Processor: complete processing batch 4a9a8c53-a69a-41ba-965a-2007fab7bf12 into model nwt
I0508 12:29:32.335199   575 processor.cc:925] Processor: complete processing batch 85d6875e-6ee0-4717-a713-f1346c0c1bbc into model nwt
I0508 12:29:32.337361   574 cuckoo_watch.h:45] 91ms in ProcessBatch(batches/aaaaab.batch) [including 8ms in LoadMessage; 0ms in InitializeSparseNdw; 0ms in InitializeTheta; 0ms in CreateRegularizerAgents; 40ms in InferThetaAndUpdateNwtSparse; 0ms in UpdateCacheEntry; 20ms in CalculateScore(PerplexityScore); 18ms in CalculateScore(^^^ItemsProcessedScore^^^); ]
I0508 12:29:32.337551   575 cuckoo_watch.h:45] 91ms in ProcessBatch(batches/aaaaaa.batch) [including 8ms in LoadMessage; 2ms in InitializeSparseNdw; 0ms in InitializeTheta; 0ms in CreateRegularizerAgents; 40ms in InferThetaAndUpdateNwtSparse; 0ms in UpdateCacheEntry; 19ms in CalculateScore(PerplexityScore); 18ms in CalculateScore(^^^ItemsProcessedScore^^^); ]
I0508 12:29:32.343205   575 processor.cc:820] Processor: start processing batch cde46639-e6ec-449c-ae0c-4a4744af74d1 into model nwt
I0508 12:29:32.343449   574 processor.cc:820] Processor: start processing batch 794b7f07-c530-4b97-ad11-dc6a8619bfd0 into model nwt
I0508 12:29:32.418553   575 processor.cc:925] Processor: complete processing batch cde46639-e6ec-449c-ae0c-4a4744af74d1 into model nwt
I0508 12:29:32.419613   574 processor.cc:925] Processor: complete processing batch 794b7f07-c530-4b97-ad11-dc6a8619bfd0 into model nwt
I0508 12:29:32.420384   575 cuckoo_watch.h:45] 82ms in ProcessBatch(batches/aaaaad.batch) [including 5ms in LoadMessage; 0ms in InitializeSparseNdw; 0ms in InitializeTheta; 0ms in CreateRegularizerAgents; 36ms in InferThetaAndUpdateNwtSparse; 0ms in UpdateCacheEntry; 19ms in CalculateScore(PerplexityScore); 18ms in CalculateScore(^^^ItemsProcessedScore^^^); ]
I0508 12:29:32.421888   574 cuckoo_watch.h:45] 84ms in ProcessBatch(batches/aaaaac.batch) [including 6ms in LoadMessage; 0ms in InitializeSparseNdw; 0ms in InitializeTheta; 0ms in CreateRegularizerAgents; 36ms in InferThetaAndUpdateNwtSparse; 0ms in UpdateCacheEntry; 19ms in CalculateScore(PerplexityScore); 18ms in CalculateScore(^^^ItemsProcessedScore^^^); ]
I0508 12:29:32.424187   575 processor.cc:820] Processor: start processing batch 86dbf7db-8091-4acb-ae24-81149e4211aa into model nwt
I0508 12:29:32.442526   574 processor.cc:740] No data in processing queue, waiting...
I0508 12:29:32.475417   575 processor.cc:925] Processor: complete processing batch 86dbf7db-8091-4acb-ae24-81149e4211aa into model nwt
I0508 12:29:32.476591   575 cuckoo_watch.h:45] 56ms in ProcessBatch(batches/aaaaae.batch) [including 3ms in LoadMessage; 0ms in InitializeSparseNdw; 0ms in InitializeTheta; 0ms in CreateRegularizerAgents; 25ms in InferThetaAndUpdateNwtSparse; 0ms in UpdateCacheEntry; 13ms in CalculateScore(PerplexityScore); 12ms in CalculateScore(^^^ItemsProcessedScore^^^); ]
I0508 12:29:32.477506    59 master_component.cc:1436] RegularizeModelArgs: rwt_target_name=rwt, pwt_source_name=pwt, nwt_source_name=nwt
I0508 12:29:32.477519    59 master_component.cc:976] MasterComponent: start regularizing model pwt
I0508 12:29:32.497475   575 processor.cc:740] No data in processing queue, waiting...
I0508 12:29:32.519878    59 master_component.cc:1002] MasterComponent: complete regularizing model pwt
I0508 12:29:32.519912    59 master_component.cc:1449] NormalizeModelArgs: pwt_target_name=pwt, nwt_source_name=nwt, rwt_source_name=rwt
I0508 12:29:32.519914    59 master_component.cc:1006] MasterComponent: start normalizing model nwt
I0508 12:29:32.564299    59 master_component.cc:1034] MasterComponent: complete normalizing model nwt
I0508 12:29:32.564338    59 master_component.cc:1473] DisposeModel rwt
I0508 12:29:32.569419    59 master_component.cc:1059] FitOffline: ItemsProcessed, num_items=476, num_batches=5, token_weight=160411, token_weight_in_effect=160411
I0508 12:29:32.569653    59 c_interface.cc:389] Pass FitOfflineMasterModelArgs, batch_filename_size=5, batch_weight_size=5, num_collection_passes=1, reset_nwt=yes to MN4artm4core15MasterComponentEFvRKNS_25FitOfflineMasterModelArgsEE
I0508 12:29:32.569671    59 master_component.cc:1398] ProcessBatchesArgs: nwt_target_name=nwt, batch_filename_size=5, batch_size=0, batch_weight_size=5, pwt_source_name=pwt, num_document_passes=10, regularizer=(name:SparseTheta, tau:-0.15), reuse_theta=no, opt_for_avx=yes, predict_class_id=, reset_nwt=yes
I0508 12:29:32.577456   574 processor.cc:747] Processing queue has data, processing started
I0508 12:29:32.577739   575 processor.cc:747] Processing queue has data, processing started
I0508 12:29:32.585937   575 processor.cc:820] Processor: start processing batch 4a9a8c53-a69a-41ba-965a-2007fab7bf12 into model nwt
I0508 12:29:32.590528   574 processor.cc:820] Processor: start processing batch 85d6875e-6ee0-4717-a713-f1346c0c1bbc into model nwt
I0508 12:29:32.664674   575 processor.cc:925] Processor: complete processing batch 4a9a8c53-a69a-41ba-965a-2007fab7bf12 into model nwt
I0508 12:29:32.665273   574 processor.cc:925] Processor: complete processing batch 85d6875e-6ee0-4717-a713-f1346c0c1bbc into model nwt
I0508 12:29:32.667187   574 cuckoo_watch.h:45] 89ms in ProcessBatch(batches/aaaaaa.batch) [including 13ms in LoadMessage; 0ms in InitializeSparseNdw; 0ms in InitializeTheta; 0ms in CreateRegularizerAgents; 36ms in InferThetaAndUpdateNwtSparse; 0ms in UpdateCacheEntry; 19ms in CalculateScore(PerplexityScore); 18ms in CalculateScore(^^^ItemsProcessedScore^^^); ]
I0508 12:29:32.667266   575 cuckoo_watch.h:45] 89ms in ProcessBatch(batches/aaaaab.batch) [including 8ms in LoadMessage; 0ms in InitializeSparseNdw; 0ms in InitializeTheta; 0ms in CreateRegularizerAgents; 38ms in InferThetaAndUpdateNwtSparse; 0ms in UpdateCacheEntry; 20ms in CalculateScore(PerplexityScore); 19ms in CalculateScore(^^^ItemsProcessedScore^^^); ]
I0508 12:29:32.673090   574 processor.cc:820] Processor: start processing batch 794b7f07-c530-4b97-ad11-dc6a8619bfd0 into model nwt
I0508 12:29:32.673882   575 processor.cc:820] Processor: start processing batch cde46639-e6ec-449c-ae0c-4a4744af74d1 into model nwt
I0508 12:29:32.750205   575 processor.cc:925] Processor: complete processing batch cde46639-e6ec-449c-ae0c-4a4744af74d1 into model nwt
I0508 12:29:32.752123   574 processor.cc:925] Processor: complete processing batch 794b7f07-c530-4b97-ad11-dc6a8619bfd0 into model nwt
I0508 12:29:32.752261   575 cuckoo_watch.h:45] 84ms in ProcessBatch(batches/aaaaad.batch) [including 6ms in LoadMessage; 0ms in InitializeSparseNdw; 0ms in InitializeTheta; 0ms in CreateRegularizerAgents; 36ms in InferThetaAndUpdateNwtSparse; 0ms in UpdateCacheEntry; 19ms in CalculateScore(PerplexityScore); 19ms in CalculateScore(^^^ItemsProcessedScore^^^); ]
I0508 12:29:32.754216   574 cuckoo_watch.h:45] 86ms in ProcessBatch(batches/aaaaac.batch) [including 5ms in LoadMessage; 0ms in InitializeSparseNdw; 0ms in InitializeTheta; 0ms in CreateRegularizerAgents; 37ms in InferThetaAndUpdateNwtSparse; 0ms in UpdateCacheEntry; 20ms in CalculateScore(PerplexityScore); 20ms in CalculateScore(^^^ItemsProcessedScore^^^); ]
I0508 12:29:32.756422   575 processor.cc:820] Processor: start processing batch 86dbf7db-8091-4acb-ae24-81149e4211aa into model nwt
I0508 12:29:32.774647   574 processor.cc:740] No data in processing queue, waiting...
I0508 12:29:32.811704   575 processor.cc:925] Processor: complete processing batch 86dbf7db-8091-4acb-ae24-81149e4211aa into model nwt
I0508 12:29:32.812947   575 cuckoo_watch.h:45] 60ms in ProcessBatch(batches/aaaaae.batch) [including 4ms in LoadMessage; 0ms in InitializeSparseNdw; 0ms in InitializeTheta; 0ms in CreateRegularizerAgents; 28ms in InferThetaAndUpdateNwtSparse; 0ms in UpdateCacheEntry; 13ms in CalculateScore(PerplexityScore); 13ms in CalculateScore(^^^ItemsProcessedScore^^^); ]
I0508 12:29:32.813786    59 master_component.cc:1436] RegularizeModelArgs: rwt_target_name=rwt, pwt_source_name=pwt, nwt_source_name=nwt
I0508 12:29:32.813822    59 master_component.cc:976] MasterComponent: start regularizing model pwt
I0508 12:29:32.833798   575 processor.cc:740] No data in processing queue, waiting...
I0508 12:29:32.858551    59 master_component.cc:1002] MasterComponent: complete regularizing model pwt
I0508 12:29:32.858583    59 master_component.cc:1449] NormalizeModelArgs: pwt_target_name=pwt, nwt_source_name=nwt, rwt_source_name=rwt
I0508 12:29:32.858587    59 master_component.cc:1006] MasterComponent: start normalizing model nwt
I0508 12:29:32.906610    59 master_component.cc:1034] MasterComponent: complete normalizing model nwt
I0508 12:29:32.906649    59 master_component.cc:1473] DisposeModel rwt
I0508 12:29:32.912328    59 master_component.cc:1059] FitOffline: ItemsProcessed, num_items=476, num_batches=5, token_weight=160411, token_weight_in_effect=160411
I0508 12:29:32.912580    59 c_interface.cc:389] Pass FitOfflineMasterModelArgs, batch_filename_size=5, batch_weight_size=5, num_collection_passes=1, reset_nwt=yes to MN4artm4core15MasterComponentEFvRKNS_25FitOfflineMasterModelArgsEE
I0508 12:29:32.912604    59 master_component.cc:1398] ProcessBatchesArgs: nwt_target_name=nwt, batch_filename_size=5, batch_size=0, batch_weight_size=5, pwt_source_name=pwt, num_document_passes=10, regularizer=(name:SparseTheta, tau:-0.15), reuse_theta=no, opt_for_avx=yes, predict_class_id=, reset_nwt=yes
I0508 12:29:32.920089   575 processor.cc:747] Processing queue has data, processing started
I0508 12:29:32.921840   574 processor.cc:747] Processing queue has data, processing started
I0508 12:29:32.925989   575 processor.cc:820] Processor: start processing batch 85d6875e-6ee0-4717-a713-f1346c0c1bbc into model nwt
I0508 12:29:32.928509   574 processor.cc:820] Processor: start processing batch 4a9a8c53-a69a-41ba-965a-2007fab7bf12 into model nwt
I0508 12:29:33.015272   574 processor.cc:925] Processor: complete processing batch 4a9a8c53-a69a-41ba-965a-2007fab7bf12 into model nwt
I0508 12:29:33.016548   575 processor.cc:925] Processor: complete processing batch 85d6875e-6ee0-4717-a713-f1346c0c1bbc into model nwt
I0508 12:29:33.017364   574 cuckoo_watch.h:45] 95ms in ProcessBatch(batches/aaaaab.batch) [including 6ms in LoadMessage; 0ms in InitializeSparseNdw; 0ms in InitializeTheta; 0ms in CreateRegularizerAgents; 43ms in InferThetaAndUpdateNwtSparse; 0ms in UpdateCacheEntry; 20ms in CalculateScore(PerplexityScore); 21ms in CalculateScore(^^^ItemsProcessedScore^^^); ]
I0508 12:29:33.018685   575 cuckoo_watch.h:45] 98ms in ProcessBatch(batches/aaaaaa.batch) [including 5ms in LoadMessage; 0ms in InitializeSparseNdw; 0ms in InitializeTheta; 0ms in CreateRegularizerAgents; 50ms in InferThetaAndUpdateNwtSparse; 0ms in UpdateCacheEntry; 19ms in CalculateScore(PerplexityScore); 19ms in CalculateScore(^^^ItemsProcessedScore^^^); ]
I0508 12:29:33.023620   575 processor.cc:820] Processor: start processing batch cde46639-e6ec-449c-ae0c-4a4744af74d1 into model nwt
I0508 12:29:33.024130   574 processor.cc:820] Processor: start processing batch 794b7f07-c530-4b97-ad11-dc6a8619bfd0 into model nwt
I0508 12:29:33.103287   575 processor.cc:925] Processor: complete processing batch cde46639-e6ec-449c-ae0c-4a4744af74d1 into model nwt
I0508 12:29:33.104838   574 processor.cc:925] Processor: complete processing batch 794b7f07-c530-4b97-ad11-dc6a8619bfd0 into model nwt
I0508 12:29:33.105374   575 cuckoo_watch.h:45] 86ms in ProcessBatch(batches/aaaaad.batch) [including 4ms in LoadMessage; 0ms in InitializeSparseNdw; 0ms in InitializeTheta; 0ms in CreateRegularizerAgents; 38ms in InferThetaAndUpdateNwtSparse; 0ms in UpdateCacheEntry; 20ms in CalculateScore(PerplexityScore); 20ms in CalculateScore(^^^ItemsProcessedScore^^^); ]
I0508 12:29:33.107309   574 cuckoo_watch.h:45] 89ms in ProcessBatch(batches/aaaaac.batch) [including 6ms in LoadMessage; 0ms in InitializeSparseNdw; 0ms in InitializeTheta; 0ms in CreateRegularizerAgents; 38ms in InferThetaAndUpdateNwtSparse; 0ms in UpdateCacheEntry; 20ms in CalculateScore(PerplexityScore); 20ms in CalculateScore(^^^ItemsProcessedScore^^^); ]
I0508 12:29:33.109675   575 processor.cc:820] Processor: start processing batch 86dbf7db-8091-4acb-ae24-81149e4211aa into model nwt
I0508 12:29:33.128023   574 processor.cc:740] No data in processing queue, waiting...
I0508 12:29:33.165838   575 processor.cc:925] Processor: complete processing batch 86dbf7db-8091-4acb-ae24-81149e4211aa into model nwt
I0508 12:29:33.167085   575 cuckoo_watch.h:45] 61ms in ProcessBatch(batches/aaaaae.batch) [including 4ms in LoadMessage; 0ms in InitializeSparseNdw; 0ms in InitializeTheta; 0ms in CreateRegularizerAgents; 27ms in InferThetaAndUpdateNwtSparse; 0ms in UpdateCacheEntry; 14ms in CalculateScore(PerplexityScore); 13ms in CalculateScore(^^^ItemsProcessedScore^^^); ]
I0508 12:29:33.167207    59 master_component.cc:1436] RegularizeModelArgs: rwt_target_name=rwt, pwt_source_name=pwt, nwt_source_name=nwt
I0508 12:29:33.167212    59 master_component.cc:976] MasterComponent: start regularizing model pwt
I0508 12:29:33.188118   575 processor.cc:740] No data in processing queue, waiting...
I0508 12:29:33.210006    59 master_component.cc:1002] MasterComponent: complete regularizing model pwt
I0508 12:29:33.210192    59 master_component.cc:1449] NormalizeModelArgs: pwt_target_name=pwt, nwt_source_name=nwt, rwt_source_name=rwt
I0508 12:29:33.210196    59 master_component.cc:1006] MasterComponent: start normalizing model nwt
I0508 12:29:33.265636    59 master_component.cc:1034] MasterComponent: complete normalizing model nwt
I0508 12:29:33.265678    59 master_component.cc:1473] DisposeModel rwt
I0508 12:29:33.271230    59 master_component.cc:1059] FitOffline: ItemsProcessed, num_items=476, num_batches=5, token_weight=160411, token_weight_in_effect=160411
I0508 12:29:33.271461    59 c_interface.cc:389] Pass FitOfflineMasterModelArgs, batch_filename_size=5, batch_weight_size=5, num_collection_passes=1, reset_nwt=yes to MN4artm4core15MasterComponentEFvRKNS_25FitOfflineMasterModelArgsEE
I0508 12:29:33.271481    59 master_component.cc:1398] ProcessBatchesArgs: nwt_target_name=nwt, batch_filename_size=5, batch_size=0, batch_weight_size=5, pwt_source_name=pwt, num_document_passes=10, regularizer=(name:SparseTheta, tau:-0.15), reuse_theta=no, opt_for_avx=yes, predict_class_id=, reset_nwt=yes
I0508 12:29:33.279608   575 processor.cc:747] Processing queue has data, processing started
I0508 12:29:33.279920   574 processor.cc:747] Processing queue has data, processing started
I0508 12:29:33.287334   574 processor.cc:820] Processor: start processing batch 4a9a8c53-a69a-41ba-965a-2007fab7bf12 into model nwt
I0508 12:29:33.287878   575 processor.cc:820] Processor: start processing batch 85d6875e-6ee0-4717-a713-f1346c0c1bbc into model nwt
I0508 12:29:33.367558   575 processor.cc:925] Processor: complete processing batch 85d6875e-6ee0-4717-a713-f1346c0c1bbc into model nwt
I0508 12:29:33.368289   574 processor.cc:925] Processor: complete processing batch 4a9a8c53-a69a-41ba-965a-2007fab7bf12 into model nwt
I0508 12:29:33.370075   575 cuckoo_watch.h:45] 90ms in ProcessBatch(batches/aaaaaa.batch) [including 8ms in LoadMessage; 0ms in InitializeSparseNdw; 0ms in InitializeTheta; 0ms in CreateRegularizerAgents; 39ms in InferThetaAndUpdateNwtSparse; 0ms in UpdateCacheEntry; 20ms in CalculateScore(PerplexityScore); 18ms in CalculateScore(^^^ItemsProcessedScore^^^); ]
I0508 12:29:33.370182   574 cuckoo_watch.h:45] 90ms in ProcessBatch(batches/aaaaab.batch) [including 7ms in LoadMessage; 0ms in InitializeSparseNdw; 0ms in InitializeTheta; 0ms in CreateRegularizerAgents; 40ms in InferThetaAndUpdateNwtSparse; 0ms in UpdateCacheEntry; 20ms in CalculateScore(PerplexityScore); 19ms in CalculateScore(^^^ItemsProcessedScore^^^); ]
I0508 12:29:33.375313   575 processor.cc:820] Processor: start processing batch 794b7f07-c530-4b97-ad11-dc6a8619bfd0 into model nwt
I0508 12:29:33.376015   574 processor.cc:820] Processor: start processing batch cde46639-e6ec-449c-ae0c-4a4744af74d1 into model nwt
I0508 12:29:33.452594   574 processor.cc:925] Processor: complete processing batch cde46639-e6ec-449c-ae0c-4a4744af74d1 into model nwt
I0508 12:29:33.455036   574 cuckoo_watch.h:45] 84ms in ProcessBatch(batches/aaaaad.batch) [including 5ms in LoadMessage; 0ms in InitializeSparseNdw; 0ms in InitializeTheta; 0ms in CreateRegularizerAgents; 36ms in InferThetaAndUpdateNwtSparse; 0ms in UpdateCacheEntry; 19ms in CalculateScore(PerplexityScore); 19ms in CalculateScore(^^^ItemsProcessedScore^^^); ]
I0508 12:29:33.455103   575 processor.cc:925] Processor: complete processing batch 794b7f07-c530-4b97-ad11-dc6a8619bfd0 into model nwt
I0508 12:29:33.457726   575 cuckoo_watch.h:45] 87ms in ProcessBatch(batches/aaaaac.batch) [including 5ms in LoadMessage; 0ms in InitializeSparseNdw; 0ms in InitializeTheta; 0ms in CreateRegularizerAgents; 37ms in InferThetaAndUpdateNwtSparse; 0ms in UpdateCacheEntry; 20ms in CalculateScore(PerplexityScore); 21ms in CalculateScore(^^^ItemsProcessedScore^^^); ]
I0508 12:29:33.459172   574 processor.cc:820] Processor: start processing batch 86dbf7db-8091-4acb-ae24-81149e4211aa into model nwt
I0508 12:29:33.478246   575 processor.cc:740] No data in processing queue, waiting...
I0508 12:29:33.514364   574 processor.cc:925] Processor: complete processing batch 86dbf7db-8091-4acb-ae24-81149e4211aa into model nwt
I0508 12:29:33.515575   574 cuckoo_watch.h:45] 60ms in ProcessBatch(batches/aaaaae.batch) [including 4ms in LoadMessage; 0ms in InitializeSparseNdw; 0ms in InitializeTheta; 0ms in CreateRegularizerAgents; 26ms in InferThetaAndUpdateNwtSparse; 0ms in UpdateCacheEntry; 14ms in CalculateScore(PerplexityScore); 12ms in CalculateScore(^^^ItemsProcessedScore^^^); ]
